Component: ARM Compiler 5.06 update 7 (build 960) Tool: armlink [4d3601]

==============================================================================

Section Cross References

    main.o(i.ant_evt_handler) refers to bsp.o(i.bsp_indication_set) for bsp_indication_set
    main.o(i.ant_evt_handler) refers to app_error.o(i.app_error_handler_bare) for app_error_handler_bare
    main.o(i.main) refers to nrf_log_frontend.o(i.nrf_log_init) for nrf_log_init
    main.o(i.main) refers to app_error.o(i.app_error_handler_bare) for app_error_handler_bare
    main.o(i.main) refers to nrf_log_default_backends.o(i.nrf_log_default_backends_init) for nrf_log_default_backends_init
    main.o(i.main) refers to app_timer2.o(i.app_timer_init) for app_timer_init
    main.o(i.main) refers to bsp.o(i.bsp_init) for bsp_init
    main.o(i.main) refers to nrf_pwr_mgmt.o(i.nrf_pwr_mgmt_init) for nrf_pwr_mgmt_init
    main.o(i.main) refers to nrf_sdh.o(i.nrf_sdh_enable_request) for nrf_sdh_enable_request
    main.o(i.main) refers to nrf_sdh_ant.o(i.nrf_sdh_ant_enable) for nrf_sdh_ant_enable
    main.o(i.main) refers to ant_channel_config.o(i.ant_channel_init) for ant_channel_init
    main.o(i.main) refers to nrf_log_frontend.o(i.nrf_log_frontend_std_0) for nrf_log_frontend_std_0
    main.o(i.main) refers to nrf_log_frontend.o(i.nrf_log_frontend_dequeue) for nrf_log_frontend_dequeue
    main.o(i.main) refers to nrf_pwr_mgmt.o(i.nrf_pwr_mgmt_run) for nrf_pwr_mgmt_run
    main.o(i.main) refers to main.o(.constdata) for .constdata
    main.o(i.main) refers to nrf_log_frontend.o(log_const_data) for m_nrf_log_app_logs_data_const
    main.o(sdh_ant_observers1) refers to main.o(i.ant_evt_handler) for ant_evt_handler
    boards.o(i.bsp_board_button_idx_to_pin) refers to boards.o(.constdata) for .constdata
    boards.o(i.bsp_board_button_state_get) refers to boards.o(.constdata) for .constdata
    boards.o(i.bsp_board_init) refers to boards.o(i.nrf_gpio_cfg) for nrf_gpio_cfg
    boards.o(i.bsp_board_init) refers to boards.o(i.bsp_board_leds_off) for bsp_board_leds_off
    boards.o(i.bsp_board_init) refers to boards.o(.constdata) for .constdata
    boards.o(i.bsp_board_led_idx_to_pin) refers to boards.o(.constdata) for .constdata
    boards.o(i.bsp_board_led_invert) refers to boards.o(.constdata) for .constdata
    boards.o(i.bsp_board_led_off) refers to boards.o(i.nrf_gpio_pin_write) for nrf_gpio_pin_write
    boards.o(i.bsp_board_led_off) refers to boards.o(.constdata) for .constdata
    boards.o(i.bsp_board_led_on) refers to boards.o(i.nrf_gpio_pin_write) for nrf_gpio_pin_write
    boards.o(i.bsp_board_led_on) refers to boards.o(.constdata) for .constdata
    boards.o(i.bsp_board_led_state_get) refers to boards.o(.constdata) for .constdata
    boards.o(i.bsp_board_leds_off) refers to boards.o(i.bsp_board_led_off) for bsp_board_led_off
    boards.o(i.bsp_board_leds_on) refers to boards.o(i.bsp_board_led_on) for bsp_board_led_on
    boards.o(i.bsp_board_pin_to_button_idx) refers to boards.o(.constdata) for .constdata
    boards.o(i.bsp_board_pin_to_led_idx) refers to boards.o(.constdata) for .constdata
    bsp.o(i.alert_timer_handler) refers to boards.o(i.bsp_board_led_invert) for bsp_board_led_invert
    bsp.o(i.bsp_button_event_handler) refers to boards.o(i.bsp_board_pin_to_button_idx) for bsp_board_pin_to_button_idx
    bsp.o(i.bsp_button_event_handler) refers to app_timer2.o(i.app_timer_start) for app_timer_start
    bsp.o(i.bsp_button_event_handler) refers to app_timer2.o(i.app_timer_stop) for app_timer_stop
    bsp.o(i.bsp_button_event_handler) refers to bsp.o(.constdata) for .constdata
    bsp.o(i.bsp_button_event_handler) refers to bsp.o(.data) for .data
    bsp.o(i.bsp_button_event_handler) refers to bsp.o(.bss) for .bss
    bsp.o(i.bsp_button_is_pressed) refers to boards.o(i.bsp_board_button_state_get) for bsp_board_button_state_get
    bsp.o(i.bsp_buttons_disable) refers to app_button.o(i.app_button_disable) for app_button_disable
    bsp.o(i.bsp_buttons_enable) refers to app_button.o(i.app_button_enable) for app_button_enable
    bsp.o(i.bsp_event_to_button_action_assign) refers to bsp.o(.bss) for .bss
    bsp.o(i.bsp_indication_set) refers to bsp.o(i.bsp_led_indication) for bsp_led_indication
    bsp.o(i.bsp_indication_set) refers to bsp.o(.data) for .data
    bsp.o(i.bsp_init) refers to bsp.o(i.bsp_event_to_button_action_assign) for bsp_event_to_button_action_assign
    bsp.o(i.bsp_init) refers to app_button.o(i.app_button_init) for app_button_init
    bsp.o(i.bsp_init) refers to app_button.o(i.app_button_enable) for app_button_enable
    bsp.o(i.bsp_init) refers to app_timer2.o(i.app_timer_create) for app_timer_create
    bsp.o(i.bsp_init) refers to boards.o(i.bsp_board_init) for bsp_board_init
    bsp.o(i.bsp_init) refers to bsp.o(.data) for .data
    bsp.o(i.bsp_init) refers to bsp.o(.constdata) for .constdata
    bsp.o(i.bsp_init) refers to bsp.o(i.button_timer_handler) for button_timer_handler
[...]
    i.uarte_evt_handler                      0x00015e1c   Section        0  nrf_drv_uart.o(i.uarte_evt_handler)
    uarte_evt_handler                        0x00015e1d   Thumb Code    42  nrf_drv_uart.o(i.uarte_evt_handler)
    i.uarte_irq_handler                      0x00015e4c   Section        0  nrfx_uarte.o(i.uarte_irq_handler)
    uarte_irq_handler                        0x00015e4d   Thumb Code   274  nrfx_uarte.o(i.uarte_irq_handler)
    i.unsigned_print                         0x00015f60   Section        0  nrf_fprintf_format.o(i.unsigned_print)
    unsigned_print                           0x00015f61   Thumb Code   176  nrf_fprintf_format.o(i.unsigned_print)
    i.usr_event                              0x00016014   Section        0  app_button.o(i.usr_event)
    usr_event                                0x00016015   Thumb Code    32  app_button.o(i.usr_event)
    .constdata                               0x00016034   Section       12  main.o(.constdata)
    .constdata                               0x00016040   Section        8  boards.o(.constdata)
    m_board_led_list                         0x00016040   Data           4  boards.o(.constdata)
    m_board_btn_list                         0x00016044   Data           4  boards.o(.constdata)
    .constdata                               0x00016048   Section       44  bsp.o(.constdata)
    m_bsp_leds_tmr                           0x00016048   Data           4  bsp.o(.constdata)
    m_bsp_alert_tmr                          0x0001604c   Data           4  bsp.o(.constdata)
    m_bsp_button_tmr                         0x00016050   Data           4  bsp.o(.constdata)
    app_buttons                              0x00016054   Data          32  bsp.o(.constdata)
    .constdata                               0x00016074   Section        4  nrfx_gpiote.o(.constdata)
    .constdata                               0x00016078   Section        4  nrfx_uart.o(.constdata)
    irq_handlers                             0x00016078   Data           4  nrfx_uart.o(.constdata)
    .constdata                               0x0001607c   Section        4  nrfx_uarte.o(.constdata)
    irq_handlers                             0x0001607c   Data           4  nrfx_uarte.o(.constdata)
    .constdata                               0x00016080   Section        8  app_button.o(.constdata)
    m_detection_delay_timer_id               0x00016084   Data           4  app_button.o(.constdata)
    .constdata                               0x00016088   Section       20  app_timer2.o(.constdata)
    m_req_fifo                               0x00016088   Data           4  app_timer2.o(.constdata)
    m_app_timer_sortlist                     0x00016090   Data          12  app_timer2.o(.constdata)
    .constdata                               0x000160a0   Section        6  drv_rtc.o(.constdata)
    delay_machine_code                       0x000160a0   Data           6  drv_rtc.o(.constdata)
    .constdata                               0x000160a6   Section       16  nrf_fprintf_format.o(.constdata)
    _aV2C                                    0x000160a6   Data          16  nrf_fprintf_format.o(.constdata)
    .constdata                               0x000160b8   Section       24  nrf_pwr_mgmt.o(.constdata)
    pwr_mgmt_data_array                      0x000160b8   Data          24  nrf_pwr_mgmt.o(.constdata)
    .constdata                               0x000160d0   Section       12  nrf_pwr_mgmt.o(.constdata)
    pwr_mgmt_data                            0x000160d0   Data          12  nrf_pwr_mgmt.o(.constdata)
    .constdata                               0x000160dc   Section      316  nrf_strerror.o(.constdata)
    m_unknown_str                            0x000160dc   Data          19  nrf_strerror.o(.constdata)
    nrf_strerror_array                       0x000160f0   Data         296  nrf_strerror.o(.constdata)
    .constdata                               0x00016218   Section       12  nrf_log_backend_uart.o(.constdata)
    .constdata                               0x00016224   Section       32  nrf_log_backend_uart.o(.constdata)
    .constdata                               0x00016244   Section       12  nrf_log_frontend.o(.constdata)
    m_log_push_ringbuf                       0x00016244   Data          12  nrf_log_frontend.o(.constdata)
    .constdata                               0x00016250   Section       16  nrf_sdh.o(.constdata)
    sdh_req_observers_array                  0x00016250   Data          16  nrf_sdh.o(.constdata)
    .constdata                               0x00016260   Section       40  nrf_sdh.o(.constdata)
    sdh_req_observers                        0x00016264   Data          12  nrf_sdh.o(.constdata)
    sdh_state_observers                      0x00016270   Data          12  nrf_sdh.o(.constdata)
    sdh_stack_observers                      0x0001627c   Data          12  nrf_sdh.o(.constdata)
    .constdata                               0x00016288   Section       16  nrf_sdh.o(.constdata)
    sdh_state_observers_array                0x00016288   Data          16  nrf_sdh.o(.constdata)
    .constdata                               0x00016298   Section       16  nrf_sdh.o(.constdata)
    sdh_stack_observers_array                0x00016298   Data          16  nrf_sdh.o(.constdata)
    .constdata                               0x000162a8   Section       16  nrf_sdh_ant.o(.constdata)
    sdh_ant_observers_array                  0x000162a8   Data          16  nrf_sdh_ant.o(.constdata)
    .constdata                               0x000162b8   Section       24  nrf_sdh_ant.o(.constdata)
    sdh_ant_observers                        0x000162b8   Data          12  nrf_sdh_ant.o(.constdata)
    .constdata                               0x000162d0   Section      129  ctype_o.o(.constdata)
    .constdata                               0x00016354   Section        4  ctype_o.o(.constdata)
    table                                    0x00016354   Data           4  ctype_o.o(.constdata)
    .conststring                             0x00016358   Section     1301  hardfault_implementation.o(.conststring)
    .conststring                             0x00016870   Section     1003  nrf_strerror.o(.conststring)
    .conststring                             0x00016c5c   Section       93  nrf_log_str_formatter.o(.conststring)
    .conststrlit                             0x00016cbc   Section        7  nrfx_gpiote.o(.conststrlit)
    .conststrlit                             0x00016cc4   Section        4  nrfx_prs.o(.conststrlit)
    .conststrlit                             0x00016cc8   Section        5  nrfx_uart.o(.conststrlit)
    .conststrlit                             0x00016cd0   Section        6  nrfx_uarte.o(.conststrlit)
    .conststrlit                             0x00016cd8   Section       11  app_button.o(.conststrlit)
    .conststrlit                             0x00016ce4   Section       10  app_timer2.o(.conststrlit)
    .conststrlit                             0x00016cf0   Section       10  hardfault_implementation.o(.conststrlit)
    .conststrlit                             0x00016cfc   Section        9  nrf_pwr_mgmt.o(.conststrlit)
    .conststrlit                             0x00016d08   Section        9  nrf_sortlist.o(.conststrlit)
    .conststrlit                             0x00016d14   Section       17  nrf_log_default_backends.o(.conststrlit)
    .conststrlit                             0x00016d28   Section        4  nrf_log_frontend.o(.conststrlit)
    .conststrlit                             0x00016d2c   Section        8  nrf_sdh.o(.conststrlit)
    .conststrlit                             0x00016d34   Section       12  nrf_sdh_ant.o(.conststrlit)
    log_backends                             0x00016d60   Section       16  nrf_log_default_backends.o(log_backends)
    __tagsym$$used                           0x00016d60   Number         0  nrf_log_default_backends.o(log_backends)
    uart_log_backend                         0x00016d60   Data          16  nrf_log_default_backends.o(log_backends)
    log_const_data                           0x00016d70   Section        8  nrfx_gpiote.o(log_const_data)
    __tagsym$$used                           0x00016d70   Number         0  nrfx_gpiote.o(log_const_data)
    log_const_data                           0x00016d78   Section        8  nrfx_prs.o(log_const_data)
    __tagsym$$used                           0x00016d78   Number         0  nrfx_prs.o(log_const_data)
    log_const_data                           0x00016d80   Section        8  nrfx_uart.o(log_const_data)
    __tagsym$$used                           0x00016d80   Number         0  nrfx_uart.o(log_const_data)
    log_const_data                           0x00016d88   Section        8  nrfx_uarte.o(log_const_data)
    __tagsym$$used                           0x00016d88   Number         0  nrfx_uarte.o(log_const_data)
    log_const_data                           0x00016d90   Section        8  app_button.o(log_const_data)
    __tagsym$$used                           0x00016d90   Number         0  app_button.o(log_const_data)
    log_const_data                           0x00016d98   Section        8  app_timer2.o(log_const_data)
    __tagsym$$used                           0x00016d98   Number         0  app_timer2.o(log_const_data)
    log_const_data                           0x00016da0   Section        8  hardfault_implementation.o(log_const_data)
    __tagsym$$used                           0x00016da0   Number         0  hardfault_implementation.o(log_const_data)
    log_const_data                           0x00016da8   Section        8  nrf_pwr_mgmt.o(log_const_data)
    __tagsym$$used                           0x00016da8   Number         0  nrf_pwr_mgmt.o(log_const_data)
    log_const_data                           0x00016db0   Section        8  nrf_sortlist.o(log_const_data)
    __tagsym$$used                           0x00016db0   Number         0  nrf_sortlist.o(log_const_data)
    log_const_data                           0x00016db8   Section        8  nrf_log_frontend.o(log_const_data)
    __tagsym$$used                           0x00016db8   Number         0  nrf_log_frontend.o(log_const_data)
    log_const_data                           0x00016dc0   Section        8  nrf_sdh.o(log_const_data)
    __tagsym$$used                           0x00016dc0   Number         0  nrf_sdh.o(log_const_data)
    log_const_data                           0x00016dc8   Section        8  nrf_sdh_ant.o(log_const_data)
    __tagsym$$used                           0x00016dc8   Number         0  nrf_sdh_ant.o(log_const_data)
    nrf_balloc                               0x00016dd0   Section       20  nrf_log_frontend.o(nrf_balloc)
    __tagsym$$used                           0x00016dd0   Number         0  nrf_log_frontend.o(nrf_balloc)
    sdh_ant_observers1                       0x00016de4   Section        8  main.o(sdh_ant_observers1)
    __tagsym$$used                           0x00016de4   Number         0  main.o(sdh_ant_observers1)
    m_ant_observer                           0x00016de4   Data           8  main.o(sdh_ant_observers1)
    sdh_stack_observers0                     0x00016dec   Section        8  nrf_sdh_ant.o(sdh_stack_observers0)
    __tagsym$$used                           0x00016dec   Number         0  nrf_sdh_ant.o(sdh_stack_observers0)
    m_nrf_sdh_ant_evts_poll                  0x00016dec   Data           8  nrf_sdh_ant.o(sdh_stack_observers0)
    .data                                    0x20000b80   Section       16  bsp.o(.data)
    m_stable_state                           0x20000b80   Data           1  bsp.o(.data)
    m_leds_clear                             0x20000b81   Data           1  bsp.o(.data)
    m_alert_on                               0x20000b82   Data           1  bsp.o(.data)
    current_long_push_pin_no                 0x20000b83   Data           1  bsp.o(.data)
    m_indication_type                        0x20000b84   Data           4  bsp.o(.data)
    m_registered_callback                    0x20000b88   Data           4  bsp.o(.data)
    release_event_at_push                    0x20000b8c   Data           4  bsp.o(.data)
    .data                                    0x20000b90   Section       32  bsp.o(.data)
    m_bsp_leds_tmr_data                      0x20000b90   Data          32  bsp.o(.data)
    .data                                    0x20000bb0   Section       32  bsp.o(.data)
    m_bsp_alert_tmr_data                     0x20000bb0   Data          32  bsp.o(.data)
    .data                                    0x20000bd0   Section       32  bsp.o(.data)
    m_bsp_button_tmr_data                    0x20000bd0   Data          32  bsp.o(.data)
    .data                                    0x20000bf0   Section       12  nrf_drv_uart.o(.data)
    m_handlers                               0x20000bf4   Data           4  nrf_drv_uart.o(.data)
    m_contexts                               0x20000bf8   Data           4  nrf_drv_uart.o(.data)
    .data                                    0x20000bfc   Section        8  nrfx_prs.o(.data)
    m_prs_box_4                              0x20000bfc   Data           8  nrfx_prs.o(.data)
    .data                                    0x20000c08   Section       24  app_button.o(.data)
    m_button_count                           0x20000c08   Data           1  app_button.o(.data)
    mp_buttons                               0x20000c0c   Data           4  app_button.o(.data)
    m_detection_delay                        0x20000c10   Data           4  app_button.o(.data)
    m_pin_active                             0x20000c18   Data           8  app_button.o(.data)
    .data                                    0x20000c20   Section       32  app_button.o(.data)
    m_detection_delay_timer_id_data          0x20000c20   Data          32  app_button.o(.data)
    .data                                    0x20000c40   Section       32  app_timer2.o(.data)
    m_global_active                          0x20000c40   Data           1  app_timer2.o(.data)
    mp_active_timer                          0x20000c44   Data           4  app_timer2.o(.data)
    m_rtc_inst                               0x20000c48   Data           8  app_timer2.o(.data)
    m_base_counter                           0x20000c50   Data           8  app_timer2.o(.data)
    m_stamp64                                0x20000c58   Data           8  app_timer2.o(.data)
    .data                                    0x20000c60   Section        4  app_timer2.o(.data)
    m_app_timer_sortlist_sortlist_cb         0x20000c60   Data           4  app_timer2.o(.data)
    .data                                    0x20000c64   Section       12  drv_rtc.o(.data)
    m_handlers                               0x20000c64   Data           4  drv_rtc.o(.data)
    m_cb                                     0x20000c68   Data           8  drv_rtc.o(.data)
    .data                                    0x20000c70   Section      104  hardfault_implementation.o(.data)
    cfsr_msgs                                0x20000c70   Data         104  hardfault_implementation.o(.data)
    .data                                    0x20000cd8   Section        8  nrf_pwr_mgmt.o(.data)
    m_pwr_mgmt_evt                           0x20000cd8   Data           1  nrf_pwr_mgmt.o(.data)
    m_shutdown_started                       0x20000cd9   Data           1  nrf_pwr_mgmt.o(.data)
    m_sysoff_mtx                             0x20000cdc   Data           4  nrf_pwr_mgmt.o(.data)
    .data                                    0x20000ce0   Section       24  nrf_log_backend_uart.o(.data)
    m_xfer_done                              0x20000ce0   Data           1  nrf_log_backend_uart.o(.data)
    m_async_mode                             0x20000ce1   Data           1  nrf_log_backend_uart.o(.data)
    .data                                    0x20000cf8   Section        8  nrf_log_default_backends.o(.data)
    log_backend_cb_uart_log_backend          0x20000cf8   Data           8  nrf_log_default_backends.o(.data)
    .data                                    0x20000d00   Section        4  nrf_log_frontend.o(.data)
    m_buffer_mask                            0x20000d00   Data           4  nrf_log_frontend.o(.data)
    .data                                    0x20000d04   Section        8  nrf_log_frontend.o(.data)
    log_mempool_nrf_balloc_pool_stack        0x20000d04   Data           8  nrf_log_frontend.o(.data)
    .data                                    0x20000d0c   Section        8  nrf_log_frontend.o(.data)
    log_mempool_nrf_balloc_cb                0x20000d0c   Data           8  nrf_log_frontend.o(.data)
    .data                                    0x20000d14   Section       64  nrf_log_str_formatter.o(.data)
    m_freq                                   0x20000d14   Data           4  nrf_log_str_formatter.o(.data)
    m_timestamp_div                          0x20000d18   Data           4  nrf_log_str_formatter.o(.data)
    severity_names                           0x20000d1c   Data          20  nrf_log_str_formatter.o(.data)
    m_colors                                 0x20000d30   Data          36  nrf_log_str_formatter.o(.data)
    .data                                    0x20000d54   Section        3  nrf_sdh.o(.data)
    m_nrf_sdh_enabled                        0x20000d54   Data           1  nrf_sdh.o(.data)
    m_nrf_sdh_suspended                      0x20000d55   Data           1  nrf_sdh.o(.data)
    m_nrf_sdh_continue                       0x20000d56   Data           1  nrf_sdh.o(.data)
    .data                                    0x20000d57   Section        1  nrf_sdh_ant.o(.data)
    m_stack_is_enabled                       0x20000d57   Data           1  nrf_sdh_ant.o(.data)
    .data                                    0x20000d58   Section        4  system_nrf52.o(.data)
    __tagsym$$used                           0x20000d58   Number         0  system_nrf52.o(.data)
    .bss                                     0x20000d5c   Section       12  bsp.o(.bss)
    m_events_list                            0x20000d5c   Data          12  bsp.o(.bss)
    .bss                                     0x20000d68   Section       92  nrfx_gpiote.o(.bss)
    m_cb                                     0x20000d68   Data          92  nrfx_gpiote.o(.bss)
    .bss                                     0x20000dc4   Section       44  nrfx_uart.o(.bss)
    m_cb                                     0x20000dc4   Data          44  nrfx_uart.o(.bss)
    .bss                                     0x20000df0   Section       36  nrfx_uarte.o(.bss)
    m_cb                                     0x20000df0   Data          36  nrfx_uarte.o(.bss)
    .bss                                     0x20000e14   Section       16  app_button.o(.bss)
    m_pin_states                             0x20000e14   Data          16  app_button.o(.bss)
    .bss                                     0x20000e24   Section       16  app_timer2.o(.bss)
    m_req_fifo_inst                          0x20000e24   Data          16  app_timer2.o(.bss)
    .bss                                     0x20000e34   Section       88  app_timer2.o(.bss)
    m_req_fifo_data                          0x20000e34   Data          88  app_timer2.o(.bss)
    .bss                                     0x20000e8c   Section       12  app_util_platform.o(.bss)
    .bss                                     0x20000e98   Section       12  nrf_pwr_mgmt.o(.bss)
    m_handlers_iter                          0x20000e98   Data          12  nrf_pwr_mgmt.o(.bss)
    .bss                                     0x20000ea4   Section       64  nrf_log_backend_uart.o(.bss)
    m_string_buff                            0x20000ea4   Data          64  nrf_log_backend_uart.o(.bss)
    .bss                                     0x20000ee4   Section      192  nrf_log_frontend.o(.bss)
    log_mempool_nrf_balloc_pool_mem          0x20000ee4   Data         192  nrf_log_frontend.o(.bss)
    .bss                                     0x20000fa4   Section      128  nrf_log_frontend.o(.bss)
    m_log_push_ringbuf_buf                   0x20000fa4   Data         128  nrf_log_frontend.o(.bss)
    .bss                                     0x20001024   Section       24  nrf_log_frontend.o(.bss)
    m_log_push_ringbuf_cb                    0x20001024   Data          24  nrf_log_frontend.o(.bss)
    .bss                                     0x2000103c   Section     1056  nrf_log_frontend.o(.bss)
    m_log_data                               0x2000103c   Data        1056  nrf_log_frontend.o(.bss)
    .bss                                     0x2000145c   Section      128  nrf_sdh_ant.o(.bss)
    m_ant_stack_buffer                       0x2000145c   Data         128  nrf_sdh_ant.o(.bss)
    STACK                                    0x200014e0   Section     8192  arm_startup_nrf52.o(STACK)

    Global Symbols

    Symbol Name                              Value     Ov Type        Size  Object(Section)

    BuildAttributes$$THM_ISAv4$E$P$D$K$B$S$7EM$VFPi3$EXTD16$VFPS$VFMA$PE$A:L22UL41UL21$X:L11$S22US41US21$IEEE1$IW$USESV6$~STKCKD$USESV7$~SHL$OSPACE$EBA8$MICROLIB$REQ8$EABIv2 0x00000000   Number         0  anon$$obj.o ABSOLUTE
    __ARM_use_no_argv                        0x00000000   Number         0  main.o ABSOLUTE
    __use_no_errno                           0x00000000   Number         0  useno.o ABSOLUTE
    __use_no_exception_handling              0x00000000   Number         0  useno.o ABSOLUTE
    __use_no_fp                              0x00000000   Number         0  useno.o ABSOLUTE
    __use_no_heap                            0x00000000   Number         0  useno.o ABSOLUTE
    __use_no_heap_region                     0x00000000   Number         0  useno.o ABSOLUTE
    __use_no_semihosting                     0x00000000   Number         0  useno.o ABSOLUTE
    __use_no_semihosting_swi                 0x00000000   Number         0  useno.o ABSOLUTE
    __use_no_signal_handling                 0x00000000   Number         0  useno.o ABSOLUTE
    __arm_fini_                               - Undefined Weak Reference
    __cpp_initialize__aeabi_                  - Undefined Weak Reference
    __cxa_finalize                            - Undefined Weak Reference
    _clock_init                               - Undefined Weak Reference
    _microlib_exit                            - Undefined Weak Reference
    log_dynamic_data$$Base                    - Undefined Reference
    pwr_mgmt_data0$$Base                      - Undefined Reference
    pwr_mgmt_data0$$Limit                     - Undefined Reference
    pwr_mgmt_data1$$Base                      - Undefined Reference
    pwr_mgmt_data1$$Limit                     - Undefined Reference
    pwr_mgmt_data2$$Base                      - Undefined Reference
    pwr_mgmt_data2$$Limit                     - Undefined Reference
    sdh_ant_observers0$$Base                  - Undefined Reference
    sdh_ant_observers0$$Limit                 - Undefined Reference
    sdh_req_observers0$$Base                  - Undefined Reference
    sdh_req_observers0$$Limit                 - Undefined Reference
    sdh_req_observers1$$Base                  - Undefined Reference
    sdh_req_observers1$$Limit                 - Undefined Reference
    sdh_stack_observers1$$Base                - Undefined Reference
    sdh_stack_observers1$$Limit               - Undefined Reference
    sdh_state_observers0$$Base                - Undefined Reference
    sdh_state_observers0$$Limit               - Undefined Reference
    sdh_state_observers1$$Base                - Undefined Reference
    sdh_state_observers1$$Limit               - Undefined Reference
    __Vectors_Size                           0x00000200   Number         0  arm_startup_nrf52.o ABSOLUTE
    __Vectors                                0x00012000   Data           4  arm_startup_nrf52.o(RESET)
    __Vectors_End                            0x00012200   Data           0  arm_startup_nrf52.o(RESET)
    __main                                   0x00012201   Thumb Code     0  entry.o(.ARM.Collect$$$$00000000)
    _main_stk                                0x00012201   Thumb Code     0  entry2.o(.ARM.Collect$$$$00000001)
    _main_scatterload                        0x00012205   Thumb Code     0  entry5.o(.ARM.Collect$$$$00000004)
    __main_after_scatterload                 0x00012209   Thumb Code     0  entry5.o(.ARM.Collect$$$$00000004)
    _main_clock                              0x00012209   Thumb Code     0  entry7b.o(.ARM.Collect$$$$00000008)
    _main_cpp_init                           0x00012209   Thumb Code     0  entry8b.o(.ARM.Collect$$$$0000000A)
    _main_init                               0x00012209   Thumb Code     0  entry9a.o(.ARM.Collect$$$$0000000B)
    __rt_lib_shutdown_fini                   0x00012211   Thumb Code     0  entry12b.o(.ARM.Collect$$$$0000000E)
    __rt_final_cpp                           0x00012215   Thumb Code     0  entry10a.o(.ARM.Collect$$$$0000000F)
    __rt_final_exit                          0x00012215   Thumb Code     0  entry11a.o(.ARM.Collect$$$$00000011)
    HardFault_Handler                        0x00012219   Thumb Code    40  hardfault_handler_keil.o(.emb_text)
    __asm___12_nrf_atfifo_c_51f461e1__nrf_atfifo_wspace_req 0x0001224d   Thumb Code    56  nrf_atfifo.o(.emb_text)
    __asm___12_nrf_atfifo_c_51f461e1__nrf_atfifo_wspace_close 0x00012285   Thumb Code    18  nrf_atfifo.o(.emb_text)
    __asm___12_nrf_atfifo_c_51f461e1__nrf_atfifo_rspace_req 0x00012297   Thumb Code    58  nrf_atfifo.o(.emb_text)
    __asm___12_nrf_atfifo_c_51f461e1__nrf_atfifo_rspace_close 0x000122d1   Thumb Code    18  nrf_atfifo.o(.emb_text)
    __asm___12_nrf_atfifo_c_51f461e1__nrf_atfifo_space_clear 0x000122e3   Thumb Code    50  nrf_atfifo.o(.emb_text)
    __asm___12_nrf_atomic_c_85ca2469__nrf_atomic_internal_mov 0x00012315   Thumb Code    24  nrf_atomic.o(.emb_text)
    __asm___12_nrf_atomic_c_85ca2469__nrf_atomic_internal_orr 0x0001232d   Thumb Code    26  nrf_atomic.o(.emb_text)
    __asm___12_nrf_atomic_c_85ca2469__nrf_atomic_internal_and 0x00012347   Thumb Code    26  nrf_atomic.o(.emb_text)
    __asm___12_nrf_atomic_c_85ca2469__nrf_atomic_internal_eor 0x00012361   Thumb Code    26  nrf_atomic.o(.emb_text)
    __asm___12_nrf_atomic_c_85ca2469__nrf_atomic_internal_add 0x0001237b   Thumb Code    26  nrf_atomic.o(.emb_text)
    __asm___12_nrf_atomic_c_85ca2469__nrf_atomic_internal_sub 0x00012395   Thumb Code    26  nrf_atomic.o(.emb_text)
    __asm___12_nrf_atomic_c_85ca2469__nrf_atomic_internal_cmp_exch 0x000123af   Thumb Code    42  nrf_atomic.o(.emb_text)
    __asm___12_nrf_atomic_c_85ca2469__nrf_atomic_internal_sub_hs 0x000123d9   Thumb Code    30  nrf_atomic.o(.emb_text)
    Reset_Handler                            0x000123f9   Thumb Code     8  arm_startup_nrf52.o(.text)
    NMI_Handler                              0x00012401   Thumb Code     2  arm_startup_nrf52.o(.text)
    MemoryManagement_Handler                 0x00012405   Thumb Code     2  arm_startup_nrf52.o(.text)
    BusFault_Handler                         0x00012407   Thumb Code     2  arm_startup_nrf52.o(.text)
    UsageFault_Handler                       0x00012409   Thumb Code     2  arm_startup_nrf52.o(.text)
    SVC_Handler                              0x0001240b   Thumb Code     2  arm_startup_nrf52.o(.text)
    DebugMon_Handler                         0x0001240d   Thumb Code     2  arm_startup_nrf52.o(.text)
    PendSV_Handler                           0x0001240f   Thumb Code     2  arm_startup_nrf52.o(.text)
    SysTick_Handler                          0x00012411   Thumb Code     2  arm_startup_nrf52.o(.text)
    CCM_AAR_IRQHandler                       0x00012413   Thumb Code     0  arm_startup_nrf52.o(.text)
    COMP_LPCOMP_IRQHandler                   0x00012413   Thumb Code     0  arm_startup_nrf52.o(.text)
    ECB_IRQHandler                           0x00012413   Thumb Code     0  arm_startup_nrf52.o(.text)
    FPU_IRQHandler                           0x00012413   Thumb Code     0  arm_startup_nrf52.o(.text)
    I2S_IRQHandler                           0x00012413   Thumb Code     0  arm_startup_nrf52.o(.text)
    MWU_IRQHandler                           0x00012413   Thumb Code     0  arm_startup_nrf52.o(.text)
    NFCT_IRQHandler                          0x00012413   Thumb Code     0  arm_startup_nrf52.o(.text)
    PDM_IRQHandler                           0x00012413   Thumb Code     0  arm_startup_nrf52.o(.text)
    POWER_CLOCK_IRQHandler                   0x00012413   Thumb Code     0  arm_startup_nrf52.o(.text)
    PWM0_IRQHandler                          0x00012413   Thumb Code     0  arm_startup_nrf52.o(.text)
    PWM1_IRQHandler                          0x00012413   Thumb Code     0  arm_startup_nrf52.o(.text)
    PWM2_IRQHandler                          0x00012413   Thumb Code     0  arm_startup_nrf52.o(.text)
    QDEC_IRQHandler                          0x00012413   Thumb Code     0  arm_startup_nrf52.o(.text)
    RADIO_IRQHandler                         0x00012413   Thumb Code     0  arm_startup_nrf52.o(.text)
    RNG_IRQHandler                           0x00012413   Thumb Code     0  arm_startup_nrf52.o(.text)
    RTC0_IRQHandler                          0x00012413   Thumb Code     0  arm_startup_nrf52.o(.text)
    RTC2_IRQHandler                          0x00012413   Thumb Code     0  arm_startup_nrf52.o(.text)
    SAADC_IRQHandler                         0x00012413   Thumb Code     0  arm_startup_nrf52.o(.text)
    SPIM0_SPIS0_TWIM0_TWIS0_SPI0_TWI0_IRQHandler 0x00012413   Thumb Code     0  arm_startup_nrf52.o(.text)
    SPIM1_SPIS1_TWIM1_TWIS1_SPI1_TWI1_IRQHandler 0x00012413   Thumb Code     0  arm_startup_nrf52.o(.text)
    SPIM2_SPIS2_SPI2_IRQHandler              0x00012413   Thumb Code     0  arm_startup_nrf52.o(.text)
    SWI0_EGU0_IRQHandler                     0x00012413   Thumb Code     0  arm_startup_nrf52.o(.text)
    SWI1_EGU1_IRQHandler                     0x00012413   Thumb Code     0  arm_startup_nrf52.o(.text)
    SWI3_EGU3_IRQHandler                     0x00012413   Thumb Code     0  arm_startup_nrf52.o(.text)
    SWI4_EGU4_IRQHandler                     0x00012413   Thumb Code     0  arm_startup_nrf52.o(.text)
    SWI5_EGU5_IRQHandler                     0x00012413   Thumb Code     0  arm_startup_nrf52.o(.text)
    TEMP_IRQHandler                          0x00012413   Thumb Code     0  arm_startup_nrf52.o(.text)
    TIMER0_IRQHandler                        0x00012413   Thumb Code     0  arm_startup_nrf52.o(.text)
    TIMER1_IRQHandler                        0x00012413   Thumb Code     0  arm_startup_nrf52.o(.text)
    TIMER2_IRQHandler                        0x00012413   Thumb Code     0  arm_startup_nrf52.o(.text)
    TIMER3_IRQHandler                        0x00012413   Thumb Code     0  arm_startup_nrf52.o(.text)
    TIMER4_IRQHandler                        0x00012413   Thumb Code     0  arm_startup_nrf52.o(.text)
    WDT_IRQHandler                           0x00012413   Thumb Code     0  arm_startup_nrf52.o(.text)
    __aeabi_uldivmod                         0x0001241d   Thumb Code    98  uldiv.o(.text)
    __aeabi_llsl                             0x0001247f   Thumb Code    30  llshl.o(.text)
    _ll_shift_l                              0x0001247f   Thumb Code     0  llshl.o(.text)
    __rt_ctype_table                         0x0001249d   Thumb Code     4  ctype_o.o(.text)
    __aeabi_memcpy                           0x000124a5   Thumb Code    36  memcpya.o(.text)
    __aeabi_memcpy4                          0x000124a5   Thumb Code     0  memcpya.o(.text)
    __aeabi_memcpy8                          0x000124a5   Thumb Code     0  memcpya.o(.text)
    __aeabi_memset                           0x000124c9   Thumb Code    14  memseta.o(.text)
    __aeabi_memset4                          0x000124c9   Thumb Code     0  memseta.o(.text)
    __aeabi_memset8                          0x000124c9   Thumb Code     0  memseta.o(.text)
    __aeabi_memclr                           0x000124d7   Thumb Code     4  memseta.o(.text)
    __aeabi_memclr4                          0x000124d7   Thumb Code     0  memseta.o(.text)
    __aeabi_memclr8                          0x000124d7   Thumb Code     0  memseta.o(.text)
    _memset$wrapper                          0x000124db   Thumb Code    18  memseta.o(.text)
    strlen                                   0x000124ed   Thumb Code    14  strlen.o(.text)
    __aeabi_llsr                             0x000124fb   Thumb Code    32  llushr.o(.text)
    _ll_ushift_r                             0x000124fb   Thumb Code     0  llushr.o(.text)
    __scatterload                            0x0001251d   Thumb Code    28  init.o(.text)
    __scatterload_rt2                        0x0001251d   Thumb Code     0  init.o(.text)
    __decompress                             0x00012541   Thumb Code     0  __dczerorl2.o(.text)
    __decompress1                            0x00012541   Thumb Code    86  __dczerorl2.o(.text)
    GPIOTE_IRQHandler                        0x00012599   Thumb Code   154  nrfx_gpiote.o(i.GPIOTE_IRQHandler)
    HardFault_c_handler                      0x0001263d   Thumb Code   206  hardfault_implementation.o(i.HardFault_c_handler)
    HardFault_process                        0x00012815   Thumb Code    26  hardfault_implementation.o(i.HardFault_process)
    RTC1_IRQHandler                          0x00012839   Thumb Code    12  drv_rtc.o(i.RTC1_IRQHandler)
    SWI2_EGU2_IRQHandler                     0x00012849   Thumb Code     4  nrf_sdh.o(i.SWI2_EGU2_IRQHandler)
    SystemInit                               0x0001284d   Thumb Code   660  system_nrf52.o(i.SystemInit)
    UARTE0_UART0_IRQHandler                  0x00012b25   Thumb Code     6  nrfx_prs.o(i.UARTE0_UART0_IRQHandler)
    __scatterload_copy                       0x00012b31   Thumb Code    14  handlers.o(i.__scatterload_copy)
    __scatterload_null                       0x00012b3f   Thumb Code     2  handlers.o(i.__scatterload_null)
    __scatterload_zeroinit                   0x00012b41   Thumb Code    14  handlers.o(i.__scatterload_zeroinit)
    ant_channel_init                         0x00012b7b   Thumb Code    60  ant_channel_config.o(i.ant_channel_init)
    ant_evt_handler                          0x00012bb7   Thumb Code    70  main.o(i.ant_evt_handler)
    app_button_enable                        0x00012bfd   Thumb Code    32  app_button.o(i.app_button_enable)
    app_button_init                          0x00012c21   Thumb Code   106  app_button.o(i.app_button_init)
    app_error_fault_handler                  0x00012ca1   Thumb Code    86  app_error_weak.o(i.app_error_fault_handler)
    app_error_handler_bare                   0x00012d25   Thumb Code    22  app_error.o(i.app_error_handler_bare)
    app_timer_cnt_get                        0x00012d3d   Thumb Code     6  app_timer2.o(i.app_timer_cnt_get)
    app_timer_create                         0x00012d49   Thumb Code    32  app_timer2.o(i.app_timer_create)
    app_timer_init                           0x00012d69   Thumb Code    70  app_timer2.o(i.app_timer_init)
    app_timer_start                          0x00012dc5   Thumb Code    84  app_timer2.o(i.app_timer_start)
    app_timer_stop                           0x00012e19   Thumb Code    68  app_timer2.o(i.app_timer_stop)
    app_util_critical_region_enter           0x00012e5d   Thumb Code    64  app_util_platform.o(i.app_util_critical_region_enter)
    app_util_critical_region_exit            0x00012ea5   Thumb Code    46  app_util_platform.o(i.app_util_critical_region_exit)
    bsp_board_init                           0x00012fe9   Thumb Code    80  boards.o(i.bsp_board_init)
    bsp_board_led_invert                     0x0001303d   Thumb Code    32  boards.o(i.bsp_board_led_invert)
    bsp_board_led_off                        0x00013061   Thumb Code    10  boards.o(i.bsp_board_led_off)
    bsp_board_led_on                         0x00013071   Thumb Code    10  boards.o(i.bsp_board_led_on)
    bsp_board_led_state_get                  0x00013081   Thumb Code    28  boards.o(i.bsp_board_led_state_get)
    bsp_board_leds_off                       0x000130a1   Thumb Code    18  boards.o(i.bsp_board_leds_off)
    bsp_board_leds_on                        0x000130b3   Thumb Code    18  boards.o(i.bsp_board_leds_on)
    bsp_board_pin_to_button_idx              0x000130c5   Thumb Code    30  boards.o(i.bsp_board_pin_to_button_idx)
    bsp_event_to_button_action_assign        0x00013179   Thumb Code    64  bsp.o(i.bsp_event_to_button_action_assign)
    bsp_indication_set                       0x000131bd   Thumb Code    20  bsp.o(i.bsp_indication_set)
    bsp_init                                 0x000131d5   Thumb Code   128  bsp.o(i.bsp_init)
    buffer_is_empty                          0x000134f5   Thumb Code    18  nrf_log_frontend.o(i.buffer_is_empty)
    drv_rtc_compare_disable                  0x00013625   Thumb Code    20  drv_rtc.o(i.drv_rtc_compare_disable)
    drv_rtc_compare_pending                  0x00013639   Thumb Code    14  drv_rtc.o(i.drv_rtc_compare_pending)
    drv_rtc_compare_set                      0x00013647   Thumb Code    80  drv_rtc.o(i.drv_rtc_compare_set)
    drv_rtc_counter_get                      0x00013697   Thumb Code     8  drv_rtc.o(i.drv_rtc_counter_get)
    drv_rtc_init                             0x000136a1   Thumb Code   148  drv_rtc.o(i.drv_rtc_init)
    drv_rtc_irq_trigger                      0x00013779   Thumb Code    30  drv_rtc.o(i.drv_rtc_irq_trigger)
    drv_rtc_overflow_enable                  0x00013797   Thumb Code     8  drv_rtc.o(i.drv_rtc_overflow_enable)
    drv_rtc_overflow_pending                 0x0001379f   Thumb Code     8  drv_rtc.o(i.drv_rtc_overflow_pending)
    drv_rtc_start                            0x000137a7   Thumb Code     8  drv_rtc.o(i.drv_rtc_start)
    drv_rtc_stop                             0x000137af   Thumb Code     8  drv_rtc.o(i.drv_rtc_stop)
    drv_rtc_windowed_compare_set             0x000137b7   Thumb Code   222  drv_rtc.o(i.drv_rtc_windowed_compare_set)
    evt_handle                               0x000138a9   Thumb Code   216  app_button.o(i.evt_handle)
    log_pending_hook                         0x00013bb5   Thumb Code     2  nrf_log_frontend.o(i.log_pending_hook)
    main                                     0x00013c5d   Thumb Code   150  main.o(i.main)
    nrf_atfifo_init                          0x00013dd9   Thumb Code    38  nrf_atfifo.o(i.nrf_atfifo_init)
    nrf_atfifo_item_alloc                    0x00013dff   Thumb Code    22  nrf_atfifo.o(i.nrf_atfifo_item_alloc)
    nrf_atfifo_item_free                     0x00013e15   Thumb Code    22  nrf_atfifo.o(i.nrf_atfifo_item_free)
    nrf_atfifo_item_get                      0x00013e2b   Thumb Code    22  nrf_atfifo.o(i.nrf_atfifo_item_get)
    nrf_atfifo_item_put                      0x00013e41   Thumb Code    22  nrf_atfifo.o(i.nrf_atfifo_item_put)
    nrf_atomic_flag_clear_fetch              0x00013e57   Thumb Code     6  nrf_atomic.o(i.nrf_atomic_flag_clear_fetch)
    nrf_atomic_flag_set                      0x00013e5d   Thumb Code     6  nrf_atomic.o(i.nrf_atomic_flag_set)
    nrf_atomic_u32_add                       0x00013e63   Thumb Code    12  nrf_atomic.o(i.nrf_atomic_u32_add)
    nrf_atomic_u32_fetch_and                 0x00013e6f   Thumb Code    10  nrf_atomic.o(i.nrf_atomic_u32_fetch_and)
    nrf_atomic_u32_fetch_store               0x00013e79   Thumb Code    10  nrf_atomic.o(i.nrf_atomic_u32_fetch_store)
    nrf_atomic_u32_or                        0x00013e83   Thumb Code    12  nrf_atomic.o(i.nrf_atomic_u32_or)
    nrf_atomic_u32_sub                       0x00013e8f   Thumb Code    12  nrf_atomic.o(i.nrf_atomic_u32_sub)
    nrf_balloc_alloc                         0x00013e9b   Thumb Code    68  nrf_balloc.o(i.nrf_balloc_alloc)
    nrf_balloc_free                          0x00013edf   Thumb Code    48  nrf_balloc.o(i.nrf_balloc_free)
    nrf_balloc_init                          0x00013f0f   Thumb Code    48  nrf_balloc.o(i.nrf_balloc_init)
    nrf_drv_uart_init                        0x00013f51   Thumb Code    90  nrf_drv_uart.o(i.nrf_drv_uart_init)
    nrf_fprintf                              0x00013fb9   Thumb Code    26  nrf_fprintf.o(i.nrf_fprintf)
    nrf_fprintf_buffer_flush                 0x00013fd3   Thumb Code    24  nrf_fprintf.o(i.nrf_fprintf_buffer_flush)
    nrf_fprintf_fmt                          0x00013feb   Thumb Code   474  nrf_fprintf_format.o(i.nrf_fprintf_fmt)
    nrf_log_backend_add                      0x0001436d   Thumb Code    86  nrf_log_frontend.o(i.nrf_log_backend_add)
    nrf_log_backend_serial_put               0x000143c9   Thumb Code   194  nrf_log_backend_serial.o(i.nrf_log_backend_serial_put)
    nrf_log_backend_uart_init                0x0001448d   Thumb Code     6  nrf_log_backend_uart.o(i.nrf_log_backend_uart_init)
    nrf_log_color_id_get                     0x000144d9   Thumb Code    42  nrf_log_frontend.o(i.nrf_log_color_id_get)
    nrf_log_default_backends_init            0x00014509   Thumb Code    24  nrf_log_default_backends.o(i.nrf_log_default_backends_init)
    nrf_log_frontend_dequeue                 0x00014525   Thumb Code   524  nrf_log_frontend.o(i.nrf_log_frontend_dequeue)
    nrf_log_frontend_std_0                   0x00014759   Thumb Code     8  nrf_log_frontend.o(i.nrf_log_frontend_std_0)
    nrf_log_frontend_std_1                   0x00014761   Thumb Code    14  nrf_log_frontend.o(i.nrf_log_frontend_std_1)
    nrf_log_frontend_std_3                   0x0001476f   Thumb Code    18  nrf_log_frontend.o(i.nrf_log_frontend_std_3)
    nrf_log_frontend_std_4                   0x00014781   Thumb Code    20  nrf_log_frontend.o(i.nrf_log_frontend_std_4)
    nrf_log_hexdump_entry_process            0x00014795   Thumb Code   150  nrf_log_str_formatter.o(i.nrf_log_hexdump_entry_process)
    nrf_log_init                             0x00014845   Thumb Code    28  nrf_log_frontend.o(i.nrf_log_init)
    nrf_log_module_cnt_get                   0x0001486d   Thumb Code    10  nrf_log_frontend.o(i.nrf_log_module_cnt_get)
    nrf_log_module_name_get                  0x00014881   Thumb Code    24  nrf_log_frontend.o(i.nrf_log_module_name_get)
    nrf_log_panic                            0x0001489d   Thumb Code    36  nrf_log_frontend.o(i.nrf_log_panic)
    nrf_log_std_entry_process                0x000148c5   Thumb Code   182  nrf_log_str_formatter.o(i.nrf_log_std_entry_process)
    nrf_memobj_alloc                         0x0001497b   Thumb Code    96  nrf_memobj.o(i.nrf_memobj_alloc)
    nrf_memobj_free                          0x000149db   Thumb Code    50  nrf_memobj.o(i.nrf_memobj_free)
    nrf_memobj_get                           0x00014a0d   Thumb Code     8  nrf_memobj.o(i.nrf_memobj_get)
    nrf_memobj_pool_init                     0x00014a15   Thumb Code     4  nrf_memobj.o(i.nrf_memobj_pool_init)
    nrf_memobj_put                           0x00014a19   Thumb Code    30  nrf_memobj.o(i.nrf_memobj_put)
    nrf_memobj_read                          0x00014a37   Thumb Code    16  nrf_memobj.o(i.nrf_memobj_read)
    nrf_memobj_write                         0x00014a47   Thumb Code    16  nrf_memobj.o(i.nrf_memobj_write)
    nrf_pwr_mgmt_init                        0x00014a59   Thumb Code    58  nrf_pwr_mgmt.o(i.nrf_pwr_mgmt_init)
    nrf_pwr_mgmt_run                         0x00014aa9   Thumb Code    98  nrf_pwr_mgmt.o(i.nrf_pwr_mgmt_run)
    nrf_ringbuf_init                         0x00014b11   Thumb Code    28  nrf_ringbuf.o(i.nrf_ringbuf_init)
    nrf_sdh_ant_enable                       0x00014b39   Thumb Code    56  nrf_sdh_ant.o(i.nrf_sdh_ant_enable)
    nrf_sdh_enable_request                   0x00014bf9   Thumb Code   104  nrf_sdh.o(i.nrf_sdh_enable_request)
    nrf_sdh_evts_poll                        0x00014c95   Thumb Code    32  nrf_sdh.o(i.nrf_sdh_evts_poll)
    nrf_sdh_is_enabled                       0x00014cb9   Thumb Code     6  nrf_sdh.o(i.nrf_sdh_is_enabled)
    nrf_section_iter_init                    0x00014cc5   Thumb Code    10  nrf_section_iter.o(i.nrf_section_iter_init)
    nrf_section_iter_next                    0x00014cf3   Thumb Code    32  nrf_section_iter.o(i.nrf_section_iter_next)
    nrf_sortlist_add                         0x00014d13   Thumb Code    34  nrf_sortlist.o(i.nrf_sortlist_add)
    nrf_sortlist_peek                        0x00014d35   Thumb Code     6  nrf_sortlist.o(i.nrf_sortlist_peek)
    nrf_sortlist_pop                         0x00014d3b   Thumb Code    14  nrf_sortlist.o(i.nrf_sortlist_pop)
    nrf_sortlist_remove                      0x00014d49   Thumb Code    30  nrf_sortlist.o(i.nrf_sortlist_remove)
    nrf_strerror_find                        0x00014d69   Thumb Code    52  nrf_strerror.o(i.nrf_strerror_find)
    nrf_strerror_get                         0x00014da1   Thumb Code    14  nrf_strerror.o(i.nrf_strerror_get)
    nrfx_gpiote_in_event_enable              0x00014dfd   Thumb Code   152  nrfx_gpiote.o(i.nrfx_gpiote_in_event_enable)
    nrfx_gpiote_in_init                      0x00014e9d   Thumb Code   190  nrfx_gpiote.o(i.nrfx_gpiote_in_init)
    nrfx_gpiote_in_is_set                    0x00014f69   Thumb Code    20  nrfx_gpiote.o(i.nrfx_gpiote_in_is_set)
    nrfx_gpiote_init                         0x00014f7d   Thumb Code   102  nrfx_gpiote.o(i.nrfx_gpiote_init)
    nrfx_gpiote_is_init                      0x00014ff1   Thumb Code    14  nrfx_gpiote.o(i.nrfx_gpiote_is_init)
    nrfx_prs_acquire                         0x00015015   Thumb Code    58  nrfx_prs.o(i.nrfx_prs_acquire)
    nrfx_prs_release                         0x0001504f   Thumb Code    18  nrfx_prs.o(i.nrfx_prs_release)
    nrfx_uart_0_irq_handler                  0x00015061   Thumb Code     8  nrfx_uart.o(i.nrfx_uart_0_irq_handler)
    nrfx_uart_init                           0x00015071   Thumb Code   200  nrfx_uart.o(i.nrfx_uart_init)
    nrfx_uart_tx                             0x00015145   Thumb Code   162  nrfx_uart.o(i.nrfx_uart_tx)
    nrfx_uart_tx_in_progress                 0x000151ed   Thumb Code    26  nrfx_uart.o(i.nrfx_uart_tx_in_progress)
    nrfx_uart_uninit                         0x0001520d   Thumb Code   182  nrfx_uart.o(i.nrfx_uart_uninit)
    nrfx_uarte_0_irq_handler                 0x000152cd   Thumb Code     8  nrfx_uarte.o(i.nrfx_uarte_0_irq_handler)
    nrfx_uarte_init                          0x000152dd   Thumb Code   100  nrfx_uarte.o(i.nrfx_uarte_init)
    nrfx_uarte_tx                            0x00015349   Thumb Code   166  nrfx_uarte.o(i.nrfx_uarte_tx)
    nrfx_uarte_tx_in_progress                0x000153f5   Thumb Code    22  nrfx_uarte.o(i.nrfx_uarte_tx_in_progress)
    nrfx_uarte_uninit                        0x00015411   Thumb Code   254  nrfx_uarte.o(i.nrfx_uarte_uninit)
    nvmc_config                              0x00015519   Thumb Code    14  system_nrf52.o(i.nvmc_config)
    nrf_log_backend_uart_api                 0x00016218   Data          12  nrf_log_backend_uart.o(.constdata)
    __ctype_table                            0x000162d0   Data         129  ctype_o.o(.constdata)
    Region$$Table$$Base                      0x00016d40   Number         0  anon$$obj.o(Region$$Table)
    Region$$Table$$Limit                     0x00016d60   Number         0  anon$$obj.o(Region$$Table)
    log_const_data$$Base                     0x00016d70   Number         0  nrfx_gpiote.o(log_const_data)
    m_nrf_log_GPIOTE_logs_data_const         0x00016d70   Data           8  nrfx_gpiote.o(log_const_data)
    m_nrf_log_PRS_logs_data_const            0x00016d78   Data           8  nrfx_prs.o(log_const_data)
    m_nrf_log_UART_logs_data_const           0x00016d80   Data           8  nrfx_uart.o(log_const_data)
    m_nrf_log_UARTE_logs_data_const          0x00016d88   Data           8  nrfx_uarte.o(log_const_data)
    m_nrf_log_app_button_logs_data_const     0x00016d90   Data           8  app_button.o(log_const_data)
    m_nrf_log_app_timer_logs_data_const      0x00016d98   Data           8  app_timer2.o(log_const_data)
    m_nrf_log_hardfault_logs_data_const      0x00016da0   Data           8  hardfault_implementation.o(log_const_data)
    m_nrf_log_pwr_mgmt_logs_data_const       0x00016da8   Data           8  nrf_pwr_mgmt.o(log_const_data)
    m_nrf_log_sortlist_logs_data_const       0x00016db0   Data           8  nrf_sortlist.o(log_const_data)
    m_nrf_log_app_logs_data_const            0x00016db8   Data           8  nrf_log_frontend.o(log_const_data)
    m_nrf_log_nrf_sdh_logs_data_const        0x00016dc0   Data           8  nrf_sdh.o(log_const_data)
    m_nrf_log_nrf_sdh_ant_logs_data_const    0x00016dc8   Data           8  nrf_sdh_ant.o(log_const_data)
    log_const_data$$Limit                    0x00016dd0   Number         0  nrf_sdh_ant.o(log_const_data)
    log_mempool                              0x00016dd0   Data          20  nrf_log_frontend.o(nrf_balloc)
    sdh_ant_observers1$$Base                 0x00016de4   Number         0  main.o(sdh_ant_observers1)
    sdh_ant_observers1$$Limit                0x00016dec   Number         0  main.o(sdh_ant_observers1)
    sdh_stack_observers0$$Base               0x00016dec   Number         0  nrf_sdh_ant.o(sdh_stack_observers0)
    sdh_stack_observers0$$Limit              0x00016df4   Number         0  nrf_sdh_ant.o(sdh_stack_observers0)
    nrf_drv_uart_use_easy_dma                0x20000bf0   Data           1  nrf_drv_uart.o(.data)
    m_uart                                   0x20000ce4   Data          20  nrf_log_backend_uart.o(.data)
    SystemCoreClock                          0x20000d58   Data           4  system_nrf52.o(.data)
    nrf_nvic_state                           0x20000e8c   Data          12  app_util_platform.o(.bss)
    STACK$$Base                              0x200014e0   Number         0  arm_startup_nrf52.o(STACK)
    STACK$$Limit                             0x200034e0   Number         0  arm_startup_nrf52.o(STACK)
    __initial_sp                             0x200034e0   Data           0  arm_startup_nrf52.o(STACK)



==============================================================================

Memory Map of the image

  Image Entry point : 0x00012201

  Load Region LR_IROM1 (Base: 0x00012000, Size: 0x00004fd0, Max: 0x0006e000, ABSOLUTE, COMPRESSED[0x00004e80])

    Execution Region ER_IROM1 (Exec base: 0x00012000, Load base: 0x00012000, Size: 0x00004df4, Max: 0x0006e000, ABSOLUTE)

    Exec Addr    Load Addr    Size         Type   Attr      Idx    E Section Name        Object

    0x00012000   0x00012000   0x00000200   Data   RO         3780    RESET               arm_startup_nrf52.o
    0x00012200   0x00012200   0x00000000   Code   RO         3849  * .ARM.Collect$$$$00000000  mc_w.l(entry.o)
    0x00012200   0x00012200   0x00000004   Code   RO         3901    .ARM.Collect$$$$00000001  mc_w.l(entry2.o)
    0x00012204   0x00012204   0x00000004   Code   RO         3904    .ARM.Collect$$$$00000004  mc_w.l(entry5.o)
    0x00012208   0x00012208   0x00000000   Code   RO         3906    .ARM.Collect$$$$00000008  mc_w.l(entry7b.o)
    0x00012208   0x00012208   0x00000000   Code   RO         3908    .ARM.Collect$$$$0000000A  mc_w.l(entry8b.o)
    0x00012208   0x00012208   0x00000008   Code   RO         3909    .ARM.Collect$$$$0000000B  mc_w.l(entry9a.o)
    0x00012210   0x00012210   0x00000004   Code   RO         3916    .ARM.Collect$$$$0000000E  mc_w.l(entry12b.o)
    0x00012214   0x00012214   0x00000000   Code   RO         3911    .ARM.Collect$$$$0000000F  mc_w.l(entry10a.o)
    0x00012214   0x00012214   0x00000000   Code   RO         3913    .ARM.Collect$$$$00000011  mc_w.l(entry11a.o)
    0x00012214   0x00012214   0x00000004   Code   RO         3902    .ARM.Collect$$$$00002712  mc_w.l(entry2.o)
    0x00012218   0x00012218   0x00000034   Code   RO         2088    .emb_text           hardfault_handler_keil.o
    0x0001224c   0x0001224c   0x000000c8   Code   RO         2177    .emb_text           nrf_atfifo.o
    0x00012314   0x00012314   0x000000e2   Code   RO         2247    .emb_text           nrf_atomic.o
    0x000123f6   0x000123f6   0x00000002   PAD
    0x000123f8   0x000123f8   0x00000024   Code   RO         3781    .text               arm_startup_nrf52.o
    0x0001241c   0x0001241c   0x00000062   Code   RO         3857    .text               mc_w.l(uldiv.o)
    0x0001247e   0x0001247e   0x0000001e   Code   RO         3859    .text               mc_w.l(llshl.o)
    0x0001249c   0x0001249c   0x00000008   Code   RO         3861    .text               mc_w.l(ctype_o.o)
    0x000124a4   0x000124a4   0x00000024   Code   RO         3889    .text               mc_w.l(memcpya.o)
    0x000124c8   0x000124c8   0x00000024   Code   RO         3891    .text               mc_w.l(memseta.o)
    0x000124ec   0x000124ec   0x0000000e   Code   RO         3893    .text               mc_w.l(strlen.o)
    0x000124fa   0x000124fa   0x00000020   Code   RO         3918    .text               mc_w.l(llushr.o)
    0x0001251a   0x0001251a   0x00000002   PAD
    0x0001251c   0x0001251c   0x00000024   Code   RO         3921    .text               mc_w.l(init.o)
    0x00012540   0x00012540   0x00000056   Code   RO         3931    .text               mc_w.l(__dczerorl2.o)
    0x00012596   0x00012596   0x00000002   PAD
    0x00012598   0x00012598   0x000000a4   Code   RO          727    i.GPIOTE_IRQHandler  nrfx_gpiote.o
    0x0001263c   0x0001263c   0x000001d8   Code   RO         2110    i.HardFault_c_handler  hardfault_implementation.o
    0x00012814   0x00012814   0x00000024   Code   RO         2111    i.HardFault_process  hardfault_implementation.o
    0x00012838   0x00012838   0x00000010   Code   RO         1919    i.RTC1_IRQHandler   drv_rtc.o
    0x00012848   0x00012848   0x00000004   Code   RO         3617    i.SWI2_EGU2_IRQHandler  nrf_sdh.o
    0x0001284c   0x0001284c   0x000002d8   Code   RO         3789    i.SystemInit        system_nrf52.o
    0x00012b24   0x00012b24   0x0000000c   Code   RO         1044    i.UARTE0_UART0_IRQHandler  nrfx_prs.o
    0x00012b30   0x00012b30   0x0000000e   Code   RO         3925    i.__scatterload_copy  mc_w.l(handlers.o)
    0x00012b3e   0x00012b3e   0x00000002   Code   RO         3926    i.__scatterload_null  mc_w.l(handlers.o)
    0x00012b40   0x00012b40   0x0000000e   Code   RO         3927    i.__scatterload_zeroinit  mc_w.l(handlers.o)
    0x00012b4e   0x00012b4e   0x00000002   PAD
    0x00012b50   0x00012b50   0x00000024   Code   RO         3618    i.__sd_nvic_app_accessible_irq  nrf_sdh.o
    0x00012b74   0x00012b74   0x00000006   Code   RO          386    i.alert_timer_handler  bsp.o
    0x00012b7a   0x00012b7a   0x0000003c   Code   RO          503    i.ant_channel_init  ant_channel_config.o
    0x00012bb6   0x00012bb6   0x00000046   Code   RO            4    i.ant_evt_handler   main.o
    0x00012bfc   0x00012bfc   0x00000024   Code   RO         1451    i.app_button_enable  app_button.o
    0x00012c20   0x00012c20   0x00000080   Code   RO         1452    i.app_button_init   app_button.o
    0x00012ca0   0x00012ca0   0x00000084   Code   RO         1615    i.app_error_fault_handler  app_error_weak.o
    0x00012d24   0x00012d24   0x00000016   Code   RO         1555    i.app_error_handler_bare  app_error.o
    0x00012d3a   0x00012d3a   0x00000002   PAD
    0x00012d3c   0x00012d3c   0x0000000c   Code   RO         1710    i.app_timer_cnt_get  app_timer2.o
    0x00012d48   0x00012d48   0x00000020   Code   RO         1711    i.app_timer_create  app_timer2.o
    0x00012d68   0x00012d68   0x0000005c   Code   RO         1712    i.app_timer_init    app_timer2.o
    0x00012dc4   0x00012dc4   0x00000054   Code   RO         1715    i.app_timer_start   app_timer2.o
    0x00012e18   0x00012e18   0x00000044   Code   RO         1716    i.app_timer_stop    app_timer2.o
    0x00012e5c   0x00012e5c   0x00000048   Code   RO         1851    i.app_util_critical_region_enter  app_util_platform.o
    0x00012ea4   0x00012ea4   0x00000034   Code   RO         1852    i.app_util_critical_region_exit  app_util_platform.o
    0x00012ed8   0x00012ed8   0x00000088   Code   RO         1098    i.apply_config      nrfx_uart.o
    0x00012f60   0x00012f60   0x00000088   Code   RO         1290    i.apply_config      nrfx_uarte.o
    0x00012fe8   0x00012fe8   0x00000054   Code   RO          278    i.bsp_board_init    boards.o
    0x0001303c   0x0001303c   0x00000024   Code   RO          280    i.bsp_board_led_invert  boards.o
    0x00013060   0x00013060   0x00000010   Code   RO          281    i.bsp_board_led_off  boards.o
    0x00013070   0x00013070   0x00000010   Code   RO          282    i.bsp_board_led_on  boards.o
    0x00013080   0x00013080   0x00000020   Code   RO          283    i.bsp_board_led_state_get  boards.o
    0x000130a0   0x000130a0   0x00000012   Code   RO          284    i.bsp_board_leds_off  boards.o
    0x000130b2   0x000130b2   0x00000012   Code   RO          285    i.bsp_board_leds_on  boards.o
    0x000130c4   0x000130c4   0x00000024   Code   RO          286    i.bsp_board_pin_to_button_idx  boards.o
    0x000130e8   0x000130e8   0x00000090   Code   RO          387    i.bsp_button_event_handler  bsp.o
    0x00013178   0x00013178   0x00000044   Code   RO          391    i.bsp_event_to_button_action_assign  bsp.o
    0x000131bc   0x000131bc   0x00000018   Code   RO          392    i.bsp_indication_set  bsp.o
    0x000131d4   0x000131d4   0x00000094   Code   RO          393    i.bsp_init          bsp.o
    0x00013268   0x00013268   0x000001c8   Code   RO          394    i.bsp_led_indication  bsp.o
    0x00013430   0x00013430   0x00000094   Code   RO         3010    i.buf_prealloc      nrf_log_frontend.o
    0x000134c4   0x000134c4   0x0000002e   Code   RO         2462    i.buffer_add        nrf_fprintf_format.o
    0x000134f2   0x000134f2   0x00000002   PAD
    0x000134f4   0x000134f4   0x00000018   Code   RO         3011    i.buffer_is_empty   nrf_log_frontend.o
    0x0001350c   0x0001350c   0x00000028   Code   RO         1454    i.button_get        app_button.o
    0x00013534   0x00013534   0x00000008   Code   RO          397    i.button_timer_handler  bsp.o
    0x0001353c   0x0001353c   0x0000001c   Code   RO          728    i.channel_free      nrfx_gpiote.o
    0x00013558   0x00013558   0x00000048   Code   RO          729    i.channel_port_alloc  nrfx_gpiote.o
    0x000135a0   0x000135a0   0x00000010   Code   RO          730    i.channel_port_get  nrfx_gpiote.o
    0x000135b0   0x000135b0   0x00000018   Code   RO         1718    i.compare_func      app_timer2.o
    0x000135c8   0x000135c8   0x00000048   Code   RO         1455    i.detection_delay_timeout_handler  app_button.o
    0x00013610   0x00013610   0x00000014   Code   RO         3012    i.dropped_sat16_get  nrf_log_frontend.o
    0x00013624   0x00013624   0x00000014   Code   RO         1920    i.drv_rtc_compare_disable  drv_rtc.o
    0x00013638   0x00013638   0x0000000e   Code   RO         1923    i.drv_rtc_compare_pending  drv_rtc.o
    0x00013646   0x00013646   0x00000050   Code   RO         1924    i.drv_rtc_compare_set  drv_rtc.o
    0x00013696   0x00013696   0x00000008   Code   RO         1925    i.drv_rtc_counter_get  drv_rtc.o
    0x0001369e   0x0001369e   0x00000002   PAD
    0x000136a0   0x000136a0   0x000000d8   Code   RO         1926    i.drv_rtc_init      drv_rtc.o
    0x00013778   0x00013778   0x0000001e   Code   RO         1927    i.drv_rtc_irq_trigger  drv_rtc.o
    0x00013796   0x00013796   0x00000008   Code   RO         1929    i.drv_rtc_overflow_enable  drv_rtc.o
    0x0001379e   0x0001379e   0x00000008   Code   RO         1930    i.drv_rtc_overflow_pending  drv_rtc.o
    0x000137a6   0x000137a6   0x00000008   Code   RO         1931    i.drv_rtc_start     drv_rtc.o
    0x000137ae   0x000137ae   0x00000008   Code   RO         1932    i.drv_rtc_stop      drv_rtc.o
    0x000137b6   0x000137b6   0x000000de   Code   RO         1937    i.drv_rtc_windowed_compare_set  drv_rtc.o
    0x00013894   0x00013894   0x00000012   Code   RO         1938    i.evt_enable        drv_rtc.o
    0x000138a6   0x000138a6   0x00000002   PAD
    0x000138a8   0x000138a8   0x000000e0   Code   RO         1456    i.evt_handle        app_button.o
    0x00013988   0x00013988   0x00000014   Code   RO         1939    i.evt_pending       drv_rtc.o
    0x0001399c   0x0001399c   0x00000034   Code   RO         1719    i.get_now           app_timer2.o
    0x000139d0   0x000139d0   0x0000003c   Code   RO         1457    i.gpiote_event_handler  app_button.o
    0x00013a0c   0x00013a0c   0x000000a6   Code   RO         2463    i.int_print         nrf_fprintf_format.o
    0x00013ab2   0x00013ab2   0x00000002   PAD
    0x00013ab4   0x00013ab4   0x00000088   Code   RO         1291    i.interrupts_enable  nrfx_uarte.o
    0x00013b3c   0x00013b3c   0x00000034   Code   RO         3013    i.invalid_packets_omit  nrf_log_frontend.o
    0x00013b70   0x00013b70   0x00000030   Code   RO          398    i.leds_off          bsp.o
    0x00013ba0   0x00013ba0   0x00000014   Code   RO          399    i.leds_timer_handler  bsp.o
    0x00013bb4   0x00013bb4   0x00000002   Code   RO         3014    i.log_pending_hook  nrf_log_frontend.o
    0x00013bb6   0x00013bb6   0x00000002   PAD
    0x00013bb8   0x00013bb8   0x000000a4   Code   RO         3015    i.log_skip          nrf_log_frontend.o
    0x00013c5c   0x00013c5c   0x000000cc   Code   RO            5    i.main              main.o
    0x00013d28   0x00013d28   0x0000007e   Code   RO         2502    i.memobj_op         nrf_memobj.o
    0x00013da6   0x00013da6   0x00000002   PAD
    0x00013da8   0x00013da8   0x00000030   Code   RO         3016    i.module_idx_get    nrf_log_frontend.o
    0x00013dd8   0x00013dd8   0x00000026   Code   RO         2181    i.nrf_atfifo_init   nrf_atfifo.o
    0x00013dfe   0x00013dfe   0x00000016   Code   RO         2182    i.nrf_atfifo_item_alloc  nrf_atfifo.o
    0x00013e14   0x00013e14   0x00000016   Code   RO         2183    i.nrf_atfifo_item_free  nrf_atfifo.o
    0x00013e2a   0x00013e2a   0x00000016   Code   RO         2184    i.nrf_atfifo_item_get  nrf_atfifo.o
    0x00013e40   0x00013e40   0x00000016   Code   RO         2185    i.nrf_atfifo_item_put  nrf_atfifo.o
    0x00013e56   0x00013e56   0x00000006   Code   RO         2249    i.nrf_atomic_flag_clear_fetch  nrf_atomic.o
    0x00013e5c   0x00013e5c   0x00000006   Code   RO         2250    i.nrf_atomic_flag_set  nrf_atomic.o
    0x00013e62   0x00013e62   0x0000000c   Code   RO         2252    i.nrf_atomic_u32_add  nrf_atomic.o
    0x00013e6e   0x00013e6e   0x0000000a   Code   RO         2256    i.nrf_atomic_u32_fetch_and  nrf_atomic.o
    0x00013e78   0x00013e78   0x0000000a   Code   RO         2258    i.nrf_atomic_u32_fetch_store  nrf_atomic.o
    0x00013e82   0x00013e82   0x0000000c   Code   RO         2262    i.nrf_atomic_u32_or  nrf_atomic.o
    0x00013e8e   0x00013e8e   0x0000000c   Code   RO         2264    i.nrf_atomic_u32_sub  nrf_atomic.o
    0x00013e9a   0x00013e9a   0x00000044   Code   RO         2386    i.nrf_balloc_alloc  nrf_balloc.o
    0x00013ede   0x00013ede   0x00000030   Code   RO         2387    i.nrf_balloc_free   nrf_balloc.o
    0x00013f0e   0x00013f0e   0x00000030   Code   RO         2388    i.nrf_balloc_init   nrf_balloc.o
    0x00013f3e   0x00013f3e   0x00000010   Code   RO          731    i.nrf_bitmask_bit_is_set  nrfx_gpiote.o
    0x00013f4e   0x00013f4e   0x00000002   PAD
    0x00013f50   0x00013f50   0x00000068   Code   RO          536    i.nrf_drv_uart_init  nrf_drv_uart.o
    0x00013fb8   0x00013fb8   0x0000001a   Code   RO         2423    i.nrf_fprintf       nrf_fprintf.o
    0x00013fd2   0x00013fd2   0x00000018   Code   RO         2424    i.nrf_fprintf_buffer_flush  nrf_fprintf.o
    0x00013fea   0x00013fea   0x000001da   Code   RO         2464    i.nrf_fprintf_fmt   nrf_fprintf_format.o
    0x000141c4   0x000141c4   0x00000024   Code   RO          288    i.nrf_gpio_cfg      boards.o
    0x000141e8   0x000141e8   0x00000024   Code   RO          732    i.nrf_gpio_cfg      nrfx_gpiote.o
    0x0001420c   0x0001420c   0x00000024   Code   RO         1099    i.nrf_gpio_cfg      nrfx_uart.o
    0x00014230   0x00014230   0x00000024   Code   RO         1292    i.nrf_gpio_cfg      nrfx_uarte.o
    0x00014254   0x00014254   0x00000012   Code   RO         1100    i.nrf_gpio_cfg_default  nrfx_uart.o
    0x00014266   0x00014266   0x00000012   Code   RO         1293    i.nrf_gpio_cfg_default  nrfx_uarte.o
    0x00014278   0x00014278   0x00000012   Code   RO         1101    i.nrf_gpio_cfg_input  nrfx_uart.o
    0x0001428a   0x0001428a   0x00000012   Code   RO         1294    i.nrf_gpio_cfg_input  nrfx_uarte.o
    0x0001429c   0x0001429c   0x00000014   Code   RO         1102    i.nrf_gpio_cfg_output  nrfx_uart.o
    0x000142b0   0x000142b0   0x00000014   Code   RO         1295    i.nrf_gpio_cfg_output  nrfx_uarte.o
    0x000142c4   0x000142c4   0x00000022   Code   RO          734    i.nrf_gpio_cfg_sense_set  nrfx_gpiote.o
    0x000142e6   0x000142e6   0x00000002   PAD
    0x000142e8   0x000142e8   0x0000002c   Code   RO          735    i.nrf_gpio_latches_read_and_clear  nrfx_gpiote.o
    0x00014314   0x00014314   0x0000001e   Code   RO          736    i.nrf_gpio_pin_present_check  nrfx_gpiote.o
    0x00014332   0x00014332   0x00000016   Code   RO          289    i.nrf_gpio_pin_write  boards.o
    0x00014348   0x00014348   0x00000014   Code   RO          737    i.nrf_gpiote_event_clear  nrfx_gpiote.o
    0x0001435c   0x0001435c   0x00000010   Code   RO          738    i.nrf_gpiote_event_is_set  nrfx_gpiote.o
    0x0001436c   0x0001436c   0x0000005c   Code   RO         3017    i.nrf_log_backend_add  nrf_log_frontend.o
    0x000143c8   0x000143c8   0x000000c2   Code   RO         2861    i.nrf_log_backend_serial_put  nrf_log_backend_serial.o
    0x0001448a   0x0001448a   0x00000002   Code   RO         2901    i.nrf_log_backend_uart_flush  nrf_log_backend_uart.o
    0x0001448c   0x0001448c   0x00000006   Code   RO         2902    i.nrf_log_backend_uart_init  nrf_log_backend_uart.o
    0x00014492   0x00014492   0x00000002   PAD
    0x00014494   0x00014494   0x0000002c   Code   RO         2903    i.nrf_log_backend_uart_panic_set  nrf_log_backend_uart.o
    0x000144c0   0x000144c0   0x00000018   Code   RO         2904    i.nrf_log_backend_uart_put  nrf_log_backend_uart.o
    0x000144d8   0x000144d8   0x00000030   Code   RO         3019    i.nrf_log_color_id_get  nrf_log_frontend.o
    0x00014508   0x00014508   0x0000001c   Code   RO         2974    i.nrf_log_default_backends_init  nrf_log_default_backends.o
    0x00014524   0x00014524   0x00000234   Code   RO         3020    i.nrf_log_frontend_dequeue  nrf_log_frontend.o
    0x00014758   0x00014758   0x00000008   Code   RO         3022    i.nrf_log_frontend_std_0  nrf_log_frontend.o
    0x00014760   0x00014760   0x0000000e   Code   RO         3023    i.nrf_log_frontend_std_1  nrf_log_frontend.o
    0x0001476e   0x0001476e   0x00000012   Code   RO         3025    i.nrf_log_frontend_std_3  nrf_log_frontend.o
    0x00014780   0x00014780   0x00000014   Code   RO         3026    i.nrf_log_frontend_std_4  nrf_log_frontend.o
    0x00014794   0x00014794   0x000000b0   Code   RO         3203    i.nrf_log_hexdump_entry_process  nrf_log_str_formatter.o
    0x00014844   0x00014844   0x00000028   Code   RO         3029    i.nrf_log_init      nrf_log_frontend.o
    0x0001486c   0x0001486c   0x00000014   Code   RO         3030    i.nrf_log_module_cnt_get  nrf_log_frontend.o
    0x00014880   0x00014880   0x0000001c   Code   RO         3033    i.nrf_log_module_name_get  nrf_log_frontend.o
    0x0001489c   0x0001489c   0x00000028   Code   RO         3034    i.nrf_log_panic     nrf_log_frontend.o
    0x000148c4   0x000148c4   0x000000b6   Code   RO         3204    i.nrf_log_std_entry_process  nrf_log_str_formatter.o
    0x0001497a   0x0001497a   0x00000060   Code   RO         2503    i.nrf_memobj_alloc  nrf_memobj.o
    0x000149da   0x000149da   0x00000032   Code   RO         2504    i.nrf_memobj_free   nrf_memobj.o
    0x00014a0c   0x00014a0c   0x00000008   Code   RO         2505    i.nrf_memobj_get    nrf_memobj.o
    0x00014a14   0x00014a14   0x00000004   Code   RO         2506    i.nrf_memobj_pool_init  nrf_memobj.o
    0x00014a18   0x00014a18   0x0000001e   Code   RO         2507    i.nrf_memobj_put    nrf_memobj.o
    0x00014a36   0x00014a36   0x00000010   Code   RO         2508    i.nrf_memobj_read   nrf_memobj.o
    0x00014a46   0x00014a46   0x00000010   Code   RO         2509    i.nrf_memobj_write  nrf_memobj.o
    0x00014a56   0x00014a56   0x00000002   PAD
    0x00014a58   0x00014a58   0x00000050   Code   RO         2581    i.nrf_pwr_mgmt_init  nrf_pwr_mgmt.o
    0x00014aa8   0x00014aa8   0x00000068   Code   RO         2582    i.nrf_pwr_mgmt_run  nrf_pwr_mgmt.o
    0x00014b10   0x00014b10   0x0000001c   Code   RO         2661    i.nrf_ringbuf_init  nrf_ringbuf.o
    0x00014b2c   0x00014b2c   0x0000000c   Code   RO         1940    i.nrf_rtc_event_clear  drv_rtc.o
    0x00014b38   0x00014b38   0x00000068   Code   RO         3738    i.nrf_sdh_ant_enable  nrf_sdh_ant.o
    0x00014ba0   0x00014ba0   0x00000058   Code   RO         3739    i.nrf_sdh_ant_evts_poll  nrf_sdh_ant.o
    0x00014bf8   0x00014bf8   0x0000009c   Code   RO         3620    i.nrf_sdh_enable_request  nrf_sdh.o
    0x00014c94   0x00014c94   0x00000024   Code   RO         3621    i.nrf_sdh_evts_poll  nrf_sdh.o
    0x00014cb8   0x00014cb8   0x0000000c   Code   RO         3622    i.nrf_sdh_is_enabled  nrf_sdh.o
    0x00014cc4   0x00014cc4   0x0000000a   Code   RO         2719    i.nrf_section_iter_init  nrf_section_iter.o
    0x00014cce   0x00014cce   0x00000024   Code   RO         2720    i.nrf_section_iter_item_set  nrf_section_iter.o
    0x00014cf2   0x00014cf2   0x00000020   Code   RO         2721    i.nrf_section_iter_next  nrf_section_iter.o
    0x00014d12   0x00014d12   0x00000022   Code   RO         2754    i.nrf_sortlist_add  nrf_sortlist.o
    0x00014d34   0x00014d34   0x00000006   Code   RO         2756    i.nrf_sortlist_peek  nrf_sortlist.o
    0x00014d3a   0x00014d3a   0x0000000e   Code   RO         2757    i.nrf_sortlist_pop  nrf_sortlist.o
    0x00014d48   0x00014d48   0x0000001e   Code   RO         2758    i.nrf_sortlist_remove  nrf_sortlist.o
    0x00014d66   0x00014d66   0x00000002   PAD
    0x00014d68   0x00014d68   0x00000038   Code   RO         2810    i.nrf_strerror_find  nrf_strerror.o
    0x00014da0   0x00014da0   0x00000014   Code   RO         2811    i.nrf_strerror_get  nrf_strerror.o
    0x00014db4   0x00014db4   0x0000000a   Code   RO         1103    i.nrf_uart_event_check  nrfx_uart.o
    0x00014dbe   0x00014dbe   0x0000000c   Code   RO         1104    i.nrf_uart_event_clear  nrfx_uart.o
    0x00014dca   0x00014dca   0x0000000c   Code   RO         1105    i.nrf_uart_int_enable_check  nrfx_uart.o
    0x00014dd6   0x00014dd6   0x0000000a   Code   RO         1296    i.nrf_uarte_event_check  nrfx_uarte.o
    0x00014de0   0x00014de0   0x0000000c   Code   RO         1297    i.nrf_uarte_event_clear  nrfx_uarte.o
    0x00014dec   0x00014dec   0x00000010   Code   RO         1941    i.nrfx_coredep_delay_us  drv_rtc.o
    0x00014dfc   0x00014dfc   0x000000a0   Code   RO          744    i.nrfx_gpiote_in_event_enable  nrfx_gpiote.o
    0x00014e9c   0x00014e9c   0x000000cc   Code   RO          746    i.nrfx_gpiote_in_init  nrfx_gpiote.o
    0x00014f68   0x00014f68   0x00000014   Code   RO          747    i.nrfx_gpiote_in_is_set  nrfx_gpiote.o
    0x00014f7c   0x00014f7c   0x00000074   Code   RO          749    i.nrfx_gpiote_init  nrfx_gpiote.o
    0x00014ff0   0x00014ff0   0x00000014   Code   RO          750    i.nrfx_gpiote_is_init  nrfx_gpiote.o
    0x00015004   0x00015004   0x00000010   Code   RO         1298    i.nrfx_is_in_ram    nrfx_uarte.o
    0x00015014   0x00015014   0x0000003a   Code   RO         1045    i.nrfx_prs_acquire  nrfx_prs.o
    0x0001504e   0x0001504e   0x00000012   Code   RO         1046    i.nrfx_prs_release  nrfx_prs.o
    0x00015060   0x00015060   0x00000010   Code   RO         1106    i.nrfx_uart_0_irq_handler  nrfx_uart.o
    0x00015070   0x00015070   0x000000d4   Code   RO         1108    i.nrfx_uart_init    nrfx_uart.o
    0x00015144   0x00015144   0x000000a8   Code   RO         1114    i.nrfx_uart_tx      nrfx_uart.o
    0x000151ec   0x000151ec   0x00000020   Code   RO         1116    i.nrfx_uart_tx_in_progress  nrfx_uart.o
    0x0001520c   0x0001520c   0x000000c0   Code   RO         1117    i.nrfx_uart_uninit  nrfx_uart.o
    0x000152cc   0x000152cc   0x00000010   Code   RO         1299    i.nrfx_uarte_0_irq_handler  nrfx_uarte.o
    0x000152dc   0x000152dc   0x0000006c   Code   RO         1301    i.nrfx_uarte_init   nrfx_uarte.o
    0x00015348   0x00015348   0x000000ac   Code   RO         1305    i.nrfx_uarte_tx     nrfx_uarte.o
    0x000153f4   0x000153f4   0x0000001c   Code   RO         1307    i.nrfx_uarte_tx_in_progress  nrfx_uarte.o
    0x00015410   0x00015410   0x00000108   Code   RO         1308    i.nrfx_uarte_uninit  nrfx_uarte.o
    0x00015518   0x00015518   0x00000018   Code   RO         3790    i.nvmc_config       system_nrf52.o
    0x00015530   0x00015530   0x0000001c   Code   RO          768    i.pin_configured_set  nrfx_gpiote.o
    0x0001554c   0x0001554c   0x00000018   Code   RO          769    i.pin_in_use_by_port  nrfx_gpiote.o
    0x00015564   0x00015564   0x00000018   Code   RO          770    i.pin_in_use_by_te  nrfx_gpiote.o
    0x0001557c   0x0001557c   0x000000b4   Code   RO          771    i.port_event_handle  nrfx_gpiote.o
    0x00015630   0x00015630   0x00000010   Code   RO          772    i.port_handler_polarity_get  nrfx_gpiote.o
    0x00015640   0x00015640   0x0000003c   Code   RO         3206    i.postfix_process   nrf_log_str_formatter.o
    0x0001567c   0x0001567c   0x00000098   Code   RO         3207    i.prefix_process    nrf_log_str_formatter.o
    0x00015714   0x00015714   0x00000018   Code   RO         1047    i.prs_box_get       nrfx_prs.o
    0x0001572c   0x0001572c   0x0000005c   Code   RO         1720    i.rtc_irq           app_timer2.o
    0x00015788   0x00015788   0x0000006c   Code   RO         1721    i.rtc_schedule      app_timer2.o
    0x000157f4   0x000157f4   0x0000008c   Code   RO         1722    i.rtc_update        app_timer2.o
    0x00015880   0x00015880   0x00000032   Code   RO         1118    i.rx_byte           nrfx_uart.o
    0x000158b2   0x000158b2   0x00000016   Code   RO         1119    i.rx_done_event     nrfx_uart.o
    0x000158c8   0x000158c8   0x00000016   Code   RO         1309    i.rx_done_event     nrfx_uarte.o
    0x000158de   0x000158de   0x00000002   PAD
    0x000158e0   0x000158e0   0x00000030   Code   RO         3627    i.sdh_request_observer_notify  nrf_sdh.o
    0x00015910   0x00015910   0x0000002c   Code   RO         3628    i.sdh_state_observer_notify  nrf_sdh.o
    0x0001593c   0x0001593c   0x00000040   Code   RO         2905    i.serial_tx         nrf_log_backend_uart.o
    0x0001597c   0x0001597c   0x00000058   Code   RO         3630    i.softdevices_evt_irq_enable  nrf_sdh.o
    0x000159d4   0x000159d4   0x0000000c   Code   RO         1723    i.sortlist_pop      app_timer2.o
    0x000159e0   0x000159e0   0x00000030   Code   RO         1458    i.state_set         app_button.o
    0x00015a10   0x00015a10   0x00000098   Code   RO         3036    i.std_n             nrf_log_frontend.o
    0x00015aa8   0x00015aa8   0x00000098   Code   RO         1724    i.timer_expire      app_timer2.o
    0x00015b40   0x00015b40   0x00000080   Code   RO         1725    i.timer_req_process  app_timer2.o
    0x00015bc0   0x00015bc0   0x00000038   Code   RO         1726    i.timer_req_schedule  app_timer2.o
    0x00015bf8   0x00015bf8   0x00000018   Code   RO         1459    i.timer_start       app_button.o
    0x00015c10   0x00015c10   0x00000020   Code   RO         1121    i.tx_byte           nrfx_uart.o
    0x00015c30   0x00015c30   0x0000001a   Code   RO         1122    i.tx_done_event     nrfx_uart.o
    0x00015c4a   0x00015c4a   0x0000001a   Code   RO         1310    i.tx_done_event     nrfx_uarte.o
    0x00015c64   0x00015c64   0x00000030   Code   RO          537    i.uart_evt_handler  nrf_drv_uart.o
    0x00015c94   0x00015c94   0x0000000c   Code   RO         2906    i.uart_evt_handler  nrf_log_backend_uart.o
    0x00015ca0   0x00015ca0   0x00000050   Code   RO         2907    i.uart_init         nrf_log_backend_uart.o
    0x00015cf0   0x00015cf0   0x0000012a   Code   RO         1123    i.uart_irq_handler  nrfx_uart.o
    0x00015e1a   0x00015e1a   0x00000002   PAD
    0x00015e1c   0x00015e1c   0x00000030   Code   RO          538    i.uarte_evt_handler  nrf_drv_uart.o
    0x00015e4c   0x00015e4c   0x00000112   Code   RO         1311    i.uarte_irq_handler  nrfx_uarte.o
    0x00015f5e   0x00015f5e   0x00000002   PAD
    0x00015f60   0x00015f60   0x000000b4   Code   RO         2465    i.unsigned_print    nrf_fprintf_format.o
    0x00016014   0x00016014   0x00000020   Code   RO         1460    i.usr_event         app_button.o
    0x00016034   0x00016034   0x0000000c   Data   RO            6    .constdata          main.o
    0x00016040   0x00016040   0x00000008   Data   RO          290    .constdata          boards.o
    0x00016048   0x00016048   0x0000002c   Data   RO          402    .constdata          bsp.o
    0x00016074   0x00016074   0x00000004   Data   RO          774    .constdata          nrfx_gpiote.o
    0x00016078   0x00016078   0x00000004   Data   RO         1126    .constdata          nrfx_uart.o
    0x0001607c   0x0001607c   0x00000004   Data   RO         1314    .constdata          nrfx_uarte.o
    0x00016080   0x00016080   0x00000008   Data   RO         1462    .constdata          app_button.o
    0x00016088   0x00016088   0x00000014   Data   RO         1729    .constdata          app_timer2.o
    0x0001609c   0x0001609c   0x00000004   PAD
    0x000160a0   0x000160a0   0x00000006   Data   RO         1942    .constdata          drv_rtc.o
    0x000160a6   0x000160a6   0x00000010   Data   RO         2466    .constdata          nrf_fprintf_format.o
    0x000160b6   0x000160b6   0x00000002   PAD
    0x000160b8   0x000160b8   0x00000018   Data   RO         2586    .constdata          nrf_pwr_mgmt.o
    0x000160d0   0x000160d0   0x0000000c   Data   RO         2587    .constdata          nrf_pwr_mgmt.o
    0x000160dc   0x000160dc   0x0000013c   Data   RO         2812    .constdata          nrf_strerror.o
    0x00016218   0x00016218   0x0000000c   Data   RO         2909    .constdata          nrf_log_backend_uart.o
    0x00016224   0x00016224   0x00000020   Data   RO         2910    .constdata          nrf_log_backend_uart.o
    0x00016244   0x00016244   0x0000000c   Data   RO         3041    .constdata          nrf_log_frontend.o
    0x00016250   0x00016250   0x00000010   Data   RO         3631    .constdata          nrf_sdh.o
    0x00016260   0x00016260   0x00000028   Data   RO         3632    .constdata          nrf_sdh.o
    0x00016288   0x00016288   0x00000010   Data   RO         3633    .constdata          nrf_sdh.o
    0x00016298   0x00016298   0x00000010   Data   RO         3634    .constdata          nrf_sdh.o
    0x000162a8   0x000162a8   0x00000010   Data   RO         3741    .constdata          nrf_sdh_ant.o
    0x000162b8   0x000162b8   0x00000018   Data   RO         3742    .constdata          nrf_sdh_ant.o
    0x000162d0   0x000162d0   0x00000081   Data   RO         3862    .constdata          mc_w.l(ctype_o.o)
    0x00016351   0x00016351   0x00000003   PAD
    0x00016354   0x00016354   0x00000004   Data   RO         3863    .constdata          mc_w.l(ctype_o.o)
    0x00016358   0x00016358   0x00000515   Data   RO         2112    .conststring        hardfault_implementation.o
    0x0001686d   0x0001686d   0x00000003   PAD
    0x00016870   0x00016870   0x000003eb   Data   RO         2813    .conststring        nrf_strerror.o
    0x00016c5b   0x00016c5b   0x00000001   PAD
    0x00016c5c   0x00016c5c   0x0000005d   Data   RO         3208    .conststring        nrf_log_str_formatter.o
    0x00016cb9   0x00016cb9   0x00000003   PAD
    0x00016cbc   0x00016cbc   0x00000007   Data   RO          778    .conststrlit        nrfx_gpiote.o
    0x00016cc3   0x00016cc3   0x00000001   PAD
    0x00016cc4   0x00016cc4   0x00000004   Data   RO         1049    .conststrlit        nrfx_prs.o
    0x00016cc8   0x00016cc8   0x00000005   Data   RO         1129    .conststrlit        nrfx_uart.o
    0x00016ccd   0x00016ccd   0x00000003   PAD
    0x00016cd0   0x00016cd0   0x00000006   Data   RO         1317    .conststrlit        nrfx_uarte.o
    0x00016cd6   0x00016cd6   0x00000002   PAD
    0x00016cd8   0x00016cd8   0x0000000b   Data   RO         1463    .conststrlit        app_button.o
    0x00016ce3   0x00016ce3   0x00000001   PAD
    0x00016ce4   0x00016ce4   0x0000000a   Data   RO         1730    .conststrlit        app_timer2.o
    0x00016cee   0x00016cee   0x00000002   PAD
    0x00016cf0   0x00016cf0   0x0000000a   Data   RO         2113    .conststrlit        hardfault_implementation.o
    0x00016cfa   0x00016cfa   0x00000002   PAD
    0x00016cfc   0x00016cfc   0x00000009   Data   RO         2588    .conststrlit        nrf_pwr_mgmt.o
    0x00016d05   0x00016d05   0x00000003   PAD
    0x00016d08   0x00016d08   0x00000009   Data   RO         2759    .conststrlit        nrf_sortlist.o
    0x00016d11   0x00016d11   0x00000003   PAD
    0x00016d14   0x00016d14   0x00000011   Data   RO         2975    .conststrlit        nrf_log_default_backends.o
    0x00016d25   0x00016d25   0x00000003   PAD
    0x00016d28   0x00016d28   0x00000004   Data   RO         3042    .conststrlit        nrf_log_frontend.o
    0x00016d2c   0x00016d2c   0x00000008   Data   RO         3635    .conststrlit        nrf_sdh.o
    0x00016d34   0x00016d34   0x0000000c   Data   RO         3743    .conststrlit        nrf_sdh_ant.o
    0x00016d40   0x00016d40   0x00000020   Data   RO         3923    Region$$Table       anon$$obj.o
    0x00016d60   0x00016d60   0x00000010   Data   RO         2977    log_backends        nrf_log_default_backends.o
    0x00016d70   0x00016d70   0x00000008   Data   RO          779    log_const_data      nrfx_gpiote.o
    0x00016d78   0x00016d78   0x00000008   Data   RO         1051    log_const_data      nrfx_prs.o
    0x00016d80   0x00016d80   0x00000008   Data   RO         1130    log_const_data      nrfx_uart.o
    0x00016d88   0x00016d88   0x00000008   Data   RO         1318    log_const_data      nrfx_uarte.o
    0x00016d90   0x00016d90   0x00000008   Data   RO         1466    log_const_data      app_button.o
    0x00016d98   0x00016d98   0x00000008   Data   RO         1733    log_const_data      app_timer2.o
    0x00016da0   0x00016da0   0x00000008   Data   RO         2115    log_const_data      hardfault_implementation.o
    0x00016da8   0x00016da8   0x00000008   Data   RO         2590    log_const_data      nrf_pwr_mgmt.o
    0x00016db0   0x00016db0   0x00000008   Data   RO         2760    log_const_data      nrf_sortlist.o
    0x00016db8   0x00016db8   0x00000008   Data   RO         3046    log_const_data      nrf_log_frontend.o
    0x00016dc0   0x00016dc0   0x00000008   Data   RO         3637    log_const_data      nrf_sdh.o
    0x00016dc8   0x00016dc8   0x00000008   Data   RO         3745    log_const_data      nrf_sdh_ant.o
    0x00016dd0   0x00016dd0   0x00000014   Data   RO         3047    nrf_balloc          nrf_log_frontend.o
    0x00016de4   0x00016de4   0x00000008   Data   RO            7    sdh_ant_observers1  main.o
    0x00016dec   0x00016dec   0x00000008   Data   RO         3746    sdh_stack_observers0  nrf_sdh_ant.o


    Execution Region RW_IRAM1 (Exec base: 0x20000b80, Load base: 0x00016df4, Size: 0x00002960, Max: 0x0000f480, ABSOLUTE, COMPRESSED[0x0000008c])

    Exec Addr    Load Addr    Size         Type   Attr      Idx    E Section Name        Object

    0x20000b80   COMPRESSED   0x00000010   Data   RW          403    .data               bsp.o
    0x20000b90   COMPRESSED   0x00000020   Data   RW          404    .data               bsp.o
    0x20000bb0   COMPRESSED   0x00000020   Data   RW          405    .data               bsp.o
    0x20000bd0   COMPRESSED   0x00000020   Data   RW          406    .data               bsp.o
    0x20000bf0   COMPRESSED   0x0000000c   Data   RW          539    .data               nrf_drv_uart.o
    0x20000bfc   COMPRESSED   0x00000008   Data   RW         1050    .data               nrfx_prs.o
    0x20000c04   COMPRESSED   0x00000004   PAD
    0x20000c08   COMPRESSED   0x00000018   Data   RW         1464    .data               app_button.o
    0x20000c20   COMPRESSED   0x00000020   Data   RW         1465    .data               app_button.o
    0x20000c40   COMPRESSED   0x00000020   Data   RW         1731    .data               app_timer2.o
    0x20000c60   COMPRESSED   0x00000004   Data   RW         1732    .data               app_timer2.o
    0x20000c64   COMPRESSED   0x0000000c   Data   RW         1943    .data               drv_rtc.o
    0x20000c70   COMPRESSED   0x00000068   Data   RW         2114    .data               hardfault_implementation.o
    0x20000cd8   COMPRESSED   0x00000008   Data   RW         2589    .data               nrf_pwr_mgmt.o
    0x20000ce0   COMPRESSED   0x00000018   Data   RW         2911    .data               nrf_log_backend_uart.o
    0x20000cf8   COMPRESSED   0x00000008   Data   RW         2976    .data               nrf_log_default_backends.o
    0x20000d00   COMPRESSED   0x00000004   Data   RW         3043    .data               nrf_log_frontend.o
    0x20000d04   COMPRESSED   0x00000008   Data   RW         3044    .data               nrf_log_frontend.o
    0x20000d0c   COMPRESSED   0x00000008   Data   RW         3045    .data               nrf_log_frontend.o
    0x20000d14   COMPRESSED   0x00000040   Data   RW         3209    .data               nrf_log_str_formatter.o
    0x20000d54   COMPRESSED   0x00000003   Data   RW         3636    .data               nrf_sdh.o
    0x20000d57   COMPRESSED   0x00000001   Data   RW         3744    .data               nrf_sdh_ant.o
    0x20000d58   COMPRESSED   0x00000004   Data   RW         3792    .data               system_nrf52.o
    0x20000d5c        -       0x0000000c   Zero   RW          401    .bss                bsp.o
    0x20000d68        -       0x0000005c   Zero   RW          773    .bss                nrfx_gpiote.o
    0x20000dc4        -       0x0000002c   Zero   RW         1124    .bss                nrfx_uart.o
    0x20000df0        -       0x00000024   Zero   RW         1312    .bss                nrfx_uarte.o
    0x20000e14        -       0x00000010   Zero   RW         1461    .bss                app_button.o
    0x20000e24        -       0x00000010   Zero   RW         1727    .bss                app_timer2.o
    0x20000e34        -       0x00000058   Zero   RW         1728    .bss                app_timer2.o
    0x20000e8c        -       0x0000000c   Zero   RW         1857    .bss                app_util_platform.o
    0x20000e98        -       0x0000000c   Zero   RW         2585    .bss                nrf_pwr_mgmt.o
    0x20000ea4        -       0x00000040   Zero   RW         2908    .bss                nrf_log_backend_uart.o
    0x20000ee4        -       0x000000c0   Zero   RW         3037    .bss                nrf_log_frontend.o
    0x20000fa4        -       0x00000080   Zero   RW         3038    .bss                nrf_log_frontend.o
    0x20001024        -       0x00000018   Zero   RW         3039    .bss                nrf_log_frontend.o
    0x2000103c        -       0x00000420   Zero   RW         3040    .bss                nrf_log_frontend.o
    0x2000145c        -       0x00000080   Zero   RW         3740    .bss                nrf_sdh_ant.o
    0x200014dc   COMPRESSED   0x00000004   PAD
    0x200014e0        -       0x00002000   Zero   RW         3778    STACK               arm_startup_nrf52.o


==============================================================================

Image component sizes


      Code (inc. data)   RO Data    RW Data    ZI Data      Debug   Object Name

        60          0          0          0          0       1623   ant_channel_config.o
       664         66         27         56         16      22486   app_button.o
        22          0          0          0          0       2525   app_error.o
       132         46          0          0          0      34233   app_error_weak.o
      1052         90         38         36        104      17121   app_timer2.o
       124         14          0          0         12      10690   app_util_platform.o
        36          8        512          0       8192        916   arm_startup_nrf52.o
       314         30          8          0          0      12848   boards.o
       922         84         44        112         12      13668   bsp.o
       704         76          6         12          0      48605   drv_rtc.o
        52         14          0          0          0        620   hardfault_handler_keil.o
       508        276       1319        104          0       3224   hardfault_implementation.o
       274         54         20          0          0     101630   main.o
       326          0          0          0          0       5931   nrf_atfifo.o
       294          0          0          0          0       7831   nrf_atomic.o
       164          0          0          0          0       3632   nrf_balloc.o
       200         26          0         12          0      17792   nrf_drv_uart.o
        50          0          0          0          0       3581   nrf_fprintf.o
       866          4         16          0          0       6558   nrf_fprintf_format.o
       194          0          0          0          0      11649   nrf_log_backend_serial.o
       232         44         44         24         64      15882   nrf_log_backend_uart.o
        28          4         33          8          0       3349   nrf_log_default_backends.o
      1502        128         44         20       1400      31270   nrf_log_frontend.o
       570        108         93         64          0       5656   nrf_log_str_formatter.o
       346          0          0          0          0       9575   nrf_memobj.o
       184         28         53          8         12      45726   nrf_pwr_mgmt.o
        28          0          0          0          0       2387   nrf_ringbuf.o
       424         84        104          3          0      42819   nrf_sdh.o
       192         58         68          1        128       3461   nrf_sdh_ant.o
        78          0          0          0          0       2780   nrf_section_iter.o
        84          0         17          0          0       4093   nrf_sortlist.o
        76         10       1319          0          0       2727   nrf_strerror.o
      1268        106         19          0         92      69241   nrfx_gpiote.o
       112         16         12          8          0       4484   nrfx_prs.o
      1310         42         17          0         44      60608   nrfx_uart.o
      1312         42         18          0         36      26011   nrfx_uarte.o
       752         78          0          4          0      32285   system_nrf52.o

    ----------------------------------------------------------------------
     15488       1536       3896        476      10116     689517   Object Totals
         0          0         32          0          0          0   (incl. Generated)
        32          0         33          4          4          0   (incl. Padding)

    ----------------------------------------------------------------------

      Code (inc. data)   RO Data    RW Data    ZI Data      Debug   Library Member Name

        86          0          0          0          0          0   __dczerorl2.o
         8          4        133          0          0         68   ctype_o.o
         0          0          0          0          0          0   entry.o
         0          0          0          0          0          0   entry10a.o
         0          0          0          0          0          0   entry11a.o
         4          0          0          0          0          0   entry12b.o
         8          4          0          0          0          0   entry2.o
         4          0          0          0          0          0   entry5.o
         0          0          0          0          0          0   entry7b.o
         0          0          0          0          0          0   entry8b.o
         8          4          0          0          0          0   entry9a.o
        30          0          0          0          0          0   handlers.o
        36          8          0          0          0         68   init.o
        30          0          0          0          0         68   llshl.o
        32          0          0          0          0         68   llushr.o
        36          0          0          0          0         68   memcpya.o
        36          0          0          0          0        108   memseta.o
        14          0          0          0          0         68   strlen.o
        98          0          0          0          0         92   uldiv.o

    ----------------------------------------------------------------------
       436         20        136          0          0        608   Library Totals
         6          0          3          0          0          0   (incl. Padding)

    ----------------------------------------------------------------------

      Code (inc. data)   RO Data    RW Data    ZI Data      Debug   Library Name

       430         20        133          0          0        608   mc_w.l

    ----------------------------------------------------------------------
       436         20        136          0          0        608   Library Totals

    ----------------------------------------------------------------------

==============================================================================


      Code (inc. data)   RO Data    RW Data    ZI Data      Debug   

     15924       1556       4032        476      10116     669053   Grand Totals
     15924       1556       4032        140      10116     669053   ELF Image Totals (compressed)
     15924       1556       4032        140          0          0   ROM Totals

==============================================================================

    Total RO  Size (Code + RO Data)                19956 (  19.49kB)
    Total RW  Size (RW Data + ZI Data)             10592 (  10.34kB)
    Total ROM Size (Code + RO Data + RW Data)      20096 (  19.63kB)

==============================================================================

