Archive member included to satisfy reference by file (symbol)

C:/Program Files/SEGGER/SEGGER Embedded Studio for ARM 7.10a/lib/libc_v7em_fpv4_sp_d16_hard_t_le_eabi_balanced.a(intasmops_arm.o)
                              Output/Release/Obj/ant_broadcast_rx_pca10040_s212/bsp.o (__aeabi_ldivmod)
C:/Program Files/SEGGER/SEGGER Embedded Studio for ARM 7.10a/lib/libc_v7em_fpv4_sp_d16_hard_t_le_eabi_balanced.a(mbops.o)
                              Output/Release/Obj/ant_broadcast_rx_pca10040_s212/nrf_log_str_formatter.o (isprint)
C:/Program Files/SEGGER/SEGGER Embedded Studio for ARM 7.10a/lib/libc_v7em_fpv4_sp_d16_hard_t_le_eabi_balanced.a(sortops.o)
                              C:/Program Files/SEGGER/SEGGER Embedded Studio for ARM 7.10a/lib/libc_v7em_fpv4_sp_d16_hard_t_le_eabi_balanced.a(mbops.o) (bsearch)
C:/Program Files/SEGGER/SEGGER Embedded Studio for ARM 7.10a/lib/libc_v7em_fpv4_sp_d16_hard_t_le_eabi_balanced.a(strasmops_arm.o)
                              Output/Release/Obj/ant_broadcast_rx_pca10040_s212/SEGGER_RTT.o (strcpy)
C:/Program Files/SEGGER/SEGGER Embedded Studio for ARM 7.10a/lib/libc_v7em_fpv4_sp_d16_hard_t_le_eabi_balanced.a(strops.o)
                              C:/Program Files/SEGGER/SEGGER Embedded Studio for ARM 7.10a/lib/libc_v7em_fpv4_sp_d16_hard_t_le_eabi_balanced.a(mbops.o) (strcat)
C:/Program Files/SEGGER/SEGGER Embedded Studio for ARM 7.10a/lib/libc_v7em_fpv4_sp_d16_hard_t_le_eabi_balanced.a(timeops.o)
                              C:/Program Files/SEGGER/SEGGER Embedded Studio for ARM 7.10a/lib/libc_v7em_fpv4_sp_d16_hard_t_le_eabi_balanced.a(mbops.o) (__SEGGER_RTL_string_list_encode)
C:/Program Files/SEGGER/SEGGER Embedded Studio for ARM 7.10a/lib/libc_v7em_fpv4_sp_d16_hard_t_le_eabi_balanced.a(__SEGGER_RTL_vfprintf_long.o)
                              (__SEGGER_RTL_vfprintf_long)
C:/Program Files/SEGGER/SEGGER Embedded Studio for ARM 7.10a/lib/libc_v7em_fpv4_sp_d16_hard_t_le_eabi_balanced.a(__SEGGER_RTL_vfscanf_long.o)
                              (__SEGGER_RTL_vfscanf_long)
C:/Program Files/SEGGER/SEGGER Embedded Studio for ARM 7.10a/lib/libc_v7em_fpv4_sp_d16_hard_t_le_eabi_balanced.a(errno.o)
                              C:/Program Files/SEGGER/SEGGER Embedded Studio for ARM 7.10a/lib/libc_v7em_fpv4_sp_d16_hard_t_le_eabi_balanced.a(mbops.o) (__aeabi_errno_addr)
C:/Program Files/SEGGER/SEGGER Embedded Studio for ARM 7.10a/lib/libc_v7em_fpv4_sp_d16_hard_t_le_eabi_balanced.a(execops.o)
                              C:/Program Files/SEGGER/SEGGER Embedded Studio for ARM 7.10a/lib/libc_v7em_fpv4_sp_d16_hard_t_le_eabi_balanced.a(strops.o) (__SEGGER_RTL_constraint_violation)
C:/Program Files/SEGGER/SEGGER Embedded Studio for ARM 7.10a/lib/libc_v7em_fpv4_sp_d16_hard_t_le_eabi_balanced.a(execops_arm.o)
                              C:/Program Files/SEGGER/SEGGER Embedded Studio for ARM 7.10a/lib/libc_v7em_fpv4_sp_d16_hard_t_le_eabi_balanced.a(execops.o) (__aeabi_SIGABRT)
C:/Program Files/SEGGER/SEGGER Embedded Studio for ARM 7.10a/lib/libc_v7em_fpv4_sp_d16_hard_t_le_eabi_balanced.a(floatasmops_arm.o)
                              C:/Program Files/SEGGER/SEGGER Embedded Studio for ARM 7.10a/lib/libc_v7em_fpv4_sp_d16_hard_t_le_eabi_balanced.a(timeops.o) (__aeabi_i2d)
C:/Program Files/SEGGER/SEGGER Embedded Studio for ARM 7.10a/lib/libc_v7em_fpv4_sp_d16_hard_t_le_eabi_balanced.a(intops.o)
                              C:/Program Files/SEGGER/SEGGER Embedded Studio for ARM 7.10a/lib/libc_v7em_fpv4_sp_d16_hard_t_le_eabi_balanced.a(timeops.o) (div)
C:/Program Files/SEGGER/SEGGER Embedded Studio for ARM 7.10a/lib/libc_v7em_fpv4_sp_d16_hard_t_le_eabi_balanced.a(utilops.o)
                              C:/Program Files/SEGGER/SEGGER Embedded Studio for ARM 7.10a/lib/libc_v7em_fpv4_sp_d16_hard_t_le_eabi_balanced.a(__SEGGER_RTL_vfscanf_long.o) (__SEGGER_RTL_digit)
C:/Program Files/SEGGER/SEGGER Embedded Studio for ARM 7.10a/lib/libc_v7em_fpv4_sp_d16_hard_t_le_eabi_balanced.a(prinops.o)
                              C:/Program Files/SEGGER/SEGGER Embedded Studio for ARM 7.10a/lib/libc_v7em_fpv4_sp_d16_hard_t_le_eabi_balanced.a(__SEGGER_RTL_vfprintf_long.o) (__SEGGER_RTL_putc)
C:/Program Files/SEGGER/SEGGER Embedded Studio for ARM 7.10a/lib/libc_v7em_fpv4_sp_d16_hard_t_le_eabi_balanced.a(convops.o)
                              C:/Program Files/SEGGER/SEGGER Embedded Studio for ARM 7.10a/lib/libc_v7em_fpv4_sp_d16_hard_t_le_eabi_balanced.a(execops.o) (itoa)
C:/Program Files/SEGGER/SEGGER Embedded Studio for ARM 7.10a/lib/libc_v7em_fpv4_sp_d16_hard_t_le_eabi_balanced.a(fileops.o)
                              C:/Program Files/SEGGER/SEGGER Embedded Studio for ARM 7.10a/lib/libc_v7em_fpv4_sp_d16_hard_t_le_eabi_balanced.a(prinops.o) (fwrite)
C:/Program Files/SEGGER/SEGGER Embedded Studio for ARM 7.10a/lib/libc_v7em_fpv4_sp_d16_hard_t_le_eabi_balanced.a(floatops.o)
[...]
Memory Configuration

Name             Origin             Length             Attributes
UNPLACED_SECTIONS 0x0000000100000000 0x0000000000000000 xw
RAM1             0x0000000020000000 0x0000000000010000 xw
FLASH1           0x0000000000000000 0x0000000000080000 xw
*default*        0x0000000000000000 0xffffffffffffffff

Linker script and memory map

                0x0000000000000000                __SEGGER_RTL_vfprintf = __SEGGER_RTL_vfprintf_long
                0x0000000000000000                __SEGGER_RTL_vfscanf = __SEGGER_RTL_vfscanf_long
                0x0000000020000000                __RAM1_segment_start__ = 0x20000000
                0x0000000020010000                __RAM1_segment_end__ = 0x20010000
                0x0000000000010000                __RAM1_segment_size__ = 0x10000
                0x0000000000000000                __FLASH1_segment_start__ = 0x0
                0x0000000000080000                __FLASH1_segment_end__ = 0x80000
                0x0000000000080000                __FLASH1_segment_size__ = 0x80000
                0x0000000000002000                __HEAPSIZE__ = 0x2000
                0x0000000000000000                __STACKSIZE_PROCESS__ = 0x0
                0x0000000000002000                __STACKSIZE__ = 0x2000
                0x0000000020000000                __reserved_ram_load_start__ = 0x20000000

.reserved_ram   0x0000000020000000      0xb80
                0x0000000020000000                __reserved_ram_start__ = .
 *(.reserved_ram .reserved_ram.*)
                0x0000000020000b80                . = MAX (((__reserved_ram_start__ + 0x20000b80) - 0x20000000), .)
 *fill*         0x0000000020000000      0xb80 
                0x0000000020000b80                __reserved_ram_end__ = (__reserved_ram_start__ + SIZEOF (.reserved_ram))
                0x0000000000000b80                __reserved_ram_size__ = SIZEOF (.reserved_ram)
                0x0000000020000b80                __reserved_ram_load_end__ = __reserved_ram_end__
                0x0000000000000001                . = ASSERT (((__reserved_ram_start__ == __reserved_ram_end__) || ((__reserved_ram_end__ - __RAM1_segment_start__) <= __RAM1_segment_size__)), error: .reserved_ram is too large to fit in RAM1 memory segment)
                0x0000000000000001                . = ASSERT ((__reserved_ram_size__ <= 0xb80), error: .reserved_ram is larger than specified size)
                0x0000000020000b80                __vectors_ram_load_start__ = 0x20000b80

.vectors_ram    0x0000000020000b80        0x0
                0x0000000020000b80                __vectors_ram_start__ = .
                0x0000000020000b80                __app_ram_start__ = __vectors_ram_start__
 *(.vectors_ram .vectors_ram.*)
                0x0000000020000b80                __vectors_ram_end__ = (__vectors_ram_start__ + SIZEOF (.vectors_ram))
                0x0000000000000000                __vectors_ram_size__ = SIZEOF (.vectors_ram)
                0x0000000020000b80                __vectors_ram_load_end__ = __vectors_ram_end__
                0x0000000000000001                . = ASSERT (((__vectors_ram_start__ == __vectors_ram_end__) || ((__vectors_ram_end__ - __RAM1_segment_start__) <= __RAM1_segment_size__)), error: .vectors_ram is too large to fit in RAM1 memory segment)
                0x0000000000000001                . = ASSERT ((__reserved_ram_end__ <= __vectors_ram_start__), error: section .reserved_ram overlaps absolute placed section .vectors_ram)
                0x0000000020000b80                __nrf_sections_run_load_start__ = ALIGN (__vectors_ram_end__, 0x4)

.nrf_sections_run
                0x0000000020000b80        0x0
                0x0000000020000b80                __nrf_sections_run_start__ = .
                0x0000000020000b80                __start_nrf_sections_run = __nrf_sections_run_start__
 *(.nrf_sections_run .nrf_sections_run.*)
                0x0000000020000b80                __nrf_sections_run_end__ = (__nrf_sections_run_start__ + SIZEOF (.nrf_sections_run))
                0x0000000000000000                __nrf_sections_run_size__ = SIZEOF (.nrf_sections_run)
                0x0000000020000b80                __nrf_sections_run_load_end__ = __nrf_sections_run_end__
                0x0000000000000001                . = ASSERT (((__nrf_sections_run_start__ == __nrf_sections_run_end__) || ((__nrf_sections_run_end__ - __RAM1_segment_start__) <= __RAM1_segment_size__)), error: .nrf_sections_run is too large to fit in RAM1 memory segment)
                0x0000000000000000                __reserved_flash_load_start__ = 0x0

.reserved_flash
                0x0000000000000000    0x12000
                0x0000000000000000                __reserved_flash_start__ = .
 *(.reserved_flash .reserved_flash.*)
                0x0000000000012000                . = MAX (((__reserved_flash_start__ + 0x12000) - 0x0), .)
 *fill*         0x0000000000000000    0x12000 
                0x0000000000012000                __reserved_flash_end__ = (__reserved_flash_start__ + SIZEOF (.reserved_flash))
                0x0000000000012000                __reserved_flash_size__ = SIZEOF (.reserved_flash)
                0x0000000000012000                __reserved_flash_load_end__ = __reserved_flash_end__
                0x0000000000000001                . = ASSERT (((__reserved_flash_start__ == __reserved_flash_end__) || ((__reserved_flash_end__ - __FLASH1_segment_start__) <= __FLASH1_segment_size__)), error: .reserved_flash is too large to fit in FLASH1 memory segment)
                0x0000000000000001                . = ASSERT ((__reserved_flash_size__ <= 0x12000), error: .reserved_flash is larger than specified size)
                0x0000000000012000                __vectors_load_start__ = 0x12000

.vectors        0x0000000000012000      0x200
                0x0000000000012000                __vectors_start__ = .
 *(.vectors .vectors.*)
 .vectors       0x0000000000012000      0x200 Output/Release/Obj/ant_broadcast_rx_pca10040_s212/ses_startup_nrf52.o
                0x0000000000012000                _vectors
                0x0000000000012200                __vectors_end__ = (__vectors_start__ + SIZEOF (.vectors))
                0x0000000000000200                __vectors_size__ = SIZEOF (.vectors)
                0x0000000000012200                __vectors_load_end__ = __vectors_end__
                0x0000000000000001                . = ASSERT (((__vectors_start__ == __vectors_end__) || ((__vectors_end__ - __FLASH1_segment_start__) <= __FLASH1_segment_size__)), error: .vectors is too large to fit in FLASH1 memory segment)
                0x0000000000000001                . = ASSERT ((__reserved_flash_end__ <= __vectors_start__), error: section .reserved_flash overlaps absolute placed section .vectors)
                0x0000000000012200                __init_load_start__ = ALIGN (__vectors_end__, 0x4)

.init           0x0000000000012200      0x1cc
                0x0000000000012200                __init_start__ = .
 *(.init .init.*)
 .init          0x0000000000012200       0x18 Output/Release/Obj/ant_broadcast_rx_pca10040_s212/ses_startup_nrf52.o
                0x0000000000012200                NMI_Handler
                0x0000000000012204                MemoryManagement_Handler
                0x0000000000012206                BusFault_Handler
                0x0000000000012208                UsageFault_Handler
                0x000000000001220a                SVC_Handler
                0x000000000001220c                DebugMon_Handler
                0x000000000001220e                PendSV_Handler
                0x0000000000012210                SysTick_Handler
                0x0000000000012212                RADIO_IRQHandler
                0x0000000000012212                PDM_IRQHandler
                0x0000000000012212                TEMP_IRQHandler
                0x0000000000012212                QDEC_IRQHandler
                0x0000000000012212                TIMER3_IRQHandler
                0x0000000000012212                FPU_IRQHandler
                0x0000000000012212                SWI0_EGU0_IRQHandler
                0x0000000000012212                PWM1_IRQHandler
                0x0000000000012212                TIMER4_IRQHandler
                0x0000000000012212                I2S_IRQHandler
                0x0000000000012212                SWI4_EGU4_IRQHandler
                0x0000000000012212                TIMER0_IRQHandler
                0x0000000000012212                Dummy_Handler
                0x0000000000012212                TIMER1_IRQHandler
                0x0000000000012212                PWM2_IRQHandler
                0x0000000000012212                ECB_IRQHandler
                0x0000000000012212                SPIM1_SPIS1_TWIM1_TWIS1_SPI1_TWI1_IRQHandler
                0x0000000000012212                SAADC_IRQHandler
                0x0000000000012212                CCM_AAR_IRQHandler
                0x0000000000012212                WDT_IRQHandler
                0x0000000000012212                SPIM0_SPIS0_TWIM0_TWIS0_SPI0_TWI0_IRQHandler
                0x0000000000012212                SWI5_EGU5_IRQHandler
                0x0000000000012212                RNG_IRQHandler
                0x0000000000012212                PWM0_IRQHandler
                0x0000000000012212                SWI3_EGU3_IRQHandler
                0x0000000000012212                SWI1_EGU1_IRQHandler
                0x0000000000012212                SPIM2_SPIS2_SPI2_IRQHandler
                0x0000000000012212                NFCT_IRQHandler
                0x0000000000012212                TIMER2_IRQHandler
                0x0000000000012212                MWU_IRQHandler
                0x0000000000012212                COMP_LPCOMP_IRQHandler
                0x0000000000012214                nRFInitialize
 .init          0x0000000000012218       0x5c Output/Release/Obj/ant_broadcast_rx_pca10040_s212/ses_startup_nrf_common.o
                0x0000000000012218                Reset_Handler
                0x000000000001221c                afterInitialize
                0x0000000000012240                InitializeUserMemorySections
 .init          0x0000000000012274      0x158 Output/Release/Obj/ant_broadcast_rx_pca10040_s212/thumb_crt0.o
                0x0000000000012274                _start
                0x0000000000012322                exit
                0x00000000000123cc                __init_end__ = (__init_start__ + SIZEOF (.init))
                0x00000000000001cc                __init_size__ = SIZEOF (.init)
                0x00000000000123cc                __init_load_end__ = __init_end__
                0x0000000000000001                . = ASSERT (((__init_start__ == __init_end__) || ((__init_end__ - __FLASH1_segment_start__) <= __FLASH1_segment_size__)), error: .init is too large to fit in FLASH1 memory segment)
                0x00000000000123cc                __init_rodata_load_start__ = ALIGN (__init_end__, 0x4)

.init_rodata    0x00000000000123cc        0x0
                0x00000000000123cc                __init_rodata_start__ = .
 *(.init_rodata .init_rodata.*)
                0x00000000000123cc                __init_rodata_end__ = (__init_rodata_start__ + SIZEOF (.init_rodata))
                0x0000000000000000                __init_rodata_size__ = SIZEOF (.init_rodata)
                0x00000000000123cc                __init_rodata_load_end__ = __init_rodata_end__
                0x0000000000000001                . = ASSERT (((__init_rodata_start__ == __init_rodata_end__) || ((__init_rodata_end__ - __FLASH1_segment_start__) <= __FLASH1_segment_size__)), error: .init_rodata is too large to fit in FLASH1 memory segment)
                0x00000000000123cc                __text_load_start__ = ALIGN (__init_rodata_end__, 0x4)

.text           0x00000000000123cc     0x3e2c
                0x00000000000123cc                __text_start__ = .
 *(.text .text.* .gnu.linkonce.t.* .glue_7t .glue_7 .gcc_except_table .ARM.extab* .gnu.linkonce.armextab.*)
 .glue_7        0x00000000000123cc        0x0 linker stubs
 .glue_7t       0x00000000000123cc        0x0 linker stubs
 .text.sd_ant_channel_open_with_offset
                0x00000000000123cc        0x4 Output/Release/Obj/ant_broadcast_rx_pca10040_s212/main.o
 .text.ant_evt_handler
                0x00000000000123d0       0x36 Output/Release/Obj/ant_broadcast_rx_pca10040_s212/main.o
                0x00000000000123d0                ant_evt_handler
 .text.rtc_handler
                0x0000000000012406       0x20 Output/Release/Obj/ant_broadcast_rx_pca10040_s212/main.o
 *fill*         0x0000000000012426        0x2 
 .text.startup.main
                0x0000000000012428       0xf4 Output/Release/Obj/ant_broadcast_rx_pca10040_s212/main.o
                0x0000000000012428                main
 .text.bsp_board_led_state_get
                0x000000000001251c       0x1c Output/Release/Obj/ant_broadcast_rx_pca10040_s212/boards.o
                0x000000000001251c                bsp_board_led_state_get
 .text.bsp_board_led_on
                0x0000000000012538       0x18 Output/Release/Obj/ant_broadcast_rx_pca10040_s212/boards.o
                0x0000000000012538                bsp_board_led_on
 .text.bsp_board_led_off
                0x0000000000012550       0x18 Output/Release/Obj/ant_broadcast_rx_pca10040_s212/boards.o
                0x0000000000012550                bsp_board_led_off
 .text.bsp_board_leds_off
                0x0000000000012568       0x1e Output/Release/Obj/ant_broadcast_rx_pca10040_s212/boards.o
                0x0000000000012568                bsp_board_leds_off
 .text.bsp_board_leds_on
                0x0000000000012586       0x1e Output/Release/Obj/ant_broadcast_rx_pca10040_s212/boards.o
                0x0000000000012586                bsp_board_leds_on
 .text.bsp_board_led_invert
                0x00000000000125a4       0x24 Output/Release/Obj/ant_broadcast_rx_pca10040_s212/boards.o
                0x00000000000125a4                bsp_board_led_invert
 .text.bsp_board_pin_to_button_idx
                0x00000000000125c8       0x24 Output/Release/Obj/ant_broadcast_rx_pca10040_s212/boards.o
                0x00000000000125c8                bsp_board_pin_to_button_idx
 .text.bsp_board_init
                0x00000000000125ec       0x3e Output/Release/Obj/ant_broadcast_rx_pca10040_s212/boards.o
                0x00000000000125ec                bsp_board_init
 .text.alert_timer_handler
                0x000000000001262a        0x6 Output/Release/Obj/ant_broadcast_rx_pca10040_s212/bsp.o
 .text.bsp_button_event_handler
                0x0000000000012630       0x9c Output/Release/Obj/ant_broadcast_rx_pca10040_s212/bsp.o
 .text.button_timer_handler
                0x00000000000126cc        0x8 Output/Release/Obj/ant_broadcast_rx_pca10040_s212/bsp.o
 .text.leds_off
                0x00000000000126d4       0x2c Output/Release/Obj/ant_broadcast_rx_pca10040_s212/bsp.o
 .text.bsp_led_indication
                0x0000000000012700      0x200 Output/Release/Obj/ant_broadcast_rx_pca10040_s212/bsp.o
 .text.leds_timer_handler
                0x0000000000012900       0x1c Output/Release/Obj/ant_broadcast_rx_pca10040_s212/bsp.o
 .text.bsp_init
                0x000000000001291c       0x9c Output/Release/Obj/ant_broadcast_rx_pca10040_s212/bsp.o
                0x000000000001291c                bsp_init
 .text.nrf52_errata_12
                0x00000000000129b8       0x1c Output/Release/Obj/ant_broadcast_rx_pca10040_s212/system_nrf52.o
 .text.nrf52_errata_16
                0x00000000000129d4       0x28 Output/Release/Obj/ant_broadcast_rx_pca10040_s212/system_nrf52.o
 .text.nvmc_wait
                0x00000000000129fc       0x10 Output/Release/Obj/ant_broadcast_rx_pca10040_s212/system_nrf52.o
                0x00000000000129fc                nvmc_wait
 .text.SystemInit
                0x0000000000012a0c      0x298 Output/Release/Obj/ant_broadcast_rx_pca10040_s212/system_nrf52.o
                0x0000000000012a0c                SystemInit
 .text.sd_ant_channel_assign
                0x0000000000012ca4        0x4 Output/Release/Obj/ant_broadcast_rx_pca10040_s212/ant_channel_config.o
 .text.sd_ant_channel_radio_freq_set
                0x0000000000012ca8        0x4 Output/Release/Obj/ant_broadcast_rx_pca10040_s212/ant_channel_config.o
 .text.sd_ant_channel_period_set
                0x0000000000012cac        0x4 Output/Release/Obj/ant_broadcast_rx_pca10040_s212/ant_channel_config.o
 .text.sd_ant_channel_id_set
                0x0000000000012cb0        0x4 Output/Release/Obj/ant_broadcast_rx_pca10040_s212/ant_channel_config.o
 .text.ant_channel_init
                0x0000000000012cb4       0x40 Output/Release/Obj/ant_broadcast_rx_pca10040_s212/ant_channel_config.o
                0x0000000000012cb4                ant_channel_init
 .text.uarte_evt_handler
                0x0000000000012cf4       0x34 Output/Release/Obj/ant_broadcast_rx_pca10040_s212/nrf_drv_uart.o
 .text.uart_evt_handler
                0x0000000000012d28       0x34 Output/Release/Obj/ant_broadcast_rx_pca10040_s212/nrf_drv_uart.o
 .text.nrf_drv_uart_init
                0x0000000000012d5c       0x7c Output/Release/Obj/ant_broadcast_rx_pca10040_s212/nrf_drv_uart.o
                0x0000000000012d5c                nrf_drv_uart_init
 .text.nrf_gpiote_event_clear
                0x0000000000012dd8       0x18 Output/Release/Obj/ant_broadcast_rx_pca10040_s212/nrfx_gpiote.o
 .text.nrf_gpio_cfg_sense_set
                0x0000000000012df0       0x20 Output/Release/Obj/ant_broadcast_rx_pca10040_s212/nrfx_gpiote.o
 .text.channel_free
                0x0000000000012e10       0x1c Output/Release/Obj/ant_broadcast_rx_pca10040_s212/nrfx_gpiote.o
 .text.nrfx_gpiote_init
                0x0000000000012e2c       0x70 Output/Release/Obj/ant_broadcast_rx_pca10040_s212/nrfx_gpiote.o
                0x0000000000012e2c                nrfx_gpiote_init
 .text.nrfx_gpiote_is_init
                0x0000000000012e9c       0x14 Output/Release/Obj/ant_broadcast_rx_pca10040_s212/nrfx_gpiote.o
                0x0000000000012e9c                nrfx_gpiote_is_init
 .text.nrfx_gpiote_in_init
                0x0000000000012eb0       0xf0 Output/Release/Obj/ant_broadcast_rx_pca10040_s212/nrfx_gpiote.o
                0x0000000000012eb0                nrfx_gpiote_in_init
 .text.nrfx_gpiote_in_event_enable
                0x0000000000012fa0       0x88 Output/Release/Obj/ant_broadcast_rx_pca10040_s212/nrfx_gpiote.o
                0x0000000000012fa0                nrfx_gpiote_in_event_enable
 .text.nrfx_gpiote_in_is_set
                0x0000000000013028       0x12 Output/Release/Obj/ant_broadcast_rx_pca10040_s212/nrfx_gpiote.o
                0x0000000000013028                nrfx_gpiote_in_is_set
 *fill*         0x000000000001303a        0x2 
 .text.GPIOTE_IRQHandler
                0x000000000001303c      0x14c Output/Release/Obj/ant_broadcast_rx_pca10040_s212/nrfx_gpiote.o
                0x000000000001303c                GPIOTE_IRQHandler
 .text.UARTE0_UART0_IRQHandler
                0x0000000000013188        0xc Output/Release/Obj/ant_broadcast_rx_pca10040_s212/nrfx_prs.o
                0x0000000000013188                UARTE0_UART0_IRQHandler
 .text.nrfx_prs_acquire
                0x0000000000013194       0x44 Output/Release/Obj/ant_broadcast_rx_pca10040_s212/nrfx_prs.o
                0x0000000000013194                nrfx_prs_acquire
 .text.nrfx_prs_release
                0x00000000000131d8       0x18 Output/Release/Obj/ant_broadcast_rx_pca10040_s212/nrfx_prs.o
                0x00000000000131d8                nrfx_prs_release
 .text.nrf_uart_event_clear
                0x00000000000131f0       0x10 Output/Release/Obj/ant_broadcast_rx_pca10040_s212/nrfx_uart.o
 .text.tx_byte  0x0000000000013200       0x1e Output/Release/Obj/ant_broadcast_rx_pca10040_s212/nrfx_uart.o
 .text.rx_byte  0x000000000001321e       0x2c Output/Release/Obj/ant_broadcast_rx_pca10040_s212/nrfx_uart.o
 *fill*         0x000000000001324a        0x2 
 .text.rx_done_event.constprop.0
                0x000000000001324c       0x20 Output/Release/Obj/ant_broadcast_rx_pca10040_s212/nrfx_uart.o
 .text.nrfx_uart_0_irq_handler
                0x000000000001326c      0x140 Output/Release/Obj/ant_broadcast_rx_pca10040_s212/nrfx_uart.o
                0x000000000001326c                nrfx_uart_0_irq_handler
 .text.nrfx_uart_init
                0x00000000000133ac      0x168 Output/Release/Obj/ant_broadcast_rx_pca10040_s212/nrfx_uart.o
                0x00000000000133ac                nrfx_uart_init
 .text.nrfx_uart_uninit
                0x0000000000013514       0xd4 Output/Release/Obj/ant_broadcast_rx_pca10040_s212/nrfx_uart.o
                0x0000000000013514                nrfx_uart_uninit
 .text.nrfx_uart_tx_in_progress
                0x00000000000135e8       0x18 Output/Release/Obj/ant_broadcast_rx_pca10040_s212/nrfx_uart.o
                0x00000000000135e8                nrfx_uart_tx_in_progress
 .text.nrfx_uart_tx
                0x0000000000013600       0x98 Output/Release/Obj/ant_broadcast_rx_pca10040_s212/nrfx_uart.o
                0x0000000000013600                nrfx_uart_tx
 .text.nrf_uarte_event_clear
                0x0000000000013698       0x10 Output/Release/Obj/ant_broadcast_rx_pca10040_s212/nrfx_uarte.o
 .text.rx_done_event.constprop.0
                0x00000000000136a8       0x20 Output/Release/Obj/ant_broadcast_rx_pca10040_s212/nrfx_uarte.o
 .text.nrfx_uarte_0_irq_handler
                0x00000000000136c8      0x118 Output/Release/Obj/ant_broadcast_rx_pca10040_s212/nrfx_uarte.o
                0x00000000000136c8                nrfx_uarte_0_irq_handler
 .text.nrfx_uarte_init
                0x00000000000137e0      0x17c Output/Release/Obj/ant_broadcast_rx_pca10040_s212/nrfx_uarte.o
                0x00000000000137e0                nrfx_uarte_init
 .text.nrfx_uarte_uninit
                0x000000000001395c      0x120 Output/Release/Obj/ant_broadcast_rx_pca10040_s212/nrfx_uarte.o
                0x000000000001395c                nrfx_uarte_uninit
 .text.nrfx_uarte_tx_in_progress
                0x0000000000013a7c       0x18 Output/Release/Obj/ant_broadcast_rx_pca10040_s212/nrfx_uarte.o
                0x0000000000013a7c                nrfx_uarte_tx_in_progress
 .text.nrfx_uarte_tx
                0x0000000000013a94       0x9c Output/Release/Obj/ant_broadcast_rx_pca10040_s212/nrfx_uarte.o
                0x0000000000013a94                nrfx_uarte_tx
 .text.clock_clk_started_notify
                0x0000000000013b30       0x24 Output/Release/Obj/ant_broadcast_rx_pca10040_s212/nrf_drv_clock.o
 .text.clock_irq_handler
                0x0000000000013b54       0x1c Output/Release/Obj/ant_broadcast_rx_pca10040_s212/nrf_drv_clock.o
 .text.nrf_drv_clock_init
                0x0000000000013b70       0x48 Output/Release/Obj/ant_broadcast_rx_pca10040_s212/nrf_drv_clock.o
                0x0000000000013b70                nrf_drv_clock_init
 .text.nrf_drv_clock_lfclk_release
                0x0000000000013bb8       0x40 Output/Release/Obj/ant_broadcast_rx_pca10040_s212/nrf_drv_clock.o
                0x0000000000013bb8                nrf_drv_clock_lfclk_release
 .text.sd_state_evt_handler
                0x0000000000013bf8       0x64 Output/Release/Obj/ant_broadcast_rx_pca10040_s212/nrf_drv_clock.o
 .text.nrf_clock_event_clear
                0x0000000000013c5c       0x14 Output/Release/Obj/ant_broadcast_rx_pca10040_s212/nrfx_clock.o
 .text.nrfx_clock_init
                0x0000000000013c70       0x18 Output/Release/Obj/ant_broadcast_rx_pca10040_s212/nrfx_clock.o
                0x0000000000013c70                nrfx_clock_init
 .text.nrfx_clock_enable
                0x0000000000013c88       0x24 Output/Release/Obj/ant_broadcast_rx_pca10040_s212/nrfx_clock.o
                0x0000000000013c88                nrfx_clock_enable
 .text.nrfx_clock_lfclk_stop
                0x0000000000013cac       0x22 Output/Release/Obj/ant_broadcast_rx_pca10040_s212/nrfx_clock.o
                0x0000000000013cac                nrfx_clock_lfclk_stop
 *fill*         0x0000000000013cce        0x2 
 .text.POWER_CLOCK_IRQHandler
                0x0000000000013cd0       0x50 Output/Release/Obj/ant_broadcast_rx_pca10040_s212/nrfx_clock.o
                0x0000000000013cd0                POWER_CLOCK_IRQHandler
 .text.nrf_rtc_event_clear
                0x0000000000013d20       0x10 Output/Release/Obj/ant_broadcast_rx_pca10040_s212/nrfx_rtc.o
 .text.irq_handler
                0x0000000000013d30       0xa4 Output/Release/Obj/ant_broadcast_rx_pca10040_s212/nrfx_rtc.o
 .text.nrfx_rtc_init
                0x0000000000013dd4       0x78 Output/Release/Obj/ant_broadcast_rx_pca10040_s212/nrfx_rtc.o
                0x0000000000013dd4                nrfx_rtc_init
 .text.nrfx_rtc_enable
                0x0000000000013e4c       0x18 Output/Release/Obj/ant_broadcast_rx_pca10040_s212/nrfx_rtc.o
                0x0000000000013e4c                nrfx_rtc_enable
 .text.nrfx_rtc_tick_enable
                0x0000000000013e64       0x1c Output/Release/Obj/ant_broadcast_rx_pca10040_s212/nrfx_rtc.o
                0x0000000000013e64                nrfx_rtc_tick_enable
 .text.RTC0_IRQHandler
                0x0000000000013e80       0x10 Output/Release/Obj/ant_broadcast_rx_pca10040_s212/nrfx_rtc.o
                0x0000000000013e80                RTC0_IRQHandler
 .text.RTC2_IRQHandler
                0x0000000000013e90       0x10 Output/Release/Obj/ant_broadcast_rx_pca10040_s212/nrfx_rtc.o
                0x0000000000013e90                RTC2_IRQHandler
 .text.state_set
                0x0000000000013ea0       0x24 Output/Release/Obj/ant_broadcast_rx_pca10040_s212/app_button.o
 .text.button_get
                0x0000000000013ec4       0x30 Output/Release/Obj/ant_broadcast_rx_pca10040_s212/app_button.o
 .text.usr_event
                0x0000000000013ef4       0x20 Output/Release/Obj/ant_broadcast_rx_pca10040_s212/app_button.o
 .text.timer_start
                0x0000000000013f14       0x18 Output/Release/Obj/ant_broadcast_rx_pca10040_s212/app_button.o
 .text.gpiote_event_handler
                0x0000000000013f2c       0x34 Output/Release/Obj/ant_broadcast_rx_pca10040_s212/app_button.o
 .text.evt_handle
                0x0000000000013f60       0xec Output/Release/Obj/ant_broadcast_rx_pca10040_s212/app_button.o
                0x0000000000013f60                evt_handle
 .text.detection_delay_timeout_handler
                0x000000000001404c       0x5c Output/Release/Obj/ant_broadcast_rx_pca10040_s212/app_button.o
 .text.app_button_init
                0x00000000000140a8       0xb0 Output/Release/Obj/ant_broadcast_rx_pca10040_s212/app_button.o
                0x00000000000140a8                app_button_init
 .text.app_button_enable
                0x0000000000014158       0x2c Output/Release/Obj/ant_broadcast_rx_pca10040_s212/app_button.o
                0x0000000000014158                app_button_enable
 .text.app_error_handler_bare
                0x0000000000014184       0x1a Output/Release/Obj/ant_broadcast_rx_pca10040_s212/app_error.o
                0x0000000000014184                app_error_handler_bare
 *fill*         0x000000000001419e        0x2 
 .text.app_error_fault_handler
                0x00000000000141a0       0x6c Output/Release/Obj/ant_broadcast_rx_pca10040_s212/app_error_weak.o
                0x00000000000141a0                app_error_fault_handler
 .text.compare_func
                0x000000000001420c       0x16 Output/Release/Obj/ant_broadcast_rx_pca10040_s212/app_timer2.o
 *fill*         0x0000000000014222        0x2 
 .text.get_now  0x0000000000014224       0x38 Output/Release/Obj/ant_broadcast_rx_pca10040_s212/app_timer2.o
 .text.timer_req_schedule
                0x000000000001425c       0x38 Output/Release/Obj/ant_broadcast_rx_pca10040_s212/app_timer2.o
 .text.timer_expire
                0x0000000000014294       0xb0 Output/Release/Obj/ant_broadcast_rx_pca10040_s212/app_timer2.o
 .text.app_timer_init
                0x0000000000014344       0x64 Output/Release/Obj/ant_broadcast_rx_pca10040_s212/app_timer2.o
                0x0000000000014344                app_timer_init
 .text.app_timer_create
                0x00000000000143a8       0x24 Output/Release/Obj/ant_broadcast_rx_pca10040_s212/app_timer2.o
                0x00000000000143a8                app_timer_create
 .text.app_timer_start
                0x00000000000143cc       0x5c Output/Release/Obj/ant_broadcast_rx_pca10040_s212/app_timer2.o
                0x00000000000143cc                app_timer_start
 .text.app_timer_stop
                0x0000000000014428       0x4e Output/Release/Obj/ant_broadcast_rx_pca10040_s212/app_timer2.o
                0x0000000000014428                app_timer_stop
 *fill*         0x0000000000014476        0x2 
 .text.app_timer_cnt_get
                0x0000000000014478        0xc Output/Release/Obj/ant_broadcast_rx_pca10040_s212/app_timer2.o
                0x0000000000014478                app_timer_cnt_get
 .text.rtc_irq  0x0000000000014484      0x1b8 Output/Release/Obj/ant_broadcast_rx_pca10040_s212/app_timer2.o
 .text.app_util_critical_region_enter
                0x000000000001463c       0x48 Output/Release/Obj/ant_broadcast_rx_pca10040_s212/app_util_platform.o
                0x000000000001463c                app_util_critical_region_enter
 .text.app_util_critical_region_exit
                0x0000000000014684       0x2c Output/Release/Obj/ant_broadcast_rx_pca10040_s212/app_util_platform.o
                0x0000000000014684                app_util_critical_region_exit
 .text.evt_pending.isra.0
                0x00000000000146b0       0x1a Output/Release/Obj/ant_broadcast_rx_pca10040_s212/drv_rtc.o
 *fill*         0x00000000000146ca        0x2 
 .text.drv_rtc_init
                0x00000000000146cc       0xa0 Output/Release/Obj/ant_broadcast_rx_pca10040_s212/drv_rtc.o
                0x00000000000146cc                drv_rtc_init
 .text.drv_rtc_start
                0x000000000001476c        0x8 Output/Release/Obj/ant_broadcast_rx_pca10040_s212/drv_rtc.o
                0x000000000001476c                drv_rtc_start
 .text.drv_rtc_stop
                0x0000000000014774        0x8 Output/Release/Obj/ant_broadcast_rx_pca10040_s212/drv_rtc.o
                0x0000000000014774                drv_rtc_stop
 .text.drv_rtc_compare_set
                0x000000000001477c       0x3e Output/Release/Obj/ant_broadcast_rx_pca10040_s212/drv_rtc.o
                0x000000000001477c                drv_rtc_compare_set
 *fill*         0x00000000000147ba        0x2 
 .text.drv_rtc_windowed_compare_set
                0x00000000000147bc       0xf0 Output/Release/Obj/ant_broadcast_rx_pca10040_s212/drv_rtc.o
                0x00000000000147bc                drv_rtc_windowed_compare_set
 .text.drv_rtc_overflow_enable
                0x00000000000148ac       0x10 Output/Release/Obj/ant_broadcast_rx_pca10040_s212/drv_rtc.o
                0x00000000000148ac                drv_rtc_overflow_enable
 .text.drv_rtc_overflow_pending
                0x00000000000148bc        0xa Output/Release/Obj/ant_broadcast_rx_pca10040_s212/drv_rtc.o
                0x00000000000148bc                drv_rtc_overflow_pending
 .text.drv_rtc_compare_disable
                0x00000000000148c6       0x14 Output/Release/Obj/ant_broadcast_rx_pca10040_s212/drv_rtc.o
                0x00000000000148c6                drv_rtc_compare_disable
 .text.drv_rtc_compare_pending
                0x00000000000148da        0xc Output/Release/Obj/ant_broadcast_rx_pca10040_s212/drv_rtc.o
                0x00000000000148da                drv_rtc_compare_pending
 .text.drv_rtc_counter_get
                0x00000000000148e6        0x8 Output/Release/Obj/ant_broadcast_rx_pca10040_s212/drv_rtc.o
                0x00000000000148e6                drv_rtc_counter_get
 *fill*         0x00000000000148ee        0x2 
 .text.drv_rtc_irq_trigger
                0x00000000000148f0       0x24 Output/Release/Obj/ant_broadcast_rx_pca10040_s212/drv_rtc.o
                0x00000000000148f0                drv_rtc_irq_trigger
 .text.RTC1_IRQHandler
                0x0000000000014914       0x14 Output/Release/Obj/ant_broadcast_rx_pca10040_s212/drv_rtc.o
                0x0000000000014914                RTC1_IRQHandler
 .text.HardFault_Handler
                0x0000000000014928       0x34 Output/Release/Obj/ant_broadcast_rx_pca10040_s212/hardfault_handler_gcc.o
                0x0000000000014928                HardFault_Handler
 .text.HardFault_process
                0x000000000001495c       0x24 Output/Release/Obj/ant_broadcast_rx_pca10040_s212/hardfault_implementation.o
                0x000000000001495c                HardFault_process
 .text.HardFault_c_handler
                0x0000000000014980       0xf8 Output/Release/Obj/ant_broadcast_rx_pca10040_s212/hardfault_implementation.o
                0x0000000000014980                HardFault_c_handler
 .text.nrf_atfifo_init
                0x0000000000014a78       0x26 Output/Release/Obj/ant_broadcast_rx_pca10040_s212/nrf_atfifo.o
                0x0000000000014a78                nrf_atfifo_init
 .text.nrf_atfifo_item_alloc
                0x0000000000014a9e       0x54 Output/Release/Obj/ant_broadcast_rx_pca10040_s212/nrf_atfifo.o
                0x0000000000014a9e                nrf_atfifo_item_alloc
 .text.nrf_atfifo_item_put
                0x0000000000014af2       0x20 Output/Release/Obj/ant_broadcast_rx_pca10040_s212/nrf_atfifo.o
                0x0000000000014af2                nrf_atfifo_item_put
 .text.nrf_atfifo_item_get
                0x0000000000014b12       0x56 Output/Release/Obj/ant_broadcast_rx_pca10040_s212/nrf_atfifo.o
                0x0000000000014b12                nrf_atfifo_item_get
 .text.nrf_atfifo_item_free
                0x0000000000014b68       0x20 Output/Release/Obj/ant_broadcast_rx_pca10040_s212/nrf_atfifo.o
                0x0000000000014b68                nrf_atfifo_item_free
 .text.nrf_atomic_u32_fetch_store
                0x0000000000014b88       0x16 Output/Release/Obj/ant_broadcast_rx_pca10040_s212/nrf_atomic.o
                0x0000000000014b88                nrf_atomic_u32_fetch_store
 .text.nrf_atomic_u32_or
                0x0000000000014b9e       0x18 Output/Release/Obj/ant_broadcast_rx_pca10040_s212/nrf_atomic.o
                0x0000000000014b9e                nrf_atomic_u32_or
 .text.nrf_atomic_u32_fetch_and
                0x0000000000014bb6       0x18 Output/Release/Obj/ant_broadcast_rx_pca10040_s212/nrf_atomic.o
                0x0000000000014bb6                nrf_atomic_u32_fetch_and
 .text.nrf_atomic_u32_add
                0x0000000000014bce       0x18 Output/Release/Obj/ant_broadcast_rx_pca10040_s212/nrf_atomic.o
                0x0000000000014bce                nrf_atomic_u32_add
 .text.nrf_atomic_u32_sub
                0x0000000000014be6       0x18 Output/Release/Obj/ant_broadcast_rx_pca10040_s212/nrf_atomic.o
                0x0000000000014be6                nrf_atomic_u32_sub
 .text.nrf_atomic_flag_set
                0x0000000000014bfe        0x6 Output/Release/Obj/ant_broadcast_rx_pca10040_s212/nrf_atomic.o
                0x0000000000014bfe                nrf_atomic_flag_set
 .text.nrf_atomic_flag_clear_fetch
                0x0000000000014c04        0x6 Output/Release/Obj/ant_broadcast_rx_pca10040_s212/nrf_atomic.o
                0x0000000000014c04                nrf_atomic_flag_clear_fetch
 .text.nrf_balloc_init
                0x0000000000014c0a       0x2e Output/Release/Obj/ant_broadcast_rx_pca10040_s212/nrf_balloc.o
                0x0000000000014c0a                nrf_balloc_init
 .text.nrf_balloc_alloc
                0x0000000000014c38       0x48 Output/Release/Obj/ant_broadcast_rx_pca10040_s212/nrf_balloc.o
                0x0000000000014c38                nrf_balloc_alloc
 .text.nrf_balloc_free
                0x0000000000014c80       0x34 Output/Release/Obj/ant_broadcast_rx_pca10040_s212/nrf_balloc.o
                0x0000000000014c80                nrf_balloc_free
 .text.nrf_fprintf_buffer_flush
                0x0000000000014cb4       0x16 Output/Release/Obj/ant_broadcast_rx_pca10040_s212/nrf_fprintf.o
                0x0000000000014cb4                nrf_fprintf_buffer_flush
 .text.nrf_fprintf
                0x0000000000014cca       0x1c Output/Release/Obj/ant_broadcast_rx_pca10040_s212/nrf_fprintf.o
                0x0000000000014cca                nrf_fprintf
 .text.buffer_add
                0x0000000000014ce6       0x2e Output/Release/Obj/ant_broadcast_rx_pca10040_s212/nrf_fprintf_format.o
 .text.unsigned_print
                0x0000000000014d14       0xb4 Output/Release/Obj/ant_broadcast_rx_pca10040_s212/nrf_fprintf_format.o
 .text.nrf_fprintf_fmt
                0x0000000000014dc8      0x294 Output/Release/Obj/ant_broadcast_rx_pca10040_s212/nrf_fprintf_format.o
                0x0000000000014dc8                nrf_fprintf_fmt
 .text.memobj_op
                0x000000000001505c       0x86 Output/Release/Obj/ant_broadcast_rx_pca10040_s212/nrf_memobj.o
 .text.nrf_memobj_pool_init
                0x00000000000150e2        0x4 Output/Release/Obj/ant_broadcast_rx_pca10040_s212/nrf_memobj.o
                0x00000000000150e2                nrf_memobj_pool_init
 .text.nrf_memobj_free
                0x00000000000150e6       0x2c Output/Release/Obj/ant_broadcast_rx_pca10040_s212/nrf_memobj.o
                0x00000000000150e6                nrf_memobj_free
 .text.nrf_memobj_alloc
                0x0000000000015112       0x5e Output/Release/Obj/ant_broadcast_rx_pca10040_s212/nrf_memobj.o
                0x0000000000015112                nrf_memobj_alloc
 .text.nrf_memobj_get
                0x0000000000015170        0x8 Output/Release/Obj/ant_broadcast_rx_pca10040_s212/nrf_memobj.o
                0x0000000000015170                nrf_memobj_get
 .text.nrf_memobj_put
                0x0000000000015178       0x1c Output/Release/Obj/ant_broadcast_rx_pca10040_s212/nrf_memobj.o
                0x0000000000015178                nrf_memobj_put
 .text.nrf_memobj_write
                0x0000000000015194       0x14 Output/Release/Obj/ant_broadcast_rx_pca10040_s212/nrf_memobj.o
                0x0000000000015194                nrf_memobj_write
 .text.nrf_memobj_read
                0x00000000000151a8       0x14 Output/Release/Obj/ant_broadcast_rx_pca10040_s212/nrf_memobj.o
                0x00000000000151a8                nrf_memobj_read
 .text.sd_app_evt_wait
                0x00000000000151bc        0x4 Output/Release/Obj/ant_broadcast_rx_pca10040_s212/nrf_pwr_mgmt.o
 .text.nrf_pwr_mgmt_init
                0x00000000000151c0       0x4c Output/Release/Obj/ant_broadcast_rx_pca10040_s212/nrf_pwr_mgmt.o
                0x00000000000151c0                nrf_pwr_mgmt_init
 .text.nrf_pwr_mgmt_run
                0x000000000001520c       0x74 Output/Release/Obj/ant_broadcast_rx_pca10040_s212/nrf_pwr_mgmt.o
                0x000000000001520c                nrf_pwr_mgmt_run
 .text.nrf_ringbuf_init
                0x0000000000015280       0x12 Output/Release/Obj/ant_broadcast_rx_pca10040_s212/nrf_ringbuf.o
                0x0000000000015280                nrf_ringbuf_init
 .text.nrf_section_iter_init
                0x0000000000015292       0x10 Output/Release/Obj/ant_broadcast_rx_pca10040_s212/nrf_section_iter.o
                0x0000000000015292                nrf_section_iter_init
 .text.nrf_section_iter_next
                0x00000000000152a2       0x18 Output/Release/Obj/ant_broadcast_rx_pca10040_s212/nrf_section_iter.o
                0x00000000000152a2                nrf_section_iter_next
 .text.nrf_sortlist_add
                0x00000000000152ba       0x20 Output/Release/Obj/ant_broadcast_rx_pca10040_s212/nrf_sortlist.o
                0x00000000000152ba                nrf_sortlist_add
 .text.nrf_sortlist_pop
                0x00000000000152da        0xc Output/Release/Obj/ant_broadcast_rx_pca10040_s212/nrf_sortlist.o
                0x00000000000152da                nrf_sortlist_pop
 .text.nrf_sortlist_peek
                0x00000000000152e6        0x6 Output/Release/Obj/ant_broadcast_rx_pca10040_s212/nrf_sortlist.o
                0x00000000000152e6                nrf_sortlist_peek
 .text.nrf_sortlist_remove
                0x00000000000152ec       0x1a Output/Release/Obj/ant_broadcast_rx_pca10040_s212/nrf_sortlist.o
                0x00000000000152ec                nrf_sortlist_remove
 *fill*         0x0000000000015306        0x2 
 .text.nrf_strerror_find
                0x0000000000015308       0x3c Output/Release/Obj/ant_broadcast_rx_pca10040_s212/nrf_strerror.o
                0x0000000000015308                nrf_strerror_find
 .text.nrf_strerror_get
                0x0000000000015344       0x14 Output/Release/Obj/ant_broadcast_rx_pca10040_s212/nrf_strerror.o
                0x0000000000015344                nrf_strerror_get
 .text.nrf_log_backend_serial_put
                0x0000000000015358       0xc2 Output/Release/Obj/ant_broadcast_rx_pca10040_s212/nrf_log_backend_serial.o
                0x0000000000015358                nrf_log_backend_serial_put
 *fill*         0x000000000001541a        0x2 
 .text.uart_evt_handler
                0x000000000001541c        0xc Output/Release/Obj/ant_broadcast_rx_pca10040_s212/nrf_log_backend_uart.o
 .text.nrf_log_backend_uart_flush
                0x0000000000015428        0x2 Output/Release/Obj/ant_broadcast_rx_pca10040_s212/nrf_log_backend_uart.o
 *fill*         0x000000000001542a        0x2 
 .text.uart_init
                0x000000000001542c       0x4c Output/Release/Obj/ant_broadcast_rx_pca10040_s212/nrf_log_backend_uart.o
 .text.nrf_log_backend_uart_put
                0x0000000000015478       0x1c Output/Release/Obj/ant_broadcast_rx_pca10040_s212/nrf_log_backend_uart.o
 .text.serial_tx
                0x0000000000015494       0x48 Output/Release/Obj/ant_broadcast_rx_pca10040_s212/nrf_log_backend_uart.o
 .text.nrf_log_backend_uart_panic_set
                0x00000000000154dc       0x2c Output/Release/Obj/ant_broadcast_rx_pca10040_s212/nrf_log_backend_uart.o
 .text.nrf_log_backend_uart_init
                0x0000000000015508        0x6 Output/Release/Obj/ant_broadcast_rx_pca10040_s212/nrf_log_backend_uart.o
                0x0000000000015508                nrf_log_backend_uart_init
 *fill*         0x000000000001550e        0x2 
 .text.nrf_log_default_backends_init
                0x0000000000015510       0x20 Output/Release/Obj/ant_broadcast_rx_pca10040_s212/nrf_log_default_backends.o
                0x0000000000015510                nrf_log_default_backends_init
 .text.invalid_packets_omit
                0x0000000000015530       0x3a Output/Release/Obj/ant_broadcast_rx_pca10040_s212/nrf_log_frontend.o
 *fill*         0x000000000001556a        0x2 
 .text.buf_prealloc
                0x000000000001556c      0x118 Output/Release/Obj/ant_broadcast_rx_pca10040_s212/nrf_log_frontend.o
 .text.nrf_log_init
                0x0000000000015684       0x28 Output/Release/Obj/ant_broadcast_rx_pca10040_s212/nrf_log_frontend.o
                0x0000000000015684                nrf_log_init
 .text.nrf_log_module_name_get
                0x00000000000156ac       0x38 Output/Release/Obj/ant_broadcast_rx_pca10040_s212/nrf_log_frontend.o
                0x00000000000156ac                nrf_log_module_name_get
 .text.nrf_log_color_id_get
                0x00000000000156e4       0x2c Output/Release/Obj/ant_broadcast_rx_pca10040_s212/nrf_log_frontend.o
                0x00000000000156e4                nrf_log_color_id_get
 .text.log_pending_hook
                0x0000000000015710        0x2 Output/Release/Obj/ant_broadcast_rx_pca10040_s212/nrf_log_frontend.o
                0x0000000000015710                log_pending_hook
 *fill*         0x0000000000015712        0x2 
 .text.buffer_is_empty
                0x0000000000015714       0x14 Output/Release/Obj/ant_broadcast_rx_pca10040_s212/nrf_log_frontend.o
                0x0000000000015714                buffer_is_empty
 .text.nrf_log_frontend_dequeue
                0x0000000000015728      0x1fc Output/Release/Obj/ant_broadcast_rx_pca10040_s212/nrf_log_frontend.o
                0x0000000000015728                nrf_log_frontend_dequeue
 .text.std_n    0x0000000000015924       0x90 Output/Release/Obj/ant_broadcast_rx_pca10040_s212/nrf_log_frontend.o
 .text.nrf_log_frontend_std_0
                0x00000000000159b4        0x8 Output/Release/Obj/ant_broadcast_rx_pca10040_s212/nrf_log_frontend.o
                0x00000000000159b4                nrf_log_frontend_std_0
 .text.nrf_log_frontend_std_1
                0x00000000000159bc       0x12 Output/Release/Obj/ant_broadcast_rx_pca10040_s212/nrf_log_frontend.o
                0x00000000000159bc                nrf_log_frontend_std_1
 .text.nrf_log_frontend_std_3
                0x00000000000159ce       0x18 Output/Release/Obj/ant_broadcast_rx_pca10040_s212/nrf_log_frontend.o
                0x00000000000159ce                nrf_log_frontend_std_3
 .text.nrf_log_frontend_std_4
                0x00000000000159e6       0x1c Output/Release/Obj/ant_broadcast_rx_pca10040_s212/nrf_log_frontend.o
                0x00000000000159e6                nrf_log_frontend_std_4
 *fill*         0x0000000000015a02        0x2 
 .text.nrf_log_backend_add
                0x0000000000015a04       0x44 Output/Release/Obj/ant_broadcast_rx_pca10040_s212/nrf_log_frontend.o
                0x0000000000015a04                nrf_log_backend_add
 .text.nrf_log_panic
                0x0000000000015a48       0x28 Output/Release/Obj/ant_broadcast_rx_pca10040_s212/nrf_log_frontend.o
                0x0000000000015a48                nrf_log_panic
 .text.postfix_process
                0x0000000000015a70       0x44 Output/Release/Obj/ant_broadcast_rx_pca10040_s212/nrf_log_str_formatter.o
 .text.prefix_process.constprop.0
                0x0000000000015ab4       0x7c Output/Release/Obj/ant_broadcast_rx_pca10040_s212/nrf_log_str_formatter.o
 .text.nrf_log_std_entry_process
                0x0000000000015b30       0xc8 Output/Release/Obj/ant_broadcast_rx_pca10040_s212/nrf_log_str_formatter.o
                0x0000000000015b30                nrf_log_std_entry_process
 .text.nrf_log_hexdump_entry_process
                0x0000000000015bf8       0xc0 Output/Release/Obj/ant_broadcast_rx_pca10040_s212/nrf_log_str_formatter.o
                0x0000000000015bf8                nrf_log_hexdump_entry_process
 .text.sd_softdevice_enable
                0x0000000000015cb8        0x4 Output/Release/Obj/ant_broadcast_rx_pca10040_s212/nrf_sdh.o
 .text.sdh_request_observer_notify
                0x0000000000015cbc       0x30 Output/Release/Obj/ant_broadcast_rx_pca10040_s212/nrf_sdh.o
 .text.sdh_state_observer_notify
                0x0000000000015cec       0x28 Output/Release/Obj/ant_broadcast_rx_pca10040_s212/nrf_sdh.o
 .text.softdevices_evt_irq_enable
                0x0000000000015d14       0x38 Output/Release/Obj/ant_broadcast_rx_pca10040_s212/nrf_sdh.o
 .text.nrf_sdh_enable_request
                0x0000000000015d4c       0x80 Output/Release/Obj/ant_broadcast_rx_pca10040_s212/nrf_sdh.o
                0x0000000000015d4c                nrf_sdh_enable_request
 .text.nrf_sdh_is_enabled
                0x0000000000015dcc        0xc Output/Release/Obj/ant_broadcast_rx_pca10040_s212/nrf_sdh.o
                0x0000000000015dcc                nrf_sdh_is_enabled
 .text.nrf_sdh_evts_poll
                0x0000000000015dd8       0x28 Output/Release/Obj/ant_broadcast_rx_pca10040_s212/nrf_sdh.o
                0x0000000000015dd8                nrf_sdh_evts_poll
 .text.SWI2_EGU2_IRQHandler
                0x0000000000015e00        0x4 Output/Release/Obj/ant_broadcast_rx_pca10040_s212/nrf_sdh.o
                0x0000000000015e00                SWI2_EGU2_IRQHandler
 .text.sd_ant_event_get
                0x0000000000015e04        0x4 Output/Release/Obj/ant_broadcast_rx_pca10040_s212/nrf_sdh_ant.o
 .text.sd_ant_enable
                0x0000000000015e08        0x4 Output/Release/Obj/ant_broadcast_rx_pca10040_s212/nrf_sdh_ant.o
 .text.nrf_sdh_ant_evts_poll
                0x0000000000015e0c       0x54 Output/Release/Obj/ant_broadcast_rx_pca10040_s212/nrf_sdh_ant.o
 .text.nrf_sdh_ant_enable
                0x0000000000015e60       0x54 Output/Release/Obj/ant_broadcast_rx_pca10040_s212/nrf_sdh_ant.o
                0x0000000000015e60                nrf_sdh_ant_enable
 .text.libc.__aeabi_uldivmod
                0x0000000000015eb4      0x130 C:/Program Files/SEGGER/SEGGER Embedded Studio for ARM 7.10a/lib/libc_v7em_fpv4_sp_d16_hard_t_le_eabi_balanced.a(intasmops_arm.o)
                0x0000000000015eb4                __aeabi_uldivmod
 .text.libc.__SEGGER_RTL_ascii_mbtowc
                0x0000000000015fe4       0x30 C:/Program Files/SEGGER/SEGGER Embedded Studio for ARM 7.10a/lib/libc_v7em_fpv4_sp_d16_hard_t_le_eabi_balanced.a(mbops.o)
                0x0000000000015fe4                __SEGGER_RTL_ascii_mbtowc
 .text.libc.__SEGGER_RTL_ascii_wctomb
                0x0000000000016014        0xe C:/Program Files/SEGGER/SEGGER Embedded Studio for ARM 7.10a/lib/libc_v7em_fpv4_sp_d16_hard_t_le_eabi_balanced.a(mbops.o)
                0x0000000000016014                __SEGGER_RTL_ascii_wctomb
 .text.libc.__SEGGER_RTL_isctype
                0x0000000000016022       0x20 C:/Program Files/SEGGER/SEGGER Embedded Studio for ARM 7.10a/lib/libc_v7em_fpv4_sp_d16_hard_t_le_eabi_balanced.a(mbops.o)
 .text.libc.isprint
                0x0000000000016042        0x6 C:/Program Files/SEGGER/SEGGER Embedded Studio for ARM 7.10a/lib/libc_v7em_fpv4_sp_d16_hard_t_le_eabi_balanced.a(mbops.o)
                0x0000000000016042                isprint
 .text.libc.__SEGGER_RTL_ascii_isctype
                0x0000000000016048       0x20 C:/Program Files/SEGGER/SEGGER Embedded Studio for ARM 7.10a/lib/libc_v7em_fpv4_sp_d16_hard_t_le_eabi_balanced.a(mbops.o)
 .text.libc.__SEGGER_RTL_ascii_toupper
                0x0000000000016068        0xc C:/Program Files/SEGGER/SEGGER Embedded Studio for ARM 7.10a/lib/libc_v7em_fpv4_sp_d16_hard_t_le_eabi_balanced.a(mbops.o)
 .text.libc.__SEGGER_RTL_ascii_tolower
                0x0000000000016074        0xc C:/Program Files/SEGGER/SEGGER Embedded Studio for ARM 7.10a/lib/libc_v7em_fpv4_sp_d16_hard_t_le_eabi_balanced.a(mbops.o)
 .text.libc.__SEGGER_RTL_ascii_iswctype
                0x0000000000016080       0x20 C:/Program Files/SEGGER/SEGGER Embedded Studio for ARM 7.10a/lib/libc_v7em_fpv4_sp_d16_hard_t_le_eabi_balanced.a(mbops.o)
 .text.libc.__SEGGER_RTL_ascii_towupper
                0x00000000000160a0        0xc C:/Program Files/SEGGER/SEGGER Embedded Studio for ARM 7.10a/lib/libc_v7em_fpv4_sp_d16_hard_t_le_eabi_balanced.a(mbops.o)
 .text.libc.__SEGGER_RTL_ascii_towlower
                0x00000000000160ac        0xc C:/Program Files/SEGGER/SEGGER Embedded Studio for ARM 7.10a/lib/libc_v7em_fpv4_sp_d16_hard_t_le_eabi_balanced.a(mbops.o)
 .text.libc.strlen
                0x00000000000160b8       0x60 C:/Program Files/SEGGER/SEGGER Embedded Studio for ARM 7.10a/lib/libc_v7em_fpv4_sp_d16_hard_t_le_eabi_balanced.a(strasmops_arm.o)
                0x00000000000160b8                strlen
 .text.libc.memcpy
                0x0000000000016118       0x64 C:/Program Files/SEGGER/SEGGER Embedded Studio for ARM 7.10a/lib/libc_v7em_fpv4_sp_d16_hard_t_le_eabi_balanced.a(strasmops_arm.o)
                0x0000000000016118                __aeabi_memcpy
                0x0000000000016118                memcpy
                0x000000000001613a                __aeabi_memcpy8
                0x000000000001613a                __aeabi_memcpy4
 .text.libc.__aeabi_memclr
                0x000000000001617c       0x68 C:/Program Files/SEGGER/SEGGER Embedded Studio for ARM 7.10a/lib/libc_v7em_fpv4_sp_d16_hard_t_le_eabi_balanced.a(strasmops_arm.o)
                0x000000000001617c                __aeabi_memclr8
                0x000000000001617c                __aeabi_memclr
                0x000000000001617c                __aeabi_memclr4
                0x000000000001617e                __aeabi_memset4
                0x000000000001617e                __aeabi_memset8
                0x000000000001617e                __aeabi_memset
                0x0000000000016184                memset
 .text.libc.__SEGGER_RTL_init_heap
                0x00000000000161e4       0x14 C:/Program Files/SEGGER/SEGGER Embedded Studio for ARM 7.10a/lib/heapops_basic_v7em_fpv4_sp_d16_hard_t_le_eabi_balanced.a(heapops_basic.o)
                0x00000000000161e4                __SEGGER_RTL_init_heap
                0x00000000000161f8                __text_end__ = (__text_start__ + SIZEOF (.text))
                0x0000000000003e2c                __text_size__ = SIZEOF (.text)
                0x00000000000161f8                __text_load_end__ = __text_end__

.vfp11_veneer   0x0000000100000000        0x0
 .vfp11_veneer  0x0000000100000000        0x0 linker stubs

.v4_bx          0x0000000100000000        0x0
 .v4_bx         0x0000000100000000        0x0 linker stubs

.iplt           0x0000000100000000        0x0
 .iplt          0x0000000100000000        0x0 Output/Release/Obj/ant_broadcast_rx_pca10040_s212/main.o
                0x0000000000000001                . = ASSERT (((__text_start__ == __text_end__) || ((__text_end__ - __FLASH1_segment_start__) <= __FLASH1_segment_size__)), error: .text is too large to fit in FLASH1 memory segment)
                0x00000000000161f8                __sdh_ant_observers_load_start__ = ALIGN (__text_end__, 0x4)

.sdh_ant_observers
                0x00000000000161f8        0x8
                0x00000000000161f8                __sdh_ant_observers_start__ = .
                0x00000000000161f8                __start_sdh_ant_observers = __sdh_ant_observers_start__
 *(SORT_BY_NAME(.sdh_ant_observers*))
 .sdh_ant_observers1
                0x00000000000161f8        0x8 Output/Release/Obj/ant_broadcast_rx_pca10040_s212/main.o
                0x0000000000016200                __sdh_ant_observers_end__ = (__sdh_ant_observers_start__ + SIZEOF (.sdh_ant_observers))
                0x0000000000000008                __sdh_ant_observers_size__ = SIZEOF (.sdh_ant_observers)
                0x0000000000016200                __stop_sdh_ant_observers = __sdh_ant_observers_end__
                0x0000000000016200                __sdh_ant_observers_load_end__ = __sdh_ant_observers_end__
                0x0000000000000001                . = ASSERT (((__sdh_ant_observers_start__ == __sdh_ant_observers_end__) || ((__sdh_ant_observers_end__ - __FLASH1_segment_start__) <= __FLASH1_segment_size__)), error: .sdh_ant_observers is too large to fit in FLASH1 memory segment)
                0x0000000000016200                __pwr_mgmt_data_load_start__ = ALIGN (__sdh_ant_observers_end__, 0x4)

.pwr_mgmt_data  0x0000000000016200        0x0
                0x0000000000016200                __pwr_mgmt_data_start__ = .
                0x0000000000016200                __start_pwr_mgmt_data = __pwr_mgmt_data_start__
 *(SORT_BY_NAME(.pwr_mgmt_data*))
                0x0000000000016200                __pwr_mgmt_data_end__ = (__pwr_mgmt_data_start__ + SIZEOF (.pwr_mgmt_data))
                0x0000000000000000                __pwr_mgmt_data_size__ = SIZEOF (.pwr_mgmt_data)
                0x0000000000016200                __stop_pwr_mgmt_data = __pwr_mgmt_data_end__
                0x0000000000016200                __pwr_mgmt_data_load_end__ = __pwr_mgmt_data_end__
                0x0000000000000001                . = ASSERT (((__pwr_mgmt_data_start__ == __pwr_mgmt_data_end__) || ((__pwr_mgmt_data_end__ - __FLASH1_segment_start__) <= __FLASH1_segment_size__)), error: .pwr_mgmt_data is too large to fit in FLASH1 memory segment)
                0x0000000000016200                __log_const_data_load_start__ = ALIGN (__pwr_mgmt_data_end__, 0x4)

.log_const_data
                0x0000000000016200       0x78
                0x0000000000016200                __log_const_data_start__ = .
                0x0000000000016200                __start_log_const_data = __log_const_data_start__
 *(SORT_BY_NAME(.log_const_data*))
 .log_const_data_CLOCK
                0x0000000000016200        0x8 Output/Release/Obj/ant_broadcast_rx_pca10040_s212/nrfx_clock.o
                0x0000000000016200                m_nrf_log_CLOCK_logs_data_const
 .log_const_data_GPIOTE
                0x0000000000016208        0x8 Output/Release/Obj/ant_broadcast_rx_pca10040_s212/nrfx_gpiote.o
                0x0000000000016208                m_nrf_log_GPIOTE_logs_data_const
 .log_const_data_PRS
                0x0000000000016210        0x8 Output/Release/Obj/ant_broadcast_rx_pca10040_s212/nrfx_prs.o
                0x0000000000016210                m_nrf_log_PRS_logs_data_const
 .log_const_data_RTC
                0x0000000000016218        0x8 Output/Release/Obj/ant_broadcast_rx_pca10040_s212/nrfx_rtc.o
                0x0000000000016218                m_nrf_log_RTC_logs_data_const
 .log_const_data_UART
                0x0000000000016220        0x8 Output/Release/Obj/ant_broadcast_rx_pca10040_s212/nrfx_uart.o
                0x0000000000016220                m_nrf_log_UART_logs_data_const
 .log_const_data_UARTE
                0x0000000000016228        0x8 Output/Release/Obj/ant_broadcast_rx_pca10040_s212/nrfx_uarte.o
                0x0000000000016228                m_nrf_log_UARTE_logs_data_const
 .log_const_data_app
                0x0000000000016230        0x8 Output/Release/Obj/ant_broadcast_rx_pca10040_s212/nrf_log_frontend.o
                0x0000000000016230                m_nrf_log_app_logs_data_const
 .log_const_data_app_button
                0x0000000000016238        0x8 Output/Release/Obj/ant_broadcast_rx_pca10040_s212/app_button.o
                0x0000000000016238                m_nrf_log_app_button_logs_data_const
 .log_const_data_app_timer
                0x0000000000016240        0x8 Output/Release/Obj/ant_broadcast_rx_pca10040_s212/app_timer2.o
                0x0000000000016240                m_nrf_log_app_timer_logs_data_const
 .log_const_data_clock
                0x0000000000016248        0x8 Output/Release/Obj/ant_broadcast_rx_pca10040_s212/nrf_drv_clock.o
                0x0000000000016248                m_nrf_log_clock_logs_data_const
 .log_const_data_hardfault
                0x0000000000016250        0x8 Output/Release/Obj/ant_broadcast_rx_pca10040_s212/hardfault_implementation.o
                0x0000000000016250                m_nrf_log_hardfault_logs_data_const
 .log_const_data_nrf_sdh
                0x0000000000016258        0x8 Output/Release/Obj/ant_broadcast_rx_pca10040_s212/nrf_sdh.o
                0x0000000000016258                m_nrf_log_nrf_sdh_logs_data_const
 .log_const_data_nrf_sdh_ant
                0x0000000000016260        0x8 Output/Release/Obj/ant_broadcast_rx_pca10040_s212/nrf_sdh_ant.o
                0x0000000000016260                m_nrf_log_nrf_sdh_ant_logs_data_const
 .log_const_data_pwr_mgmt
                0x0000000000016268        0x8 Output/Release/Obj/ant_broadcast_rx_pca10040_s212/nrf_pwr_mgmt.o
                0x0000000000016268                m_nrf_log_pwr_mgmt_logs_data_const
 .log_const_data_sortlist
                0x0000000000016270        0x8 Output/Release/Obj/ant_broadcast_rx_pca10040_s212/nrf_sortlist.o
                0x0000000000016270                m_nrf_log_sortlist_logs_data_const
                0x0000000000016278                __log_const_data_end__ = (__log_const_data_start__ + SIZEOF (.log_const_data))
                0x0000000000000078                __log_const_data_size__ = SIZEOF (.log_const_data)
                0x0000000000016278                __stop_log_const_data = __log_const_data_end__
                0x0000000000016278                __log_const_data_load_end__ = __log_const_data_end__
                0x0000000000000001                . = ASSERT (((__log_const_data_start__ == __log_const_data_end__) || ((__log_const_data_end__ - __FLASH1_segment_start__) <= __FLASH1_segment_size__)), error: .log_const_data is too large to fit in FLASH1 memory segment)
                0x0000000000016278                __sdh_req_observers_load_start__ = ALIGN (__log_const_data_end__, 0x4)

.sdh_req_observers
                0x0000000000016278        0x0
                0x0000000000016278                __sdh_req_observers_start__ = .
                0x0000000000016278                __start_sdh_req_observers = __sdh_req_observers_start__
 *(SORT_BY_NAME(.sdh_req_observers*))
                0x0000000000016278                __sdh_req_observers_end__ = (__sdh_req_observers_start__ + SIZEOF (.sdh_req_observers))
                0x0000000000000000                __sdh_req_observers_size__ = SIZEOF (.sdh_req_observers)
                0x0000000000016278                __stop_sdh_req_observers = __sdh_req_observers_end__
                0x0000000000016278                __sdh_req_observers_load_end__ = __sdh_req_observers_end__
                0x0000000000000001                . = ASSERT (((__sdh_req_observers_start__ == __sdh_req_observers_end__) || ((__sdh_req_observers_end__ - __FLASH1_segment_start__) <= __FLASH1_segment_size__)), error: .sdh_req_observers is too large to fit in FLASH1 memory segment)
                0x0000000000016278                __sdh_state_observers_load_start__ = ALIGN (__sdh_req_observers_end__, 0x4)

.sdh_state_observers
                0x0000000000016278        0x8
                0x0000000000016278                __sdh_state_observers_start__ = .
                0x0000000000016278                __start_sdh_state_observers = __sdh_state_observers_start__
 *(SORT_BY_NAME(.sdh_state_observers*))
 .sdh_state_observers0
                0x0000000000016278        0x8 Output/Release/Obj/ant_broadcast_rx_pca10040_s212/nrf_drv_clock.o
                0x0000000000016280                __sdh_state_observers_end__ = (__sdh_state_observers_start__ + SIZEOF (.sdh_state_observers))
                0x0000000000000008                __sdh_state_observers_size__ = SIZEOF (.sdh_state_observers)
                0x0000000000016280                __stop_sdh_state_observers = __sdh_state_observers_end__
                0x0000000000016280                __sdh_state_observers_load_end__ = __sdh_state_observers_end__
                0x0000000000000001                . = ASSERT (((__sdh_state_observers_start__ == __sdh_state_observers_end__) || ((__sdh_state_observers_end__ - __FLASH1_segment_start__) <= __FLASH1_segment_size__)), error: .sdh_state_observers is too large to fit in FLASH1 memory segment)
                0x0000000000016280                __sdh_stack_observers_load_start__ = ALIGN (__sdh_state_observers_end__, 0x4)

.sdh_stack_observers
                0x0000000000016280        0x8
                0x0000000000016280                __sdh_stack_observers_start__ = .
                0x0000000000016280                __start_sdh_stack_observers = __sdh_stack_observers_start__
 *(SORT_BY_NAME(.sdh_stack_observers*))
 .sdh_stack_observers0
                0x0000000000016280        0x8 Output/Release/Obj/ant_broadcast_rx_pca10040_s212/nrf_sdh_ant.o
                0x0000000000016288                __sdh_stack_observers_end__ = (__sdh_stack_observers_start__ + SIZEOF (.sdh_stack_observers))
                0x0000000000000008                __sdh_stack_observers_size__ = SIZEOF (.sdh_stack_observers)
                0x0000000000016288                __stop_sdh_stack_observers = __sdh_stack_observers_end__
                0x0000000000016288                __sdh_stack_observers_load_end__ = __sdh_stack_observers_end__
                0x0000000000000001                . = ASSERT (((__sdh_stack_observers_start__ == __sdh_stack_observers_end__) || ((__sdh_stack_observers_end__ - __FLASH1_segment_start__) <= __FLASH1_segment_size__)), error: .sdh_stack_observers is too large to fit in FLASH1 memory segment)
                0x0000000000016288                __log_backends_load_start__ = ALIGN (__sdh_stack_observers_end__, 0x4)

.log_backends   0x0000000000016288       0x10
                0x0000000000016288                __log_backends_start__ = .
                0x0000000000016288                __start_log_backends = __log_backends_start__
 *(SORT_BY_NAME(.log_backends*))
 .log_backends  0x0000000000016288       0x10 Output/Release/Obj/ant_broadcast_rx_pca10040_s212/nrf_log_default_backends.o
                0x0000000000016298                __log_backends_end__ = (__log_backends_start__ + SIZEOF (.log_backends))
                0x0000000000000010                __log_backends_size__ = SIZEOF (.log_backends)
                0x0000000000016298                __stop_log_backends = __log_backends_end__
                0x0000000000016298                __log_backends_load_end__ = __log_backends_end__
                0x0000000000000001                . = ASSERT (((__log_backends_start__ == __log_backends_end__) || ((__log_backends_end__ - __FLASH1_segment_start__) <= __FLASH1_segment_size__)), error: .log_backends is too large to fit in FLASH1 memory segment)
                0x0000000000016298                __nrf_balloc_load_start__ = ALIGN (__log_backends_end__, 0x4)

.nrf_balloc     0x0000000000016298       0x14
                0x0000000000016298                __nrf_balloc_start__ = .
                0x0000000000016298                __start_nrf_balloc = __nrf_balloc_start__
 *(.nrf_balloc*)
 .nrf_balloc    0x0000000000016298       0x14 Output/Release/Obj/ant_broadcast_rx_pca10040_s212/nrf_log_frontend.o
                0x0000000000016298                log_mempool
                0x00000000000162ac                __nrf_balloc_end__ = (__nrf_balloc_start__ + SIZEOF (.nrf_balloc))
                0x0000000000000014                __nrf_balloc_size__ = SIZEOF (.nrf_balloc)
                0x00000000000162ac                __stop_nrf_balloc = __nrf_balloc_end__
                0x00000000000162ac                __nrf_balloc_load_end__ = __nrf_balloc_end__
                0x0000000000000001                . = ASSERT (((__nrf_balloc_start__ == __nrf_balloc_end__) || ((__nrf_balloc_end__ - __FLASH1_segment_start__) <= __FLASH1_segment_size__)), error: .nrf_balloc is too large to fit in FLASH1 memory segment)
                0x00000000000162ac                __nrf_sections_load_start__ = ALIGN (__nrf_balloc_end__, 0x4)

.nrf_sections   0x00000000000162ac        0x0
                0x00000000000162ac                __nrf_sections_start__ = .
                0x00000000000162ac                __start_nrf_sections = __nrf_sections_start__
 *(.nrf_sections .nrf_sections.*)
                0x00000000000162ac                __nrf_sections_end__ = (__nrf_sections_start__ + SIZEOF (.nrf_sections))
                0x0000000000000000                __nrf_sections_size__ = SIZEOF (.nrf_sections)
                0x00000000000162ac                __nrf_sections_load_end__ = __nrf_sections_end__
                0x0000000000000001                . = ASSERT (((__nrf_sections_start__ == __nrf_sections_end__) || ((__nrf_sections_end__ - __FLASH1_segment_start__) <= __FLASH1_segment_size__)), error: .nrf_sections is too large to fit in FLASH1 memory segment)
                0x00000000000162ac                __log_dynamic_data_load_start__ = ALIGN (__nrf_sections_end__, 0x4)

.log_dynamic_data
                0x0000000020000b80        0x0 load address 0x00000000000162ac
                0x0000000020000b80                __log_dynamic_data_start__ = .
 *(SORT_BY_NAME(.log_dynamic_data*))
                0x0000000020000b80                __log_dynamic_data_end__ = (__log_dynamic_data_start__ + SIZEOF (.log_dynamic_data))
                0x0000000000000000                __log_dynamic_data_size__ = SIZEOF (.log_dynamic_data)
                0x00000000000162ac                __log_dynamic_data_load_end__ = (__log_dynamic_data_load_start__ + SIZEOF (.log_dynamic_data))
                0x0000000000000001                . = ASSERT (((__log_dynamic_data_load_start__ == __log_dynamic_data_load_end__) || ((__log_dynamic_data_load_end__ - __FLASH1_segment_start__) <= __FLASH1_segment_size__)), error: .log_dynamic_data is too large to fit in FLASH1 memory segment)

.log_dynamic_data_run
                0x0000000020000b80        0x0
                0x0000000020000b80                __log_dynamic_data_run_start__ = .
                0x0000000020000b80                __start_log_dynamic_data = __log_dynamic_data_run_start__
                0x0000000020000b80                __log_dynamic_data_run_end__ = (__log_dynamic_data_run_start__ + SIZEOF (.log_dynamic_data))
                0x0000000000000000                __log_dynamic_data_run_size__ = (__log_dynamic_data_run_end__ - __log_dynamic_data_run_start__)
                0x0000000020000b80                __stop_log_dynamic_data = __log_dynamic_data_run_end__
                0x0000000020000b80                __log_dynamic_data_run_load_end__ = __log_dynamic_data_run_end__
                0x0000000000000001                . = ASSERT (((__log_dynamic_data_run_start__ == __log_dynamic_data_run_end__) || ((__log_dynamic_data_run_end__ - __RAM1_segment_start__) <= __RAM1_segment_size__)), error: .log_dynamic_data_run is too large to fit in RAM1 memory segment)
                0x00000000000162ac                __log_filter_data_load_start__ = ALIGN ((__log_dynamic_data_load_start__ + SIZEOF (.log_dynamic_data)), 0x4)

.log_filter_data
                0x0000000020000b80        0x0 load address 0x00000000000162ac
                0x0000000020000b80                __log_filter_data_start__ = .
 *(SORT_BY_NAME(.log_filter_data*))
                0x0000000020000b80                __log_filter_data_end__ = (__log_filter_data_start__ + SIZEOF (.log_filter_data))
                0x0000000000000000                __log_filter_data_size__ = SIZEOF (.log_filter_data)
                0x00000000000162ac                __log_filter_data_load_end__ = (__log_filter_data_load_start__ + SIZEOF (.log_filter_data))
                0x0000000000000001                . = ASSERT (((__log_filter_data_load_start__ == __log_filter_data_load_end__) || ((__log_filter_data_load_end__ - __FLASH1_segment_start__) <= __FLASH1_segment_size__)), error: .log_filter_data is too large to fit in FLASH1 memory segment)

.log_filter_data_run
                0x0000000020000b80        0x0
                0x0000000020000b80                __log_filter_data_run_start__ = .
                0x0000000020000b80                __start_log_filter_data = __log_filter_data_run_start__
                0x0000000020000b80                __log_filter_data_run_end__ = (__log_filter_data_run_start__ + SIZEOF (.log_filter_data))
                0x0000000000000000                __log_filter_data_run_size__ = (__log_filter_data_run_end__ - __log_filter_data_run_start__)
                0x0000000020000b80                __stop_log_filter_data = __log_filter_data_run_end__
                0x0000000020000b80                __log_filter_data_run_load_end__ = __log_filter_data_run_end__
                0x0000000000000001                . = ASSERT (((__log_filter_data_run_start__ == __log_filter_data_run_end__) || ((__log_filter_data_run_end__ - __RAM1_segment_start__) <= __RAM1_segment_size__)), error: .log_filter_data_run is too large to fit in RAM1 memory segment)
                0x0000000020000b80                __nrf_sections_run_end_load_start__ = ALIGN (__log_filter_data_run_end__, 0x4)

.nrf_sections_run_end
                0x0000000020000b80        0x0
                0x0000000020000b80                __nrf_sections_run_end_start__ = .
                0x0000000020000b80                __end_nrf_sections_run = __nrf_sections_run_end_start__
 *(.nrf_sections_run_end .nrf_sections_run_end.*)
                0x0000000020000b80                __nrf_sections_run_end_end__ = (__nrf_sections_run_end_start__ + SIZEOF (.nrf_sections_run_end))
                0x0000000000000000                __nrf_sections_run_end_size__ = SIZEOF (.nrf_sections_run_end)
                0x0000000020000b80                __nrf_sections_run_end_load_end__ = __nrf_sections_run_end_end__
                0x0000000000000001                . = ASSERT (((__nrf_sections_run_end_start__ == __nrf_sections_run_end_end__) || ((__nrf_sections_run_end_end__ - __RAM1_segment_start__) <= __RAM1_segment_size__)), error: .nrf_sections_run_end is too large to fit in RAM1 memory segment)
                0x00000000000162ac                __dtors_load_start__ = ALIGN ((__log_filter_data_load_start__ + SIZEOF (.log_filter_data)), 0x4)

.dtors          0x00000000000162ac        0x0
                0x00000000000162ac                __dtors_start__ = .
 *(SORT_BY_NAME(.dtors.*))
 *(.dtors)
 *(.fini_array)
 *(SORT_BY_NAME(.fini_array.*))
                0x00000000000162ac                __dtors_end__ = (__dtors_start__ + SIZEOF (.dtors))
                0x0000000000000000                __dtors_size__ = SIZEOF (.dtors)
                0x00000000000162ac                __dtors_load_end__ = __dtors_end__
                0x0000000000000001                . = ASSERT (((__dtors_start__ == __dtors_end__) || ((__dtors_end__ - __FLASH1_segment_start__) <= __FLASH1_segment_size__)), error: .dtors is too large to fit in FLASH1 memory segment)
                0x00000000000162ac                __ctors_load_start__ = ALIGN (__dtors_end__, 0x4)

.ctors          0x00000000000162ac        0x0
                0x00000000000162ac                __ctors_start__ = .
 *(SORT_BY_NAME(.ctors.*))
 *(.ctors)
 *(.init_array)
 *(SORT_BY_NAME(.init_array.*))
                0x00000000000162ac                __ctors_end__ = (__ctors_start__ + SIZEOF (.ctors))
                0x0000000000000000                __ctors_size__ = SIZEOF (.ctors)
                0x00000000000162ac                __ctors_load_end__ = __ctors_end__
                0x0000000000000001                . = ASSERT (((__ctors_start__ == __ctors_end__) || ((__ctors_end__ - __FLASH1_segment_start__) <= __FLASH1_segment_size__)), error: .ctors is too large to fit in FLASH1 memory segment)
                0x00000000000162ac                __rodata_load_start__ = ALIGN (__ctors_end__, 0x4)

.rodata         0x00000000000162ac     0x1089
                0x00000000000162ac                __rodata_start__ = .
 *(.rodata .rodata.* .gnu.linkonce.r.*)
 .rodata.main.str1.1
                0x00000000000162ac       0x22 Output/Release/Obj/ant_broadcast_rx_pca10040_s212/main.o
 .rodata        0x00000000000162ce       0x12 Output/Release/Obj/ant_broadcast_rx_pca10040_s212/main.o
 .rodata.rtc    0x00000000000162e0        0x8 Output/Release/Obj/ant_broadcast_rx_pca10040_s212/main.o
                0x00000000000162e0                rtc
 .rodata.m_board_led_list
                0x00000000000162e8        0x4 Output/Release/Obj/ant_broadcast_rx_pca10040_s212/boards.o
 .rodata.app_buttons
                0x00000000000162ec       0x20 Output/Release/Obj/ant_broadcast_rx_pca10040_s212/bsp.o
 .rodata.m_bsp_alert_tmr
                0x000000000001630c        0x4 Output/Release/Obj/ant_broadcast_rx_pca10040_s212/bsp.o
 .rodata.m_bsp_button_tmr
                0x0000000000016310        0x4 Output/Release/Obj/ant_broadcast_rx_pca10040_s212/bsp.o
 .rodata.m_bsp_leds_tmr
                0x0000000000016314        0x4 Output/Release/Obj/ant_broadcast_rx_pca10040_s212/bsp.o
 .rodata.CSWTCH.15
                0x0000000000016318        0x5 Output/Release/Obj/ant_broadcast_rx_pca10040_s212/system_nrf52.o
 .rodata.CSWTCH.19
                0x000000000001631d        0x5 Output/Release/Obj/ant_broadcast_rx_pca10040_s212/system_nrf52.o
 .rodata.CSWTCH.21
                0x0000000000016322        0x5 Output/Release/Obj/ant_broadcast_rx_pca10040_s212/system_nrf52.o
 .rodata.CSWTCH.5
                0x0000000000016327        0x5 Output/Release/Obj/ant_broadcast_rx_pca10040_s212/system_nrf52.o
 .rodata.str1.1
                0x000000000001632c        0x7 Output/Release/Obj/ant_broadcast_rx_pca10040_s212/nrfx_gpiote.o
 .rodata.str1.1
                0x0000000000016333        0x4 Output/Release/Obj/ant_broadcast_rx_pca10040_s212/nrfx_prs.o
 .rodata.str1.1
                0x0000000000016337        0x5 Output/Release/Obj/ant_broadcast_rx_pca10040_s212/nrfx_uart.o
 .rodata.str1.1
                0x000000000001633c        0x6 Output/Release/Obj/ant_broadcast_rx_pca10040_s212/nrfx_uarte.o
 .rodata.str1.1
                0x0000000000016342        0x6 Output/Release/Obj/ant_broadcast_rx_pca10040_s212/nrf_drv_clock.o
 .rodata.str1.1
                0x0000000000016348        0x6 Output/Release/Obj/ant_broadcast_rx_pca10040_s212/nrfx_clock.o
 .rodata.str1.1
                0x000000000001634e        0x4 Output/Release/Obj/ant_broadcast_rx_pca10040_s212/nrfx_rtc.o
 .rodata.str1.1
                0x0000000000016352        0xb Output/Release/Obj/ant_broadcast_rx_pca10040_s212/app_button.o
 *fill*         0x000000000001635d        0x3 
 .rodata.m_detection_delay_timer_id
                0x0000000000016360        0x4 Output/Release/Obj/ant_broadcast_rx_pca10040_s212/app_button.o
 .rodata.app_error_fault_handler.str1.1
                0x0000000000016364       0x19 Output/Release/Obj/ant_broadcast_rx_pca10040_s212/app_error_weak.o
 .rodata.str1.1
                0x000000000001637d        0xa Output/Release/Obj/ant_broadcast_rx_pca10040_s212/app_timer2.o
 *fill*         0x0000000000016387        0x1 
 .rodata        0x0000000000016388        0x4 Output/Release/Obj/ant_broadcast_rx_pca10040_s212/app_timer2.o
 .rodata.m_app_timer_sortlist
                0x000000000001638c        0xc Output/Release/Obj/ant_broadcast_rx_pca10040_s212/app_timer2.o
 .rodata.drv_rtc_init.str1.1
                0x0000000000016398       0x34 Output/Release/Obj/ant_broadcast_rx_pca10040_s212/drv_rtc.o
 *fill*         0x00000000000163cc        0x4 
 .rodata.delay_machine_code.0
                0x00000000000163d0        0x6 Output/Release/Obj/ant_broadcast_rx_pca10040_s212/drv_rtc.o
 .rodata.HardFault_c_handler.str1.1
                0x00000000000163d6      0x12e Output/Release/Obj/ant_broadcast_rx_pca10040_s212/hardfault_implementation.o
 .rodata.str1.1
                0x0000000000016504      0x4c0 Output/Release/Obj/ant_broadcast_rx_pca10040_s212/hardfault_implementation.o
 .rodata.cfsr_msgs.0
                0x00000000000169c4       0x68 Output/Release/Obj/ant_broadcast_rx_pca10040_s212/hardfault_implementation.o
 .rodata._aV2C.0
                0x0000000000016a2c       0x10 Output/Release/Obj/ant_broadcast_rx_pca10040_s212/nrf_fprintf_format.o
 .rodata.str1.1
                0x0000000000016a3c        0x9 Output/Release/Obj/ant_broadcast_rx_pca10040_s212/nrf_pwr_mgmt.o
 *fill*         0x0000000000016a45        0x3 
 .rodata.pwr_mgmt_data
                0x0000000000016a48        0xc Output/Release/Obj/ant_broadcast_rx_pca10040_s212/nrf_pwr_mgmt.o
 .rodata.str1.1
                0x0000000000016a54        0x9 Output/Release/Obj/ant_broadcast_rx_pca10040_s212/nrf_sortlist.o
 .rodata.str1.1
                0x0000000000016a5d      0x3ba Output/Release/Obj/ant_broadcast_rx_pca10040_s212/nrf_strerror.o
 .rodata.m_unknown_str
                0x0000000000016e17       0x13 Output/Release/Obj/ant_broadcast_rx_pca10040_s212/nrf_strerror.o
 *fill*         0x0000000000016e2a        0x2 
 .rodata.nrf_strerror_array
                0x0000000000016e2c      0x128 Output/Release/Obj/ant_broadcast_rx_pca10040_s212/nrf_strerror.o
 .rodata        0x0000000000016f54       0x20 Output/Release/Obj/ant_broadcast_rx_pca10040_s212/nrf_log_backend_uart.o
 .rodata.nrf_log_backend_uart_api
                0x0000000000016f74        0xc Output/Release/Obj/ant_broadcast_rx_pca10040_s212/nrf_log_backend_uart.o
                0x0000000000016f74                nrf_log_backend_uart_api
 .rodata.str1.1
                0x0000000000016f80       0x11 Output/Release/Obj/ant_broadcast_rx_pca10040_s212/nrf_log_default_backends.o
 .rodata.nrf_log_frontend_dequeue.str1.1
                0x0000000000016f91       0x11 Output/Release/Obj/ant_broadcast_rx_pca10040_s212/nrf_log_frontend.o
 .rodata.str1.1
                0x0000000000016fa2        0x4 Output/Release/Obj/ant_broadcast_rx_pca10040_s212/nrf_log_frontend.o
 *fill*         0x0000000000016fa6        0x2 
 .rodata.m_log_push_ringbuf
                0x0000000000016fa8        0xc Output/Release/Obj/ant_broadcast_rx_pca10040_s212/nrf_log_frontend.o
 .rodata.postfix_process.str1.1
                0x0000000000016fb4        0x8 Output/Release/Obj/ant_broadcast_rx_pca10040_s212/nrf_log_str_formatter.o
                                          0xb (size before relaxing)
 .rodata.prefix_process.constprop.0.str1.1
                0x0000000000016fbc       0x2a Output/Release/Obj/ant_broadcast_rx_pca10040_s212/nrf_log_str_formatter.o
 .rodata.nrf_log_hexdump_entry_process.str1.1
                0x0000000000016fe6        0xf Output/Release/Obj/ant_broadcast_rx_pca10040_s212/nrf_log_str_formatter.o
                                         0x11 (size before relaxing)
 .rodata.str1.1
                0x0000000000016ff5       0x4b Output/Release/Obj/ant_broadcast_rx_pca10040_s212/nrf_log_str_formatter.o
                                         0x51 (size before relaxing)
 .rodata.m_colors
                0x0000000000017040       0x24 Output/Release/Obj/ant_broadcast_rx_pca10040_s212/nrf_log_str_formatter.o
 .rodata.severity_names
                0x0000000000017064       0x14 Output/Release/Obj/ant_broadcast_rx_pca10040_s212/nrf_log_str_formatter.o
 .rodata.nrf_sdh_enable_request.str1.1
                0x0000000000017078       0x28 Output/Release/Obj/ant_broadcast_rx_pca10040_s212/nrf_sdh.o
 .rodata.str1.1
                0x00000000000170a0        0x8 Output/Release/Obj/ant_broadcast_rx_pca10040_s212/nrf_sdh.o
 .rodata        0x00000000000170a8        0x4 Output/Release/Obj/ant_broadcast_rx_pca10040_s212/nrf_sdh.o
 .rodata.sdh_req_observers
                0x00000000000170ac        0xc Output/Release/Obj/ant_broadcast_rx_pca10040_s212/nrf_sdh.o
 .rodata.sdh_stack_observers
                0x00000000000170b8        0xc Output/Release/Obj/ant_broadcast_rx_pca10040_s212/nrf_sdh.o
 .rodata.sdh_state_observers
                0x00000000000170c4        0xc Output/Release/Obj/ant_broadcast_rx_pca10040_s212/nrf_sdh.o
 .rodata.nrf_sdh_ant_enable.str1.1
                0x00000000000170d0       0x1d Output/Release/Obj/ant_broadcast_rx_pca10040_s212/nrf_sdh_ant.o
 .rodata.str1.1
                0x00000000000170ed        0xc Output/Release/Obj/ant_broadcast_rx_pca10040_s212/nrf_sdh_ant.o
 *fill*         0x00000000000170f9        0x3 
 .rodata        0x00000000000170fc        0xc Output/Release/Obj/ant_broadcast_rx_pca10040_s212/nrf_sdh_ant.o
 .rodata.sdh_ant_observers
                0x0000000000017108        0xc Output/Release/Obj/ant_broadcast_rx_pca10040_s212/nrf_sdh_ant.o
 .rodata.libc.__SEGGER_RTL_c_locale
                0x0000000000017114        0xc C:/Program Files/SEGGER/SEGGER Embedded Studio for ARM 7.10a/lib/libc_v7em_fpv4_sp_d16_hard_t_le_eabi_balanced.a(mbops.o)
                0x0000000000017114                __SEGGER_RTL_c_locale
 .rodata.libc..L.str
                0x0000000000017120        0x2 C:/Program Files/SEGGER/SEGGER Embedded Studio for ARM 7.10a/lib/libc_v7em_fpv4_sp_d16_hard_t_le_eabi_balanced.a(mbops.o)
 *fill*         0x0000000000017122        0x2 
 .rodata.libc.__SEGGER_RTL_codeset_ascii
                0x0000000000017124       0x20 C:/Program Files/SEGGER/SEGGER Embedded Studio for ARM 7.10a/lib/libc_v7em_fpv4_sp_d16_hard_t_le_eabi_balanced.a(mbops.o)
                0x0000000000017124                __SEGGER_RTL_codeset_ascii
 .rodata.libc.__SEGGER_RTL_c_locale_abbrev_day_names
                0x0000000000017144       0x1d C:/Program Files/SEGGER/SEGGER Embedded Studio for ARM 7.10a/lib/libc_v7em_fpv4_sp_d16_hard_t_le_eabi_balanced.a(mbops.o)
                0x0000000000017144                __SEGGER_RTL_c_locale_abbrev_day_names
 .rodata.libc.__SEGGER_RTL_c_locale_abbrev_month_names
                0x0000000000017161       0x31 C:/Program Files/SEGGER/SEGGER Embedded Studio for ARM 7.10a/lib/libc_v7em_fpv4_sp_d16_hard_t_le_eabi_balanced.a(mbops.o)
                0x0000000000017161                __SEGGER_RTL_c_locale_abbrev_month_names
 .rodata.libc.__SEGGER_RTL_data_utf8_period
                0x0000000000017192        0x2 C:/Program Files/SEGGER/SEGGER Embedded Studio for ARM 7.10a/lib/libc_v7em_fpv4_sp_d16_hard_t_le_eabi_balanced.a(mbops.o)
                0x0000000000017192                __SEGGER_RTL_data_utf8_period
 .rodata.libc.__SEGGER_RTL_data_empty_string
                0x0000000000017194        0x1 C:/Program Files/SEGGER/SEGGER Embedded Studio for ARM 7.10a/lib/libc_v7em_fpv4_sp_d16_hard_t_le_eabi_balanced.a(mbops.o)
                0x0000000000017194                __SEGGER_RTL_data_empty_string
 .rodata.libc.__SEGGER_RTL_c_locale_day_names
                0x0000000000017195       0x3a C:/Program Files/SEGGER/SEGGER Embedded Studio for ARM 7.10a/lib/libc_v7em_fpv4_sp_d16_hard_t_le_eabi_balanced.a(mbops.o)
 .rodata.libc.__SEGGER_RTL_c_locale_month_names
                0x00000000000171cf       0x57 C:/Program Files/SEGGER/SEGGER Embedded Studio for ARM 7.10a/lib/libc_v7em_fpv4_sp_d16_hard_t_le_eabi_balanced.a(mbops.o)
 .rodata.libc.__SEGGER_RTL_c_locale_am_pm_indicator
                0x0000000000017226        0x7 C:/Program Files/SEGGER/SEGGER Embedded Studio for ARM 7.10a/lib/libc_v7em_fpv4_sp_d16_hard_t_le_eabi_balanced.a(mbops.o)
 .rodata.libc.__SEGGER_RTL_c_locale_date_format
                0x000000000001722d        0x9 C:/Program Files/SEGGER/SEGGER Embedded Studio for ARM 7.10a/lib/libc_v7em_fpv4_sp_d16_hard_t_le_eabi_balanced.a(mbops.o)
 .rodata.libc.__SEGGER_RTL_c_locale_time_format
                0x0000000000017236        0x9 C:/Program Files/SEGGER/SEGGER Embedded Studio for ARM 7.10a/lib/libc_v7em_fpv4_sp_d16_hard_t_le_eabi_balanced.a(mbops.o)
 .rodata.libc.__SEGGER_RTL_c_locale_date_time_format
                0x000000000001723f        0xf C:/Program Files/SEGGER/SEGGER Embedded Studio for ARM 7.10a/lib/libc_v7em_fpv4_sp_d16_hard_t_le_eabi_balanced.a(mbops.o)
 *fill*         0x000000000001724e        0x2 
 .rodata.libc.__SEGGER_RTL_c_locale_data
                0x0000000000017250       0x58 C:/Program Files/SEGGER/SEGGER Embedded Studio for ARM 7.10a/lib/libc_v7em_fpv4_sp_d16_hard_t_le_eabi_balanced.a(mbops.o)
                0x0000000000017250                __SEGGER_RTL_c_locale_data
 .rodata.libc.__SEGGER_RTL_ascii_ctype_map
                0x00000000000172a8       0x80 C:/Program Files/SEGGER/SEGGER Embedded Studio for ARM 7.10a/lib/libc_v7em_fpv4_sp_d16_hard_t_le_eabi_balanced.a(mbops.o)
 .rodata.libc.__SEGGER_RTL_ascii_ctype_mask
                0x0000000000017328        0xd C:/Program Files/SEGGER/SEGGER Embedded Studio for ARM 7.10a/lib/libc_v7em_fpv4_sp_d16_hard_t_le_eabi_balanced.a(mbops.o)
                0x0000000000017335                __rodata_end__ = (__rodata_start__ + SIZEOF (.rodata))
                0x0000000000001089                __rodata_size__ = SIZEOF (.rodata)
                0x0000000000017335                __rodata_load_end__ = __rodata_end__

.rel.dyn        0x0000000000017338        0x0
 .rel.iplt      0x0000000000017338        0x0 Output/Release/Obj/ant_broadcast_rx_pca10040_s212/main.o
                0x0000000000000001                . = ASSERT (((__rodata_start__ == __rodata_end__) || ((__rodata_end__ - __FLASH1_segment_start__) <= __FLASH1_segment_size__)), error: .rodata is too large to fit in FLASH1 memory segment)
                0x0000000000017338                __ARM.exidx_load_start__ = ALIGN (__rodata_end__, 0x4)

.ARM.exidx      0x0000000000017338        0x0
                0x0000000000017338                __ARM.exidx_start__ = .
                0x0000000000017338                __exidx_start = __ARM.exidx_start__
 *(.ARM.exidx .ARM.exidx.*)
                0x0000000000017338                __ARM.exidx_end__ = (__ARM.exidx_start__ + SIZEOF (.ARM.exidx))
                0x0000000000000000                __ARM.exidx_size__ = SIZEOF (.ARM.exidx)
                0x0000000000017338                __exidx_end = __ARM.exidx_end__
                0x0000000000017338                __ARM.exidx_load_end__ = __ARM.exidx_end__
                0x0000000000000001                . = ASSERT (((__ARM.exidx_start__ == __ARM.exidx_end__) || ((__ARM.exidx_end__ - __FLASH1_segment_start__) <= __FLASH1_segment_size__)), error: .ARM.exidx is too large to fit in FLASH1 memory segment)
                0x0000000000017338                __fast_load_start__ = ALIGN (__ARM.exidx_end__, 0x4)

.fast           0x0000000020000b80        0x0 load address 0x0000000000017338
                0x0000000020000b80                __fast_start__ = .
 *(.fast .fast.*)
                0x0000000020000b80                __fast_end__ = (__fast_start__ + SIZEOF (.fast))
                0x0000000000000000                __fast_size__ = SIZEOF (.fast)
                0x0000000000017338                __fast_load_end__ = (__fast_load_start__ + SIZEOF (.fast))
                0x0000000000000001                . = ASSERT (((__fast_load_start__ == __fast_load_end__) || ((__fast_load_end__ - __FLASH1_segment_start__) <= __FLASH1_segment_size__)), error: .fast is too large to fit in FLASH1 memory segment)

.fast_run       0x0000000020000b80        0x0
                0x0000000020000b80                __fast_run_start__ = .
                0x0000000020000b80                __fast_run_end__ = (__fast_run_start__ + SIZEOF (.fast))
                0x0000000000000000                __fast_run_size__ = (__fast_run_end__ - __fast_run_start__)
                0x0000000020000b80                __fast_run_load_end__ = __fast_run_end__
                0x0000000000000001                . = ASSERT (((__fast_run_start__ == __fast_run_end__) || ((__fast_run_end__ - __RAM1_segment_start__) <= __RAM1_segment_size__)), error: .fast_run is too large to fit in RAM1 memory segment)
                0x0000000000017338                __data_load_start__ = ALIGN ((__fast_load_start__ + SIZEOF (.fast)), 0x4)

.data           0x0000000020000b80       0xc0 load address 0x0000000000017338
                0x0000000020000b80                __data_start__ = .
 *(.data .data.* .gnu.linkonce.d.*)
 .data.m_bsp_alert_tmr_data
                0x0000000020000b80       0x20 Output/Release/Obj/ant_broadcast_rx_pca10040_s212/bsp.o
 .data.m_bsp_button_tmr_data
                0x0000000020000ba0       0x20 Output/Release/Obj/ant_broadcast_rx_pca10040_s212/bsp.o
 .data.m_bsp_leds_tmr_data
                0x0000000020000bc0       0x20 Output/Release/Obj/ant_broadcast_rx_pca10040_s212/bsp.o
 .data.SystemCoreClock
                0x0000000020000be0        0x4 Output/Release/Obj/ant_broadcast_rx_pca10040_s212/system_nrf52.o
                0x0000000020000be0                SystemCoreClock
 *fill*         0x0000000020000be4        0x4 
 .data.m_detection_delay_timer_id_data
                0x0000000020000be8       0x20 Output/Release/Obj/ant_broadcast_rx_pca10040_s212/app_button.o
 .data.m_rtc_inst
                0x0000000020000c08        0x8 Output/Release/Obj/ant_broadcast_rx_pca10040_s212/app_timer2.o
 .data.m_uart   0x0000000020000c10       0x14 Output/Release/Obj/ant_broadcast_rx_pca10040_s212/nrf_log_backend_uart.o
                0x0000000020000c10                m_uart
 .data.log_backend_cb_uart_log_backend
                0x0000000020000c24        0x8 Output/Release/Obj/ant_broadcast_rx_pca10040_s212/nrf_log_default_backends.o
 .data.libc.__SEGGER_RTL_global_locale
                0x0000000020000c2c       0x14 C:/Program Files/SEGGER/SEGGER Embedded Studio for ARM 7.10a/lib/libc_v7em_fpv4_sp_d16_hard_t_le_eabi_balanced.a(mbops.o)
                0x0000000020000c2c                __SEGGER_RTL_global_locale
                0x0000000020000c2c                __RAL_global_locale
                0x0000000020000c40                __data_end__ = (__data_start__ + SIZEOF (.data))
                0x00000000000000c0                __data_size__ = SIZEOF (.data)
                0x00000000000173f8                __data_load_end__ = (__data_load_start__ + SIZEOF (.data))

.igot.plt       0x0000000100000000        0x0
 .igot.plt      0x0000000100000000        0x0 Output/Release/Obj/ant_broadcast_rx_pca10040_s212/main.o
                0x0000000000000001                . = ASSERT (((__data_load_start__ == __data_load_end__) || ((__data_load_end__ - __FLASH1_segment_start__) <= __FLASH1_segment_size__)), error: .data is too large to fit in FLASH1 memory segment)

.data_run       0x0000000020000b80        0x0
                0x0000000020000b80                __data_run_start__ = .
                0x0000000020000c40                __data_run_end__ = (__data_run_start__ + SIZEOF (.data))
                0x00000000000000c0                __data_run_size__ = (__data_run_end__ - __data_run_start__)
                0x0000000020000c40                __data_run_load_end__ = __data_run_end__
                0x0000000000000001                . = ASSERT (((__data_run_start__ == __data_run_end__) || ((__data_run_end__ - __RAM1_segment_start__) <= __RAM1_segment_size__)), error: .data_run is too large to fit in RAM1 memory segment)
                0x00000000000173f8                __tdata_load_start__ = ALIGN ((__data_load_start__ + SIZEOF (.data)), 0x4)

.tdata          0x0000000020000c40        0x0 load address 0x00000000000173f8
                0x0000000020000c40                __tdata_start__ = .
 *(.tdata .tdata.*)
                0x0000000020000c40                __tdata_end__ = (__tdata_start__ + SIZEOF (.tdata))
                0x0000000000000000                __tdata_size__ = SIZEOF (.tdata)
                0x00000000000173f8                __tdata_load_end__ = (__tdata_load_start__ + SIZEOF (.tdata))
                0x00000000000173f8                __FLASH1_segment_used_end__ = (ALIGN ((__data_load_start__ + SIZEOF (.data)), 0x4) + SIZEOF (.tdata))
                0x00000000000173f8                __FLASH1_segment_used_size__ = (__FLASH1_segment_used_end__ - __FLASH1_segment_start__)
                0x0000000000000001                . = ASSERT (((__tdata_load_start__ == __tdata_load_end__) || ((__tdata_load_end__ - __FLASH1_segment_start__) <= __FLASH1_segment_size__)), error: .tdata is too large to fit in FLASH1 memory segment)

.tdata_run      0x0000000020000c40        0x0
                0x0000000020000c40                __tdata_run_start__ = .
                0x0000000020000c40                __tdata_run_end__ = (__tdata_run_start__ + SIZEOF (.tdata))
                0x0000000000000000                __tdata_run_size__ = (__tdata_run_end__ - __tdata_run_start__)