Archive member included to satisfy reference by file (symbol)

C:/Program Files/SEGGER/SEGGER Embedded Studio for ARM 7.10a/lib/libc_v7em_fpv4_sp_d16_hard_t_le_eabi_balanced.a(intasmops_arm.o)
                              Output/Release/Obj/ant_broadcast_rx_pca10040_s212/bsp.o (__aeabi_ldivmod)
C:/Program Files/SEGGER/SEGGER Embedded Studio for ARM 7.10a/lib/libc_v7em_fpv4_sp_d16_hard_t_le_eabi_balanced.a(mbops.o)
                              Output/Release/Obj/ant_broadcast_rx_pca10040_s212/nrf_log_str_formatter.o (isprint)
C:/Program Files/SEGGER/SEGGER Embedded Studio for ARM 7.10a/lib/libc_v7em_fpv4_sp_d16_hard_t_le_eabi_balanced.a(sortops.o)
                              C:/Program Files/SEGGER/SEGGER Embedded Studio for ARM 7.10a/lib/libc_v7em_fpv4_sp_d16_hard_t_le_eabi_balanced.a(mbops.o) (bsearch)
C:/Program Files/SEGGER/SEGGER Embedded Studio for ARM 7.10a/lib/libc_v7em_fpv4_sp_d16_hard_t_le_eabi_balanced.a(strasmops_arm.o)
                              Output/Release/Obj/ant_broadcast_rx_pca10040_s212/SEGGER_RTT.o (strcpy)
C:/Program Files/SEGGER/SEGGER Embedded Studio for ARM 7.10a/lib/libc_v7em_fpv4_sp_d16_hard_t_le_eabi_balanced.a(strops.o)
                              C:/Program Files/SEGGER/SEGGER Embedded Studio for ARM 7.10a/lib/libc_v7em_fpv4_sp_d16_hard_t_le_eabi_balanced.a(mbops.o) (strcat)
C:/Program Files/SEGGER/SEGGER Embedded Studio for ARM 7.10a/lib/libc_v7em_fpv4_sp_d16_hard_t_le_eabi_balanced.a(timeops.o)
                              C:/Program Files/SEGGER/SEGGER Embedded Studio for ARM 7.10a/lib/libc_v7em_fpv4_sp_d16_hard_t_le_eabi_balanced.a(mbops.o) (__SEGGER_RTL_string_list_encode)
C:/Program Files/SEGGER/SEGGER Embedded Studio for ARM 7.10a/lib/libc_v7em_fpv4_sp_d16_hard_t_le_eabi_balanced.a(__SEGGER_RTL_vfprintf_long.o)
                              (__SEGGER_RTL_vfprintf_long)
C:/Program Files/SEGGER/SEGGER Embedded Studio for ARM 7.10a/lib/libc_v7em_fpv4_sp_d16_hard_t_le_eabi_balanced.a(__SEGGER_RTL_vfscanf_long.o)
                              (__SEGGER_RTL_vfscanf_long)
C:/Program Files/SEGGER/SEGGER Embedded Studio for ARM 7.10a/lib/libc_v7em_fpv4_sp_d16_hard_t_le_eabi_balanced.a(errno.o)
                              C:/Program Files/SEGGER/SEGGER Embedded Studio for ARM 7.10a/lib/libc_v7em_fpv4_sp_d16_hard_t_le_eabi_balanced.a(mbops.o) (__aeabi_errno_addr)
C:/Program Files/SEGGER/SEGGER Embedded Studio for ARM 7.10a/lib/libc_v7em_fpv4_sp_d16_hard_t_le_eabi_balanced.a(execops.o)
                              C:/Program Files/SEGGER/SEGGER Embedded Studio for ARM 7.10a/lib/libc_v7em_fpv4_sp_d16_hard_t_le_eabi_balanced.a(strops.o) (__SEGGER_RTL_constraint_violation)
C:/Program Files/SEGGER/SEGGER Embedded Studio for ARM 7.10a/lib/libc_v7em_fpv4_sp_d16_hard_t_le_eabi_balanced.a(execops_arm.o)
                              C:/Program Files/SEGGER/SEGGER Embedded Studio for ARM 7.10a/lib/libc_v7em_fpv4_sp_d16_hard_t_le_eabi_balanced.a(execops.o) (__aeabi_SIGABRT)
C:/Program Files/SEGGER/SEGGER Embedded Studio for ARM 7.10a/lib/libc_v7em_fpv4_sp_d16_hard_t_le_eabi_balanced.a(floatasmops_arm.o)
                              C:/Program Files/SEGGER/SEGGER Embedded Studio for ARM 7.10a/lib/libc_v7em_fpv4_sp_d16_hard_t_le_eabi_balanced.a(timeops.o) (__aeabi_i2d)
C:/Program Files/SEGGER/SEGGER Embedded Studio for ARM 7.10a/lib/libc_v7em_fpv4_sp_d16_hard_t_le_eabi_balanced.a(intops.o)
                              C:/Program Files/SEGGER/SEGGER Embedded Studio for ARM 7.10a/lib/libc_v7em_fpv4_sp_d16_hard_t_le_eabi_balanced.a(timeops.o) (div)
C:/Program Files/SEGGER/SEGGER Embedded Studio for ARM 7.10a/lib/libc_v7em_fpv4_sp_d16_hard_t_le_eabi_balanced.a(utilops.o)
                              C:/Program Files/SEGGER/SEGGER Embedded Studio for ARM 7.10a/lib/libc_v7em_fpv4_sp_d16_hard_t_le_eabi_balanced.a(__SEGGER_RTL_vfscanf_long.o) (__SEGGER_RTL_digit)
C:/Program Files/SEGGER/SEGGER Embedded Studio for ARM 7.10a/lib/libc_v7em_fpv4_sp_d16_hard_t_le_eabi_balanced.a(prinops.o)
                              C:/Program Files/SEGGER/SEGGER Embedded Studio for ARM 7.10a/lib/libc_v7em_fpv4_sp_d16_hard_t_le_eabi_balanced.a(__SEGGER_RTL_vfprintf_long.o) (__SEGGER_RTL_putc)
C:/Program Files/SEGGER/SEGGER Embedded Studio for ARM 7.10a/lib/libc_v7em_fpv4_sp_d16_hard_t_le_eabi_balanced.a(convops.o)
                              C:/Program Files/SEGGER/SEGGER Embedded Studio for ARM 7.10a/lib/libc_v7em_fpv4_sp_d16_hard_t_le_eabi_balanced.a(execops.o) (itoa)
C:/Program Files/SEGGER/SEGGER Embedded Studio for ARM 7.10a/lib/libc_v7em_fpv4_sp_d16_hard_t_le_eabi_balanced.a(fileops.o)
                              C:/Program Files/SEGGER/SEGGER Embedded Studio for ARM 7.10a/lib/libc_v7em_fpv4_sp_d16_hard_t_le_eabi_balanced.a(prinops.o) (fwrite)
C:/Program Files/SEGGER/SEGGER Embedded Studio for ARM 7.10a/lib/libc_v7em_fpv4_sp_d16_hard_t_le_eabi_balanced.a(floatops.o)
[...]
Memory Configuration

Name             Origin             Length             Attributes
UNPLACED_SECTIONS 0x0000000100000000 0x0000000000000000 xw
RAM1             0x0000000020000000 0x0000000000010000 xw
FLASH1           0x0000000000000000 0x0000000000080000 xw
*default*        0x0000000000000000 0xffffffffffffffff

Linker script and memory map

                0x0000000000000000                __SEGGER_RTL_vfprintf = __SEGGER_RTL_vfprintf_long
                0x0000000000000000                __SEGGER_RTL_vfscanf = __SEGGER_RTL_vfscanf_long
                0x0000000020000000                __RAM1_segment_start__ = 0x20000000
                0x0000000020010000                __RAM1_segment_end__ = 0x20010000
                0x0000000000010000                __RAM1_segment_size__ = 0x10000
                0x0000000000000000                __FLASH1_segment_start__ = 0x0
                0x0000000000080000                __FLASH1_segment_end__ = 0x80000
                0x0000000000080000                __FLASH1_segment_size__ = 0x80000
                0x0000000000002000                __HEAPSIZE__ = 0x2000
                0x0000000000000000                __STACKSIZE_PROCESS__ = 0x0
                0x0000000000002000                __STACKSIZE__ = 0x2000
                0x0000000020000000                __reserved_ram_load_start__ = 0x20000000

.reserved_ram   0x0000000020000000      0xb80
                0x0000000020000000                __reserved_ram_start__ = .
 *(.reserved_ram .reserved_ram.*)
                0x0000000020000b80                . = MAX (((__reserved_ram_start__ + 0x20000b80) - 0x20000000), .)
 *fill*         0x0000000020000000      0xb80 
                0x0000000020000b80                __reserved_ram_end__ = (__reserved_ram_start__ + SIZEOF (.reserved_ram))
                0x0000000000000b80                __reserved_ram_size__ = SIZEOF (.reserved_ram)
                0x0000000020000b80                __reserved_ram_load_end__ = __reserved_ram_end__
                0x0000000000000001                . = ASSERT (((__reserved_ram_start__ == __reserved_ram_end__) || ((__reserved_ram_end__ - __RAM1_segment_start__) <= __RAM1_segment_size__)), error: .reserved_ram is too large to fit in RAM1 memory segment)
                0x0000000000000001                . = ASSERT ((__reserved_ram_size__ <= 0xb80), error: .reserved_ram is larger than specified size)
                0x0000000020000b80                __vectors_ram_load_start__ = 0x20000b80

.vectors_ram    0x0000000020000b80        0x0
                0x0000000020000b80                __vectors_ram_start__ = .
                0x0000000020000b80                __app_ram_start__ = __vectors_ram_start__
 *(.vectors_ram .vectors_ram.*)
                0x0000000020000b80                __vectors_ram_end__ = (__vectors_ram_start__ + SIZEOF (.vectors_ram))
                0x0000000000000000                __vectors_ram_size__ = SIZEOF (.vectors_ram)
                0x0000000020000b80                __vectors_ram_load_end__ = __vectors_ram_end__
                0x0000000000000001                . = ASSERT (((__vectors_ram_start__ == __vectors_ram_end__) || ((__vectors_ram_end__ - __RAM1_segment_start__) <= __RAM1_segment_size__)), error: .vectors_ram is too large to fit in RAM1 memory segment)
                0x0000000000000001                . = ASSERT ((__reserved_ram_end__ <= __vectors_ram_start__), error: section .reserved_ram overlaps absolute placed section .vectors_ram)
                0x0000000020000b80                __nrf_sections_run_load_start__ = ALIGN (__vectors_ram_end__, 0x4)

.nrf_sections_run
                0x0000000020000b80        0x0
                0x0000000020000b80                __nrf_sections_run_start__ = .
                0x0000000020000b80                __start_nrf_sections_run = __nrf_sections_run_start__
 *(.nrf_sections_run .nrf_sections_run.*)
                0x0000000020000b80                __nrf_sections_run_end__ = (__nrf_sections_run_start__ + SIZEOF (.nrf_sections_run))
                0x0000000000000000                __nrf_sections_run_size__ = SIZEOF (.nrf_sections_run)
                0x0000000020000b80                __nrf_sections_run_load_end__ = __nrf_sections_run_end__
                0x0000000000000001                . = ASSERT (((__nrf_sections_run_start__ == __nrf_sections_run_end__) || ((__nrf_sections_run_end__ - __RAM1_segment_start__) <= __RAM1_segment_size__)), error: .nrf_sections_run is too large to fit in RAM1 memory segment)
                0x0000000000000000                __reserved_flash_load_start__ = 0x0

.reserved_flash
                0x0000000000000000    0x12000
                0x0000000000000000                __reserved_flash_start__ = .
 *(.reserved_flash .reserved_flash.*)
                0x0000000000012000                . = MAX (((__reserved_flash_start__ + 0x12000) - 0x0), .)
 *fill*         0x0000000000000000    0x12000 
                0x0000000000012000                __reserved_flash_end__ = (__reserved_flash_start__ + SIZEOF (.reserved_flash))
                0x0000000000012000                __reserved_flash_size__ = SIZEOF (.reserved_flash)
                0x0000000000012000                __reserved_flash_load_end__ = __reserved_flash_end__
                0x0000000000000001                . = ASSERT (((__reserved_flash_start__ == __reserved_flash_end__) || ((__reserved_flash_end__ - __FLASH1_segment_start__) <= __FLASH1_segment_size__)), error: .reserved_flash is too large to fit in FLASH1 memory segment)
                0x0000000000000001                . = ASSERT ((__reserved_flash_size__ <= 0x12000), error: .reserved_flash is larger than specified size)
                0x0000000000012000                __vectors_load_start__ = 0x12000

.vectors        0x0000000000012000      0x200
                0x0000000000012000                __vectors_start__ = .
 *(.vectors .vectors.*)
 .vectors       0x0000000000012000      0x200 Output/Release/Obj/ant_broadcast_rx_pca10040_s212/ses_startup_nrf52.o
                0x0000000000012000                _vectors
                0x0000000000012200                __vectors_end__ = (__vectors_start__ + SIZEOF (.vectors))
                0x0000000000000200                __vectors_size__ = SIZEOF (.vectors)
                0x0000000000012200                __vectors_load_end__ = __vectors_end__
                0x0000000000000001                . = ASSERT (((__vectors_start__ == __vectors_end__) || ((__vectors_end__ - __FLASH1_segment_start__) <= __FLASH1_segment_size__)), error: .vectors is too large to fit in FLASH1 memory segment)
                0x0000000000000001                . = ASSERT ((__reserved_flash_end__ <= __vectors_start__), error: section .reserved_flash overlaps absolute placed section .vectors)
                0x0000000000012200                __init_load_start__ = ALIGN (__vectors_end__, 0x4)

.init           0x0000000000012200      0x1cc
                0x0000000000012200                __init_start__ = .
 *(.init .init.*)
 .init          0x0000000000012200       0x18 Output/Release/Obj/ant_broadcast_rx_pca10040_s212/ses_startup_nrf52.o
                0x0000000000012200                NMI_Handler
                0x0000000000012204                MemoryManagement_Handler
                0x0000000000012206                BusFault_Handler
                0x0000000000012208                UsageFault_Handler
                0x000000000001220a                SVC_Handler
                0x000000000001220c                DebugMon_Handler
                0x000000000001220e                PendSV_Handler
                0x0000000000012210                SysTick_Handler
                0x0000000000012212                SWI0_EGU0_IRQHandler
                0x0000000000012212                RADIO_IRQHandler
                0x0000000000012212                PDM_IRQHandler
                0x0000000000012212                PWM1_IRQHandler
                0x0000000000012212                QDEC_IRQHandler
                0x0000000000012212                TIMER3_IRQHandler
                0x0000000000012212                FPU_IRQHandler
                0x0000000000012212                RTC0_IRQHandler
                0x0000000000012212                TEMP_IRQHandler
                0x0000000000012212                TIMER4_IRQHandler
                0x0000000000012212                I2S_IRQHandler
                0x0000000000012212                SWI4_EGU4_IRQHandler
                0x0000000000012212                TIMER0_IRQHandler
                0x0000000000012212                Dummy_Handler
                0x0000000000012212                TIMER1_IRQHandler
                0x0000000000012212                PWM2_IRQHandler
                0x0000000000012212                ECB_IRQHandler
                0x0000000000012212                SPIM1_SPIS1_TWIM1_TWIS1_SPI1_TWI1_IRQHandler
                0x0000000000012212                SAADC_IRQHandler
                0x0000000000012212                CCM_AAR_IRQHandler
                0x0000000000012212                WDT_IRQHandler
                0x0000000000012212                SPIM0_SPIS0_TWIM0_TWIS0_SPI0_TWI0_IRQHandler
                0x0000000000012212                SWI5_EGU5_IRQHandler
                0x0000000000012212                RNG_IRQHandler
                0x0000000000012212                RTC2_IRQHandler
                0x0000000000012212                PWM0_IRQHandler
                0x0000000000012212                SWI3_EGU3_IRQHandler
                0x0000000000012212                SWI1_EGU1_IRQHandler
                0x0000000000012212                SPIM2_SPIS2_SPI2_IRQHandler
                0x0000000000012212                NFCT_IRQHandler
                0x0000000000012212                TIMER2_IRQHandler
                0x0000000000012212                MWU_IRQHandler
                0x0000000000012212                COMP_LPCOMP_IRQHandler
                0x0000000000012214                nRFInitialize
 .init          0x0000000000012218       0x5c Output/Release/Obj/ant_broadcast_rx_pca10040_s212/ses_startup_nrf_common.o
                0x0000000000012218                Reset_Handler
                0x000000000001221c                afterInitialize
                0x0000000000012240                InitializeUserMemorySections
 .init          0x0000000000012274      0x158 Output/Release/Obj/ant_broadcast_rx_pca10040_s212/thumb_crt0.o
                0x0000000000012274                _start
                0x0000000000012322                exit
                0x00000000000123cc                __init_end__ = (__init_start__ + SIZEOF (.init))
                0x00000000000001cc                __init_size__ = SIZEOF (.init)
                0x00000000000123cc                __init_load_end__ = __init_end__
                0x0000000000000001                . = ASSERT (((__init_start__ == __init_end__) || ((__init_end__ - __FLASH1_segment_start__) <= __FLASH1_segment_size__)), error: .init is too large to fit in FLASH1 memory segment)
                0x00000000000123cc                __init_rodata_load_start__ = ALIGN (__init_end__, 0x4)

.init_rodata    0x00000000000123cc        0x0
                0x00000000000123cc                __init_rodata_start__ = .
 *(.init_rodata .init_rodata.*)
                0x00000000000123cc                __init_rodata_end__ = (__init_rodata_start__ + SIZEOF (.init_rodata))
                0x0000000000000000                __init_rodata_size__ = SIZEOF (.init_rodata)
                0x00000000000123cc                __init_rodata_load_end__ = __init_rodata_end__
                0x0000000000000001                . = ASSERT (((__init_rodata_start__ == __init_rodata_end__) || ((__init_rodata_end__ - __FLASH1_segment_start__) <= __FLASH1_segment_size__)), error: .init_rodata is too large to fit in FLASH1 memory segment)
                0x00000000000123cc                __text_load_start__ = ALIGN (__init_rodata_end__, 0x4)

.text           0x00000000000123cc     0x3c68
                0x00000000000123cc                __text_start__ = .
 *(.text .text.* .gnu.linkonce.t.* .glue_7t .glue_7 .gcc_except_table .ARM.extab* .gnu.linkonce.armextab.*)
 .glue_7        0x00000000000123cc        0x0 linker stubs
 .glue_7t       0x00000000000123cc        0x0 linker stubs
 .text.sd_ant_channel_open_with_offset
                0x00000000000123cc        0x4 Output/Release/Obj/ant_broadcast_rx_pca10040_s212/main.o
 .text.ant_evt_handler
                0x00000000000123d0       0x40 Output/Release/Obj/ant_broadcast_rx_pca10040_s212/main.o
                0x00000000000123d0                ant_evt_handler
 .text.startup.main
                0x0000000000012410       0xb0 Output/Release/Obj/ant_broadcast_rx_pca10040_s212/main.o
                0x0000000000012410                main
 .text.bsp_board_led_state_get
                0x00000000000124c0       0x1c Output/Release/Obj/ant_broadcast_rx_pca10040_s212/boards.o
                0x00000000000124c0                bsp_board_led_state_get
 .text.bsp_board_led_on
                0x00000000000124dc       0x18 Output/Release/Obj/ant_broadcast_rx_pca10040_s212/boards.o
                0x00000000000124dc                bsp_board_led_on
 .text.bsp_board_led_off
                0x00000000000124f4       0x18 Output/Release/Obj/ant_broadcast_rx_pca10040_s212/boards.o
                0x00000000000124f4                bsp_board_led_off
 .text.bsp_board_leds_off
                0x000000000001250c       0x1e Output/Release/Obj/ant_broadcast_rx_pca10040_s212/boards.o
                0x000000000001250c                bsp_board_leds_off
 .text.bsp_board_leds_on
                0x000000000001252a       0x1e Output/Release/Obj/ant_broadcast_rx_pca10040_s212/boards.o
                0x000000000001252a                bsp_board_leds_on
 .text.bsp_board_led_invert
                0x0000000000012548       0x24 Output/Release/Obj/ant_broadcast_rx_pca10040_s212/boards.o
                0x0000000000012548                bsp_board_led_invert
 .text.bsp_board_pin_to_button_idx
                0x000000000001256c       0x24 Output/Release/Obj/ant_broadcast_rx_pca10040_s212/boards.o
                0x000000000001256c                bsp_board_pin_to_button_idx
 .text.bsp_board_init
                0x0000000000012590       0x3e Output/Release/Obj/ant_broadcast_rx_pca10040_s212/boards.o
                0x0000000000012590                bsp_board_init
 .text.alert_timer_handler
                0x00000000000125ce        0x6 Output/Release/Obj/ant_broadcast_rx_pca10040_s212/bsp.o
 .text.bsp_button_event_handler
                0x00000000000125d4       0x9c Output/Release/Obj/ant_broadcast_rx_pca10040_s212/bsp.o
 .text.button_timer_handler
                0x0000000000012670        0x8 Output/Release/Obj/ant_broadcast_rx_pca10040_s212/bsp.o
 .text.leds_off
                0x0000000000012678       0x2c Output/Release/Obj/ant_broadcast_rx_pca10040_s212/bsp.o
 .text.bsp_led_indication
                0x00000000000126a4      0x200 Output/Release/Obj/ant_broadcast_rx_pca10040_s212/bsp.o
 .text.leds_timer_handler
                0x00000000000128a4       0x1c Output/Release/Obj/ant_broadcast_rx_pca10040_s212/bsp.o
 .text.bsp_indication_set
                0x00000000000128c0       0x18 Output/Release/Obj/ant_broadcast_rx_pca10040_s212/bsp.o
                0x00000000000128c0                bsp_indication_set
 .text.bsp_init
                0x00000000000128d8       0x9c Output/Release/Obj/ant_broadcast_rx_pca10040_s212/bsp.o
                0x00000000000128d8                bsp_init
 .text.nrf52_errata_12
                0x0000000000012974       0x1c Output/Release/Obj/ant_broadcast_rx_pca10040_s212/system_nrf52.o
 .text.nrf52_errata_16
                0x0000000000012990       0x28 Output/Release/Obj/ant_broadcast_rx_pca10040_s212/system_nrf52.o
 .text.nvmc_wait
                0x00000000000129b8       0x10 Output/Release/Obj/ant_broadcast_rx_pca10040_s212/system_nrf52.o
                0x00000000000129b8                nvmc_wait
 .text.SystemInit
                0x00000000000129c8      0x298 Output/Release/Obj/ant_broadcast_rx_pca10040_s212/system_nrf52.o
                0x00000000000129c8                SystemInit
 .text.sd_ant_channel_assign
                0x0000000000012c60        0x4 Output/Release/Obj/ant_broadcast_rx_pca10040_s212/ant_channel_config.o
 .text.sd_ant_channel_radio_freq_set
                0x0000000000012c64        0x4 Output/Release/Obj/ant_broadcast_rx_pca10040_s212/ant_channel_config.o
 .text.sd_ant_channel_period_set
                0x0000000000012c68        0x4 Output/Release/Obj/ant_broadcast_rx_pca10040_s212/ant_channel_config.o
 .text.sd_ant_channel_id_set
                0x0000000000012c6c        0x4 Output/Release/Obj/ant_broadcast_rx_pca10040_s212/ant_channel_config.o
 .text.ant_channel_init
                0x0000000000012c70       0x40 Output/Release/Obj/ant_broadcast_rx_pca10040_s212/ant_channel_config.o
                0x0000000000012c70                ant_channel_init
 .text.uarte_evt_handler
                0x0000000000012cb0       0x34 Output/Release/Obj/ant_broadcast_rx_pca10040_s212/nrf_drv_uart.o
 .text.uart_evt_handler
                0x0000000000012ce4       0x34 Output/Release/Obj/ant_broadcast_rx_pca10040_s212/nrf_drv_uart.o
 .text.nrf_drv_uart_init
                0x0000000000012d18       0x7c Output/Release/Obj/ant_broadcast_rx_pca10040_s212/nrf_drv_uart.o
                0x0000000000012d18                nrf_drv_uart_init
 .text.nrf_gpiote_event_clear
                0x0000000000012d94       0x18 Output/Release/Obj/ant_broadcast_rx_pca10040_s212/nrfx_gpiote.o
 .text.nrf_gpio_cfg_sense_set
                0x0000000000012dac       0x20 Output/Release/Obj/ant_broadcast_rx_pca10040_s212/nrfx_gpiote.o
 .text.channel_free
                0x0000000000012dcc       0x1c Output/Release/Obj/ant_broadcast_rx_pca10040_s212/nrfx_gpiote.o
 .text.nrfx_gpiote_init
                0x0000000000012de8       0x70 Output/Release/Obj/ant_broadcast_rx_pca10040_s212/nrfx_gpiote.o
                0x0000000000012de8                nrfx_gpiote_init
 .text.nrfx_gpiote_is_init
                0x0000000000012e58       0x14 Output/Release/Obj/ant_broadcast_rx_pca10040_s212/nrfx_gpiote.o
                0x0000000000012e58                nrfx_gpiote_is_init
 .text.nrfx_gpiote_in_init
                0x0000000000012e6c       0xf0 Output/Release/Obj/ant_broadcast_rx_pca10040_s212/nrfx_gpiote.o
                0x0000000000012e6c                nrfx_gpiote_in_init
 .text.nrfx_gpiote_in_event_enable
                0x0000000000012f5c       0x88 Output/Release/Obj/ant_broadcast_rx_pca10040_s212/nrfx_gpiote.o
                0x0000000000012f5c                nrfx_gpiote_in_event_enable
 .text.nrfx_gpiote_in_is_set
                0x0000000000012fe4       0x12 Output/Release/Obj/ant_broadcast_rx_pca10040_s212/nrfx_gpiote.o
                0x0000000000012fe4                nrfx_gpiote_in_is_set
 *fill*         0x0000000000012ff6        0x2 
 .text.GPIOTE_IRQHandler
                0x0000000000012ff8      0x14c Output/Release/Obj/ant_broadcast_rx_pca10040_s212/nrfx_gpiote.o
                0x0000000000012ff8                GPIOTE_IRQHandler
 .text.UARTE0_UART0_IRQHandler
                0x0000000000013144        0xc Output/Release/Obj/ant_broadcast_rx_pca10040_s212/nrfx_prs.o
                0x0000000000013144                UARTE0_UART0_IRQHandler
 .text.nrfx_prs_acquire
                0x0000000000013150       0x44 Output/Release/Obj/ant_broadcast_rx_pca10040_s212/nrfx_prs.o
                0x0000000000013150                nrfx_prs_acquire
 .text.nrfx_prs_release
                0x0000000000013194       0x18 Output/Release/Obj/ant_broadcast_rx_pca10040_s212/nrfx_prs.o
                0x0000000000013194                nrfx_prs_release
 .text.nrf_uart_event_clear
                0x00000000000131ac       0x10 Output/Release/Obj/ant_broadcast_rx_pca10040_s212/nrfx_uart.o
 .text.tx_byte  0x00000000000131bc       0x1e Output/Release/Obj/ant_broadcast_rx_pca10040_s212/nrfx_uart.o
 .text.rx_byte  0x00000000000131da       0x2c Output/Release/Obj/ant_broadcast_rx_pca10040_s212/nrfx_uart.o
 *fill*         0x0000000000013206        0x2 
 .text.rx_done_event.constprop.0
                0x0000000000013208       0x20 Output/Release/Obj/ant_broadcast_rx_pca10040_s212/nrfx_uart.o
 .text.nrfx_uart_0_irq_handler
                0x0000000000013228      0x140 Output/Release/Obj/ant_broadcast_rx_pca10040_s212/nrfx_uart.o
                0x0000000000013228                nrfx_uart_0_irq_handler
 .text.nrfx_uart_init
                0x0000000000013368      0x168 Output/Release/Obj/ant_broadcast_rx_pca10040_s212/nrfx_uart.o
                0x0000000000013368                nrfx_uart_init
 .text.nrfx_uart_uninit
                0x00000000000134d0       0xd4 Output/Release/Obj/ant_broadcast_rx_pca10040_s212/nrfx_uart.o
                0x00000000000134d0                nrfx_uart_uninit
 .text.nrfx_uart_tx_in_progress
                0x00000000000135a4       0x18 Output/Release/Obj/ant_broadcast_rx_pca10040_s212/nrfx_uart.o
                0x00000000000135a4                nrfx_uart_tx_in_progress
 .text.nrfx_uart_tx
                0x00000000000135bc       0x98 Output/Release/Obj/ant_broadcast_rx_pca10040_s212/nrfx_uart.o
                0x00000000000135bc                nrfx_uart_tx
 .text.nrf_uarte_event_clear
                0x0000000000013654       0x10 Output/Release/Obj/ant_broadcast_rx_pca10040_s212/nrfx_uarte.o
 .text.rx_done_event.constprop.0
                0x0000000000013664       0x20 Output/Release/Obj/ant_broadcast_rx_pca10040_s212/nrfx_uarte.o
 .text.nrfx_uarte_0_irq_handler
                0x0000000000013684      0x118 Output/Release/Obj/ant_broadcast_rx_pca10040_s212/nrfx_uarte.o
                0x0000000000013684                nrfx_uarte_0_irq_handler
 .text.nrfx_uarte_init
                0x000000000001379c      0x17c Output/Release/Obj/ant_broadcast_rx_pca10040_s212/nrfx_uarte.o
                0x000000000001379c                nrfx_uarte_init
 .text.nrfx_uarte_uninit
                0x0000000000013918      0x120 Output/Release/Obj/ant_broadcast_rx_pca10040_s212/nrfx_uarte.o
                0x0000000000013918                nrfx_uarte_uninit
 .text.nrfx_uarte_tx_in_progress
                0x0000000000013a38       0x18 Output/Release/Obj/ant_broadcast_rx_pca10040_s212/nrfx_uarte.o
                0x0000000000013a38                nrfx_uarte_tx_in_progress
 .text.nrfx_uarte_tx
                0x0000000000013a50       0x9c Output/Release/Obj/ant_broadcast_rx_pca10040_s212/nrfx_uarte.o
                0x0000000000013a50                nrfx_uarte_tx
 .text.clock_clk_started_notify
                0x0000000000013aec       0x24 Output/Release/Obj/ant_broadcast_rx_pca10040_s212/nrf_drv_clock.o
 .text.clock_irq_handler
                0x0000000000013b10       0x1c Output/Release/Obj/ant_broadcast_rx_pca10040_s212/nrf_drv_clock.o
 .text.nrf_drv_clock_init
                0x0000000000013b2c       0x48 Output/Release/Obj/ant_broadcast_rx_pca10040_s212/nrf_drv_clock.o
                0x0000000000013b2c                nrf_drv_clock_init
 .text.nrf_drv_clock_lfclk_release
                0x0000000000013b74       0x40 Output/Release/Obj/ant_broadcast_rx_pca10040_s212/nrf_drv_clock.o
                0x0000000000013b74                nrf_drv_clock_lfclk_release
 .text.sd_state_evt_handler
                0x0000000000013bb4       0x64 Output/Release/Obj/ant_broadcast_rx_pca10040_s212/nrf_drv_clock.o
 .text.nrf_clock_event_clear
                0x0000000000013c18       0x14 Output/Release/Obj/ant_broadcast_rx_pca10040_s212/nrfx_clock.o
 .text.nrfx_clock_init
                0x0000000000013c2c       0x18 Output/Release/Obj/ant_broadcast_rx_pca10040_s212/nrfx_clock.o
                0x0000000000013c2c                nrfx_clock_init
 .text.nrfx_clock_enable
                0x0000000000013c44       0x24 Output/Release/Obj/ant_broadcast_rx_pca10040_s212/nrfx_clock.o
                0x0000000000013c44                nrfx_clock_enable
 .text.nrfx_clock_lfclk_stop
                0x0000000000013c68       0x22 Output/Release/Obj/ant_broadcast_rx_pca10040_s212/nrfx_clock.o
                0x0000000000013c68                nrfx_clock_lfclk_stop
 *fill*         0x0000000000013c8a        0x2 
 .text.POWER_CLOCK_IRQHandler
                0x0000000000013c8c       0x50 Output/Release/Obj/ant_broadcast_rx_pca10040_s212/nrfx_clock.o
                0x0000000000013c8c                POWER_CLOCK_IRQHandler
 .text.state_set
                0x0000000000013cdc       0x24 Output/Release/Obj/ant_broadcast_rx_pca10040_s212/app_button.o
 .text.button_get
                0x0000000000013d00       0x30 Output/Release/Obj/ant_broadcast_rx_pca10040_s212/app_button.o
 .text.usr_event
                0x0000000000013d30       0x20 Output/Release/Obj/ant_broadcast_rx_pca10040_s212/app_button.o
 .text.timer_start
                0x0000000000013d50       0x18 Output/Release/Obj/ant_broadcast_rx_pca10040_s212/app_button.o
 .text.gpiote_event_handler
                0x0000000000013d68       0x34 Output/Release/Obj/ant_broadcast_rx_pca10040_s212/app_button.o
 .text.evt_handle
                0x0000000000013d9c       0xec Output/Release/Obj/ant_broadcast_rx_pca10040_s212/app_button.o
                0x0000000000013d9c                evt_handle
 .text.detection_delay_timeout_handler
                0x0000000000013e88       0x5c Output/Release/Obj/ant_broadcast_rx_pca10040_s212/app_button.o
 .text.app_button_init
                0x0000000000013ee4       0xb0 Output/Release/Obj/ant_broadcast_rx_pca10040_s212/app_button.o
                0x0000000000013ee4                app_button_init
 .text.app_button_enable
                0x0000000000013f94       0x2c Output/Release/Obj/ant_broadcast_rx_pca10040_s212/app_button.o
                0x0000000000013f94                app_button_enable
 .text.app_error_handler_bare
                0x0000000000013fc0       0x1a Output/Release/Obj/ant_broadcast_rx_pca10040_s212/app_error.o
                0x0000000000013fc0                app_error_handler_bare
 *fill*         0x0000000000013fda        0x2 
 .text.app_error_fault_handler
                0x0000000000013fdc       0x6c Output/Release/Obj/ant_broadcast_rx_pca10040_s212/app_error_weak.o
                0x0000000000013fdc                app_error_fault_handler
 .text.compare_func
                0x0000000000014048       0x16 Output/Release/Obj/ant_broadcast_rx_pca10040_s212/app_timer2.o
 *fill*         0x000000000001405e        0x2 
 .text.get_now  0x0000000000014060       0x38 Output/Release/Obj/ant_broadcast_rx_pca10040_s212/app_timer2.o
 .text.timer_req_schedule
                0x0000000000014098       0x38 Output/Release/Obj/ant_broadcast_rx_pca10040_s212/app_timer2.o
 .text.timer_expire
                0x00000000000140d0       0xb0 Output/Release/Obj/ant_broadcast_rx_pca10040_s212/app_timer2.o
 .text.app_timer_init
                0x0000000000014180       0x64 Output/Release/Obj/ant_broadcast_rx_pca10040_s212/app_timer2.o
                0x0000000000014180                app_timer_init
 .text.app_timer_create
                0x00000000000141e4       0x24 Output/Release/Obj/ant_broadcast_rx_pca10040_s212/app_timer2.o
                0x00000000000141e4                app_timer_create
 .text.app_timer_start
                0x0000000000014208       0x5c Output/Release/Obj/ant_broadcast_rx_pca10040_s212/app_timer2.o
                0x0000000000014208                app_timer_start
 .text.app_timer_stop
                0x0000000000014264       0x4e Output/Release/Obj/ant_broadcast_rx_pca10040_s212/app_timer2.o
                0x0000000000014264                app_timer_stop
 *fill*         0x00000000000142b2        0x2 
 .text.app_timer_cnt_get
                0x00000000000142b4        0xc Output/Release/Obj/ant_broadcast_rx_pca10040_s212/app_timer2.o
                0x00000000000142b4                app_timer_cnt_get
 .text.rtc_irq  0x00000000000142c0      0x1b8 Output/Release/Obj/ant_broadcast_rx_pca10040_s212/app_timer2.o
 .text.app_util_critical_region_enter
                0x0000000000014478       0x48 Output/Release/Obj/ant_broadcast_rx_pca10040_s212/app_util_platform.o
                0x0000000000014478                app_util_critical_region_enter
 .text.app_util_critical_region_exit
                0x00000000000144c0       0x2c Output/Release/Obj/ant_broadcast_rx_pca10040_s212/app_util_platform.o
                0x00000000000144c0                app_util_critical_region_exit
 .text.evt_pending.isra.0
                0x00000000000144ec       0x1a Output/Release/Obj/ant_broadcast_rx_pca10040_s212/drv_rtc.o
 *fill*         0x0000000000014506        0x2 
 .text.drv_rtc_init
                0x0000000000014508       0xa0 Output/Release/Obj/ant_broadcast_rx_pca10040_s212/drv_rtc.o
                0x0000000000014508                drv_rtc_init
 .text.drv_rtc_start
                0x00000000000145a8        0x8 Output/Release/Obj/ant_broadcast_rx_pca10040_s212/drv_rtc.o
                0x00000000000145a8                drv_rtc_start
 .text.drv_rtc_stop
                0x00000000000145b0        0x8 Output/Release/Obj/ant_broadcast_rx_pca10040_s212/drv_rtc.o
                0x00000000000145b0                drv_rtc_stop
 .text.drv_rtc_compare_set
                0x00000000000145b8       0x3e Output/Release/Obj/ant_broadcast_rx_pca10040_s212/drv_rtc.o
                0x00000000000145b8                drv_rtc_compare_set
 *fill*         0x00000000000145f6        0x2 
 .text.drv_rtc_windowed_compare_set
                0x00000000000145f8       0xf0 Output/Release/Obj/ant_broadcast_rx_pca10040_s212/drv_rtc.o
                0x00000000000145f8                drv_rtc_windowed_compare_set
 .text.drv_rtc_overflow_enable
                0x00000000000146e8       0x10 Output/Release/Obj/ant_broadcast_rx_pca10040_s212/drv_rtc.o
                0x00000000000146e8                drv_rtc_overflow_enable
 .text.drv_rtc_overflow_pending
                0x00000000000146f8        0xa Output/Release/Obj/ant_broadcast_rx_pca10040_s212/drv_rtc.o
                0x00000000000146f8                drv_rtc_overflow_pending
 .text.drv_rtc_compare_disable
                0x0000000000014702       0x14 Output/Release/Obj/ant_broadcast_rx_pca10040_s212/drv_rtc.o
                0x0000000000014702                drv_rtc_compare_disable
 .text.drv_rtc_compare_pending
                0x0000000000014716        0xc Output/Release/Obj/ant_broadcast_rx_pca10040_s212/drv_rtc.o
                0x0000000000014716                drv_rtc_compare_pending
 .text.drv_rtc_counter_get
                0x0000000000014722        0x8 Output/Release/Obj/ant_broadcast_rx_pca10040_s212/drv_rtc.o
                0x0000000000014722                drv_rtc_counter_get
 *fill*         0x000000000001472a        0x2 
 .text.drv_rtc_irq_trigger
                0x000000000001472c       0x24 Output/Release/Obj/ant_broadcast_rx_pca10040_s212/drv_rtc.o
                0x000000000001472c                drv_rtc_irq_trigger
 .text.RTC1_IRQHandler
                0x0000000000014750       0x14 Output/Release/Obj/ant_broadcast_rx_pca10040_s212/drv_rtc.o
                0x0000000000014750                RTC1_IRQHandler
 .text.HardFault_Handler
                0x0000000000014764       0x34 Output/Release/Obj/ant_broadcast_rx_pca10040_s212/hardfault_handler_gcc.o
                0x0000000000014764                HardFault_Handler
 .text.HardFault_process
                0x0000000000014798       0x24 Output/Release/Obj/ant_broadcast_rx_pca10040_s212/hardfault_implementation.o
                0x0000000000014798                HardFault_process
 .text.HardFault_c_handler
                0x00000000000147bc       0xf8 Output/Release/Obj/ant_broadcast_rx_pca10040_s212/hardfault_implementation.o
                0x00000000000147bc                HardFault_c_handler
 .text.nrf_atfifo_init
                0x00000000000148b4       0x26 Output/Release/Obj/ant_broadcast_rx_pca10040_s212/nrf_atfifo.o
                0x00000000000148b4                nrf_atfifo_init
 .text.nrf_atfifo_item_alloc
                0x00000000000148da       0x54 Output/Release/Obj/ant_broadcast_rx_pca10040_s212/nrf_atfifo.o
                0x00000000000148da                nrf_atfifo_item_alloc
 .text.nrf_atfifo_item_put
                0x000000000001492e       0x20 Output/Release/Obj/ant_broadcast_rx_pca10040_s212/nrf_atfifo.o
                0x000000000001492e                nrf_atfifo_item_put
 .text.nrf_atfifo_item_get
                0x000000000001494e       0x56 Output/Release/Obj/ant_broadcast_rx_pca10040_s212/nrf_atfifo.o
                0x000000000001494e                nrf_atfifo_item_get
 .text.nrf_atfifo_item_free
                0x00000000000149a4       0x20 Output/Release/Obj/ant_broadcast_rx_pca10040_s212/nrf_atfifo.o
                0x00000000000149a4                nrf_atfifo_item_free
 .text.nrf_atomic_u32_fetch_store
                0x00000000000149c4       0x16 Output/Release/Obj/ant_broadcast_rx_pca10040_s212/nrf_atomic.o
                0x00000000000149c4                nrf_atomic_u32_fetch_store
 .text.nrf_atomic_u32_or
                0x00000000000149da       0x18 Output/Release/Obj/ant_broadcast_rx_pca10040_s212/nrf_atomic.o
                0x00000000000149da                nrf_atomic_u32_or
 .text.nrf_atomic_u32_fetch_and
                0x00000000000149f2       0x18 Output/Release/Obj/ant_broadcast_rx_pca10040_s212/nrf_atomic.o
                0x00000000000149f2                nrf_atomic_u32_fetch_and
 .text.nrf_atomic_u32_add
                0x0000000000014a0a       0x18 Output/Release/Obj/ant_broadcast_rx_pca10040_s212/nrf_atomic.o
                0x0000000000014a0a                nrf_atomic_u32_add
 .text.nrf_atomic_u32_sub
                0x0000000000014a22       0x18 Output/Release/Obj/ant_broadcast_rx_pca10040_s212/nrf_atomic.o
                0x0000000000014a22                nrf_atomic_u32_sub
 .text.nrf_atomic_flag_set
                0x0000000000014a3a        0x6 Output/Release/Obj/ant_broadcast_rx_pca10040_s212/nrf_atomic.o
                0x0000000000014a3a                nrf_atomic_flag_set
 .text.nrf_atomic_flag_clear_fetch
                0x0000000000014a40        0x6 Output/Release/Obj/ant_broadcast_rx_pca10040_s212/nrf_atomic.o
                0x0000000000014a40                nrf_atomic_flag_clear_fetch
 .text.nrf_balloc_init
                0x0000000000014a46       0x2e Output/Release/Obj/ant_broadcast_rx_pca10040_s212/nrf_balloc.o
                0x0000000000014a46                nrf_balloc_init
 .text.nrf_balloc_alloc
                0x0000000000014a74       0x48 Output/Release/Obj/ant_broadcast_rx_pca10040_s212/nrf_balloc.o
                0x0000000000014a74                nrf_balloc_alloc
 .text.nrf_balloc_free
                0x0000000000014abc       0x34 Output/Release/Obj/ant_broadcast_rx_pca10040_s212/nrf_balloc.o
                0x0000000000014abc                nrf_balloc_free
 .text.nrf_fprintf_buffer_flush
                0x0000000000014af0       0x16 Output/Release/Obj/ant_broadcast_rx_pca10040_s212/nrf_fprintf.o
                0x0000000000014af0                nrf_fprintf_buffer_flush
 .text.nrf_fprintf
                0x0000000000014b06       0x1c Output/Release/Obj/ant_broadcast_rx_pca10040_s212/nrf_fprintf.o
                0x0000000000014b06                nrf_fprintf
 .text.buffer_add
                0x0000000000014b22       0x2e Output/Release/Obj/ant_broadcast_rx_pca10040_s212/nrf_fprintf_format.o
 .text.unsigned_print
                0x0000000000014b50       0xb4 Output/Release/Obj/ant_broadcast_rx_pca10040_s212/nrf_fprintf_format.o
 .text.nrf_fprintf_fmt
                0x0000000000014c04      0x294 Output/Release/Obj/ant_broadcast_rx_pca10040_s212/nrf_fprintf_format.o
                0x0000000000014c04                nrf_fprintf_fmt
 .text.memobj_op
                0x0000000000014e98       0x86 Output/Release/Obj/ant_broadcast_rx_pca10040_s212/nrf_memobj.o
 .text.nrf_memobj_pool_init
                0x0000000000014f1e        0x4 Output/Release/Obj/ant_broadcast_rx_pca10040_s212/nrf_memobj.o
                0x0000000000014f1e                nrf_memobj_pool_init
 .text.nrf_memobj_free
                0x0000000000014f22       0x2c Output/Release/Obj/ant_broadcast_rx_pca10040_s212/nrf_memobj.o
                0x0000000000014f22                nrf_memobj_free
 .text.nrf_memobj_alloc
                0x0000000000014f4e       0x5e Output/Release/Obj/ant_broadcast_rx_pca10040_s212/nrf_memobj.o
                0x0000000000014f4e                nrf_memobj_alloc
 .text.nrf_memobj_get
                0x0000000000014fac        0x8 Output/Release/Obj/ant_broadcast_rx_pca10040_s212/nrf_memobj.o
                0x0000000000014fac                nrf_memobj_get
 .text.nrf_memobj_put
                0x0000000000014fb4       0x1c Output/Release/Obj/ant_broadcast_rx_pca10040_s212/nrf_memobj.o
                0x0000000000014fb4                nrf_memobj_put
 .text.nrf_memobj_write
                0x0000000000014fd0       0x14 Output/Release/Obj/ant_broadcast_rx_pca10040_s212/nrf_memobj.o
                0x0000000000014fd0                nrf_memobj_write
 .text.nrf_memobj_read
                0x0000000000014fe4       0x14 Output/Release/Obj/ant_broadcast_rx_pca10040_s212/nrf_memobj.o
                0x0000000000014fe4                nrf_memobj_read
 .text.sd_app_evt_wait
                0x0000000000014ff8        0x4 Output/Release/Obj/ant_broadcast_rx_pca10040_s212/nrf_pwr_mgmt.o
 .text.nrf_pwr_mgmt_init
                0x0000000000014ffc       0x4c Output/Release/Obj/ant_broadcast_rx_pca10040_s212/nrf_pwr_mgmt.o
                0x0000000000014ffc                nrf_pwr_mgmt_init
 .text.nrf_pwr_mgmt_run
                0x0000000000015048       0x74 Output/Release/Obj/ant_broadcast_rx_pca10040_s212/nrf_pwr_mgmt.o
                0x0000000000015048                nrf_pwr_mgmt_run
 .text.nrf_ringbuf_init
                0x00000000000150bc       0x12 Output/Release/Obj/ant_broadcast_rx_pca10040_s212/nrf_ringbuf.o
                0x00000000000150bc                nrf_ringbuf_init
 .text.nrf_section_iter_init
                0x00000000000150ce       0x10 Output/Release/Obj/ant_broadcast_rx_pca10040_s212/nrf_section_iter.o
                0x00000000000150ce                nrf_section_iter_init
 .text.nrf_section_iter_next
                0x00000000000150de       0x18 Output/Release/Obj/ant_broadcast_rx_pca10040_s212/nrf_section_iter.o
                0x00000000000150de                nrf_section_iter_next
 .text.nrf_sortlist_add
                0x00000000000150f6       0x20 Output/Release/Obj/ant_broadcast_rx_pca10040_s212/nrf_sortlist.o
                0x00000000000150f6                nrf_sortlist_add
 .text.nrf_sortlist_pop
                0x0000000000015116        0xc Output/Release/Obj/ant_broadcast_rx_pca10040_s212/nrf_sortlist.o
                0x0000000000015116                nrf_sortlist_pop
 .text.nrf_sortlist_peek
                0x0000000000015122        0x6 Output/Release/Obj/ant_broadcast_rx_pca10040_s212/nrf_sortlist.o
                0x0000000000015122                nrf_sortlist_peek
 .text.nrf_sortlist_remove
                0x0000000000015128       0x1a Output/Release/Obj/ant_broadcast_rx_pca10040_s212/nrf_sortlist.o
                0x0000000000015128                nrf_sortlist_remove
 *fill*         0x0000000000015142        0x2 
 .text.nrf_strerror_find
                0x0000000000015144       0x3c Output/Release/Obj/ant_broadcast_rx_pca10040_s212/nrf_strerror.o
                0x0000000000015144                nrf_strerror_find
 .text.nrf_strerror_get
                0x0000000000015180       0x14 Output/Release/Obj/ant_broadcast_rx_pca10040_s212/nrf_strerror.o
                0x0000000000015180                nrf_strerror_get
 .text.nrf_log_backend_serial_put
                0x0000000000015194       0xc2 Output/Release/Obj/ant_broadcast_rx_pca10040_s212/nrf_log_backend_serial.o
                0x0000000000015194                nrf_log_backend_serial_put
 *fill*         0x0000000000015256        0x2 
 .text.uart_evt_handler
                0x0000000000015258        0xc Output/Release/Obj/ant_broadcast_rx_pca10040_s212/nrf_log_backend_uart.o
 .text.nrf_log_backend_uart_flush
                0x0000000000015264        0x2 Output/Release/Obj/ant_broadcast_rx_pca10040_s212/nrf_log_backend_uart.o
 *fill*         0x0000000000015266        0x2 
 .text.uart_init
                0x0000000000015268       0x4c Output/Release/Obj/ant_broadcast_rx_pca10040_s212/nrf_log_backend_uart.o
 .text.nrf_log_backend_uart_put
                0x00000000000152b4       0x1c Output/Release/Obj/ant_broadcast_rx_pca10040_s212/nrf_log_backend_uart.o
 .text.serial_tx
                0x00000000000152d0       0x48 Output/Release/Obj/ant_broadcast_rx_pca10040_s212/nrf_log_backend_uart.o
 .text.nrf_log_backend_uart_panic_set
                0x0000000000015318       0x2c Output/Release/Obj/ant_broadcast_rx_pca10040_s212/nrf_log_backend_uart.o
 .text.nrf_log_backend_uart_init
                0x0000000000015344        0x6 Output/Release/Obj/ant_broadcast_rx_pca10040_s212/nrf_log_backend_uart.o
                0x0000000000015344                nrf_log_backend_uart_init
 *fill*         0x000000000001534a        0x2 
 .text.nrf_log_default_backends_init
                0x000000000001534c       0x20 Output/Release/Obj/ant_broadcast_rx_pca10040_s212/nrf_log_default_backends.o
                0x000000000001534c                nrf_log_default_backends_init
 .text.invalid_packets_omit
                0x000000000001536c       0x3a Output/Release/Obj/ant_broadcast_rx_pca10040_s212/nrf_log_frontend.o
 *fill*         0x00000000000153a6        0x2 
 .text.buf_prealloc
                0x00000000000153a8      0x118 Output/Release/Obj/ant_broadcast_rx_pca10040_s212/nrf_log_frontend.o
 .text.nrf_log_init
                0x00000000000154c0       0x28 Output/Release/Obj/ant_broadcast_rx_pca10040_s212/nrf_log_frontend.o
                0x00000000000154c0                nrf_log_init
 .text.nrf_log_module_name_get
                0x00000000000154e8       0x38 Output/Release/Obj/ant_broadcast_rx_pca10040_s212/nrf_log_frontend.o
                0x00000000000154e8                nrf_log_module_name_get
 .text.nrf_log_color_id_get
                0x0000000000015520       0x2c Output/Release/Obj/ant_broadcast_rx_pca10040_s212/nrf_log_frontend.o
                0x0000000000015520                nrf_log_color_id_get
 .text.log_pending_hook
                0x000000000001554c        0x2 Output/Release/Obj/ant_broadcast_rx_pca10040_s212/nrf_log_frontend.o
                0x000000000001554c                log_pending_hook
 *fill*         0x000000000001554e        0x2 
 .text.buffer_is_empty
                0x0000000000015550       0x14 Output/Release/Obj/ant_broadcast_rx_pca10040_s212/nrf_log_frontend.o
                0x0000000000015550                buffer_is_empty
 .text.nrf_log_frontend_dequeue
                0x0000000000015564      0x1fc Output/Release/Obj/ant_broadcast_rx_pca10040_s212/nrf_log_frontend.o
                0x0000000000015564                nrf_log_frontend_dequeue
 .text.std_n    0x0000000000015760       0x90 Output/Release/Obj/ant_broadcast_rx_pca10040_s212/nrf_log_frontend.o
 .text.nrf_log_frontend_std_0
                0x00000000000157f0        0x8 Output/Release/Obj/ant_broadcast_rx_pca10040_s212/nrf_log_frontend.o
                0x00000000000157f0                nrf_log_frontend_std_0
 .text.nrf_log_frontend_std_1
                0x00000000000157f8       0x12 Output/Release/Obj/ant_broadcast_rx_pca10040_s212/nrf_log_frontend.o
                0x00000000000157f8                nrf_log_frontend_std_1
 .text.nrf_log_frontend_std_3
                0x000000000001580a       0x18 Output/Release/Obj/ant_broadcast_rx_pca10040_s212/nrf_log_frontend.o
                0x000000000001580a                nrf_log_frontend_std_3
 .text.nrf_log_frontend_std_4
                0x0000000000015822       0x1c Output/Release/Obj/ant_broadcast_rx_pca10040_s212/nrf_log_frontend.o
                0x0000000000015822                nrf_log_frontend_std_4
 *fill*         0x000000000001583e        0x2 
 .text.nrf_log_backend_add
                0x0000000000015840       0x44 Output/Release/Obj/ant_broadcast_rx_pca10040_s212/nrf_log_frontend.o
                0x0000000000015840                nrf_log_backend_add
 .text.nrf_log_panic
                0x0000000000015884       0x28 Output/Release/Obj/ant_broadcast_rx_pca10040_s212/nrf_log_frontend.o
                0x0000000000015884                nrf_log_panic
 .text.postfix_process
                0x00000000000158ac       0x44 Output/Release/Obj/ant_broadcast_rx_pca10040_s212/nrf_log_str_formatter.o
 .text.prefix_process.constprop.0
                0x00000000000158f0       0x7c Output/Release/Obj/ant_broadcast_rx_pca10040_s212/nrf_log_str_formatter.o
 .text.nrf_log_std_entry_process
                0x000000000001596c       0xc8 Output/Release/Obj/ant_broadcast_rx_pca10040_s212/nrf_log_str_formatter.o
                0x000000000001596c                nrf_log_std_entry_process
 .text.nrf_log_hexdump_entry_process
                0x0000000000015a34       0xc0 Output/Release/Obj/ant_broadcast_rx_pca10040_s212/nrf_log_str_formatter.o
                0x0000000000015a34                nrf_log_hexdump_entry_process
 .text.sd_softdevice_enable
                0x0000000000015af4        0x4 Output/Release/Obj/ant_broadcast_rx_pca10040_s212/nrf_sdh.o
 .text.sdh_request_observer_notify
                0x0000000000015af8       0x30 Output/Release/Obj/ant_broadcast_rx_pca10040_s212/nrf_sdh.o
 .text.sdh_state_observer_notify
                0x0000000000015b28       0x28 Output/Release/Obj/ant_broadcast_rx_pca10040_s212/nrf_sdh.o
 .text.softdevices_evt_irq_enable
                0x0000000000015b50       0x38 Output/Release/Obj/ant_broadcast_rx_pca10040_s212/nrf_sdh.o
 .text.nrf_sdh_enable_request
                0x0000000000015b88       0x80 Output/Release/Obj/ant_broadcast_rx_pca10040_s212/nrf_sdh.o
                0x0000000000015b88                nrf_sdh_enable_request
 .text.nrf_sdh_is_enabled
                0x0000000000015c08        0xc Output/Release/Obj/ant_broadcast_rx_pca10040_s212/nrf_sdh.o
                0x0000000000015c08                nrf_sdh_is_enabled
 .text.nrf_sdh_evts_poll
                0x0000000000015c14       0x28 Output/Release/Obj/ant_broadcast_rx_pca10040_s212/nrf_sdh.o
                0x0000000000015c14                nrf_sdh_evts_poll
 .text.SWI2_EGU2_IRQHandler
                0x0000000000015c3c        0x4 Output/Release/Obj/ant_broadcast_rx_pca10040_s212/nrf_sdh.o
                0x0000000000015c3c                SWI2_EGU2_IRQHandler
 .text.sd_ant_event_get
                0x0000000000015c40        0x4 Output/Release/Obj/ant_broadcast_rx_pca10040_s212/nrf_sdh_ant.o
 .text.sd_ant_enable
                0x0000000000015c44        0x4 Output/Release/Obj/ant_broadcast_rx_pca10040_s212/nrf_sdh_ant.o
 .text.nrf_sdh_ant_evts_poll
                0x0000000000015c48       0x54 Output/Release/Obj/ant_broadcast_rx_pca10040_s212/nrf_sdh_ant.o
 .text.nrf_sdh_ant_enable
                0x0000000000015c9c       0x54 Output/Release/Obj/ant_broadcast_rx_pca10040_s212/nrf_sdh_ant.o
                0x0000000000015c9c                nrf_sdh_ant_enable
 .text.libc.__aeabi_uldivmod
                0x0000000000015cf0      0x130 C:/Program Files/SEGGER/SEGGER Embedded Studio for ARM 7.10a/lib/libc_v7em_fpv4_sp_d16_hard_t_le_eabi_balanced.a(intasmops_arm.o)
                0x0000000000015cf0                __aeabi_uldivmod
 .text.libc.__SEGGER_RTL_ascii_mbtowc
                0x0000000000015e20       0x30 C:/Program Files/SEGGER/SEGGER Embedded Studio for ARM 7.10a/lib/libc_v7em_fpv4_sp_d16_hard_t_le_eabi_balanced.a(mbops.o)
                0x0000000000015e20                __SEGGER_RTL_ascii_mbtowc
 .text.libc.__SEGGER_RTL_ascii_wctomb
                0x0000000000015e50        0xe C:/Program Files/SEGGER/SEGGER Embedded Studio for ARM 7.10a/lib/libc_v7em_fpv4_sp_d16_hard_t_le_eabi_balanced.a(mbops.o)
                0x0000000000015e50                __SEGGER_RTL_ascii_wctomb
 .text.libc.__SEGGER_RTL_isctype
                0x0000000000015e5e       0x20 C:/Program Files/SEGGER/SEGGER Embedded Studio for ARM 7.10a/lib/libc_v7em_fpv4_sp_d16_hard_t_le_eabi_balanced.a(mbops.o)
 .text.libc.isprint
                0x0000000000015e7e        0x6 C:/Program Files/SEGGER/SEGGER Embedded Studio for ARM 7.10a/lib/libc_v7em_fpv4_sp_d16_hard_t_le_eabi_balanced.a(mbops.o)
                0x0000000000015e7e                isprint
 .text.libc.__SEGGER_RTL_ascii_isctype
                0x0000000000015e84       0x20 C:/Program Files/SEGGER/SEGGER Embedded Studio for ARM 7.10a/lib/libc_v7em_fpv4_sp_d16_hard_t_le_eabi_balanced.a(mbops.o)
 .text.libc.__SEGGER_RTL_ascii_toupper
                0x0000000000015ea4        0xc C:/Program Files/SEGGER/SEGGER Embedded Studio for ARM 7.10a/lib/libc_v7em_fpv4_sp_d16_hard_t_le_eabi_balanced.a(mbops.o)
 .text.libc.__SEGGER_RTL_ascii_tolower
                0x0000000000015eb0        0xc C:/Program Files/SEGGER/SEGGER Embedded Studio for ARM 7.10a/lib/libc_v7em_fpv4_sp_d16_hard_t_le_eabi_balanced.a(mbops.o)
 .text.libc.__SEGGER_RTL_ascii_iswctype
                0x0000000000015ebc       0x20 C:/Program Files/SEGGER/SEGGER Embedded Studio for ARM 7.10a/lib/libc_v7em_fpv4_sp_d16_hard_t_le_eabi_balanced.a(mbops.o)
 .text.libc.__SEGGER_RTL_ascii_towupper
                0x0000000000015edc        0xc C:/Program Files/SEGGER/SEGGER Embedded Studio for ARM 7.10a/lib/libc_v7em_fpv4_sp_d16_hard_t_le_eabi_balanced.a(mbops.o)
 .text.libc.__SEGGER_RTL_ascii_towlower
                0x0000000000015ee8        0xc C:/Program Files/SEGGER/SEGGER Embedded Studio for ARM 7.10a/lib/libc_v7em_fpv4_sp_d16_hard_t_le_eabi_balanced.a(mbops.o)
 .text.libc.strlen
                0x0000000000015ef4       0x60 C:/Program Files/SEGGER/SEGGER Embedded Studio for ARM 7.10a/lib/libc_v7em_fpv4_sp_d16_hard_t_le_eabi_balanced.a(strasmops_arm.o)
                0x0000000000015ef4                strlen
 .text.libc.memcpy
                0x0000000000015f54       0x64 C:/Program Files/SEGGER/SEGGER Embedded Studio for ARM 7.10a/lib/libc_v7em_fpv4_sp_d16_hard_t_le_eabi_balanced.a(strasmops_arm.o)
                0x0000000000015f54                __aeabi_memcpy
                0x0000000000015f54                memcpy
                0x0000000000015f76                __aeabi_memcpy8
                0x0000000000015f76                __aeabi_memcpy4
 .text.libc.__aeabi_memclr
                0x0000000000015fb8       0x68 C:/Program Files/SEGGER/SEGGER Embedded Studio for ARM 7.10a/lib/libc_v7em_fpv4_sp_d16_hard_t_le_eabi_balanced.a(strasmops_arm.o)
                0x0000000000015fb8                __aeabi_memclr8
                0x0000000000015fb8                __aeabi_memclr
                0x0000000000015fb8                __aeabi_memclr4
                0x0000000000015fba                __aeabi_memset4
                0x0000000000015fba                __aeabi_memset8
                0x0000000000015fba                __aeabi_memset
                0x0000000000015fc0                memset
 .text.libc.__SEGGER_RTL_init_heap
                0x0000000000016020       0x14 C:/Program Files/SEGGER/SEGGER Embedded Studio for ARM 7.10a/lib/heapops_basic_v7em_fpv4_sp_d16_hard_t_le_eabi_balanced.a(heapops_basic.o)
                0x0000000000016020                __SEGGER_RTL_init_heap
                0x0000000000016034                __text_end__ = (__text_start__ + SIZEOF (.text))
                0x0000000000003c68                __text_size__ = SIZEOF (.text)
                0x0000000000016034                __text_load_end__ = __text_end__

.vfp11_veneer   0x0000000100000000        0x0
 .vfp11_veneer  0x0000000100000000        0x0 linker stubs

.v4_bx          0x0000000100000000        0x0
 .v4_bx         0x0000000100000000        0x0 linker stubs

.iplt           0x0000000100000000        0x0
 .iplt          0x0000000100000000        0x0 Output/Release/Obj/ant_broadcast_rx_pca10040_s212/main.o
                0x0000000000000001                . = ASSERT (((__text_start__ == __text_end__) || ((__text_end__ - __FLASH1_segment_start__) <= __FLASH1_segment_size__)), error: .text is too large to fit in FLASH1 memory segment)
                0x0000000000016034                __sdh_ant_observers_load_start__ = ALIGN (__text_end__, 0x4)

.sdh_ant_observers
                0x0000000000016034        0x8
                0x0000000000016034                __sdh_ant_observers_start__ = .
                0x0000000000016034                __start_sdh_ant_observers = __sdh_ant_observers_start__
 *(SORT_BY_NAME(.sdh_ant_observers*))
 .sdh_ant_observers1
                0x0000000000016034        0x8 Output/Release/Obj/ant_broadcast_rx_pca10040_s212/main.o
                0x000000000001603c                __sdh_ant_observers_end__ = (__sdh_ant_observers_start__ + SIZEOF (.sdh_ant_observers))
                0x0000000000000008                __sdh_ant_observers_size__ = SIZEOF (.sdh_ant_observers)
                0x000000000001603c                __stop_sdh_ant_observers = __sdh_ant_observers_end__
                0x000000000001603c                __sdh_ant_observers_load_end__ = __sdh_ant_observers_end__
                0x0000000000000001                . = ASSERT (((__sdh_ant_observers_start__ == __sdh_ant_observers_end__) || ((__sdh_ant_observers_end__ - __FLASH1_segment_start__) <= __FLASH1_segment_size__)), error: .sdh_ant_observers is too large to fit in FLASH1 memory segment)
                0x000000000001603c                __pwr_mgmt_data_load_start__ = ALIGN (__sdh_ant_observers_end__, 0x4)

.pwr_mgmt_data  0x000000000001603c        0x0
                0x000000000001603c                __pwr_mgmt_data_start__ = .
                0x000000000001603c                __start_pwr_mgmt_data = __pwr_mgmt_data_start__
 *(SORT_BY_NAME(.pwr_mgmt_data*))
                0x000000000001603c                __pwr_mgmt_data_end__ = (__pwr_mgmt_data_start__ + SIZEOF (.pwr_mgmt_data))
                0x0000000000000000                __pwr_mgmt_data_size__ = SIZEOF (.pwr_mgmt_data)
                0x000000000001603c                __stop_pwr_mgmt_data = __pwr_mgmt_data_end__
                0x000000000001603c                __pwr_mgmt_data_load_end__ = __pwr_mgmt_data_end__
                0x0000000000000001                . = ASSERT (((__pwr_mgmt_data_start__ == __pwr_mgmt_data_end__) || ((__pwr_mgmt_data_end__ - __FLASH1_segment_start__) <= __FLASH1_segment_size__)), error: .pwr_mgmt_data is too large to fit in FLASH1 memory segment)
                0x000000000001603c                __log_const_data_load_start__ = ALIGN (__pwr_mgmt_data_end__, 0x4)

.log_const_data
                0x000000000001603c       0x70
                0x000000000001603c                __log_const_data_start__ = .
                0x000000000001603c                __start_log_const_data = __log_const_data_start__
 *(SORT_BY_NAME(.log_const_data*))
 .log_const_data_CLOCK
                0x000000000001603c        0x8 Output/Release/Obj/ant_broadcast_rx_pca10040_s212/nrfx_clock.o
                0x000000000001603c                m_nrf_log_CLOCK_logs_data_const
 .log_const_data_GPIOTE
                0x0000000000016044        0x8 Output/Release/Obj/ant_broadcast_rx_pca10040_s212/nrfx_gpiote.o
                0x0000000000016044                m_nrf_log_GPIOTE_logs_data_const
 .log_const_data_PRS
                0x000000000001604c        0x8 Output/Release/Obj/ant_broadcast_rx_pca10040_s212/nrfx_prs.o
                0x000000000001604c                m_nrf_log_PRS_logs_data_const
 .log_const_data_UART
                0x0000000000016054        0x8 Output/Release/Obj/ant_broadcast_rx_pca10040_s212/nrfx_uart.o
                0x0000000000016054                m_nrf_log_UART_logs_data_const
 .log_const_data_UARTE
                0x000000000001605c        0x8 Output/Release/Obj/ant_broadcast_rx_pca10040_s212/nrfx_uarte.o
                0x000000000001605c                m_nrf_log_UARTE_logs_data_const
 .log_const_data_app
                0x0000000000016064        0x8 Output/Release/Obj/ant_broadcast_rx_pca10040_s212/nrf_log_frontend.o
                0x0000000000016064                m_nrf_log_app_logs_data_const
 .log_const_data_app_button
                0x000000000001606c        0x8 Output/Release/Obj/ant_broadcast_rx_pca10040_s212/app_button.o
                0x000000000001606c                m_nrf_log_app_button_logs_data_const
 .log_const_data_app_timer
                0x0000000000016074        0x8 Output/Release/Obj/ant_broadcast_rx_pca10040_s212/app_timer2.o
                0x0000000000016074                m_nrf_log_app_timer_logs_data_const
 .log_const_data_clock
                0x000000000001607c        0x8 Output/Release/Obj/ant_broadcast_rx_pca10040_s212/nrf_drv_clock.o
                0x000000000001607c                m_nrf_log_clock_logs_data_const
 .log_const_data_hardfault
                0x0000000000016084        0x8 Output/Release/Obj/ant_broadcast_rx_pca10040_s212/hardfault_implementation.o
                0x0000000000016084                m_nrf_log_hardfault_logs_data_const
 .log_const_data_nrf_sdh
                0x000000000001608c        0x8 Output/Release/Obj/ant_broadcast_rx_pca10040_s212/nrf_sdh.o
                0x000000000001608c                m_nrf_log_nrf_sdh_logs_data_const
 .log_const_data_nrf_sdh_ant
                0x0000000000016094        0x8 Output/Release/Obj/ant_broadcast_rx_pca10040_s212/nrf_sdh_ant.o
                0x0000000000016094                m_nrf_log_nrf_sdh_ant_logs_data_const
 .log_const_data_pwr_mgmt
                0x000000000001609c        0x8 Output/Release/Obj/ant_broadcast_rx_pca10040_s212/nrf_pwr_mgmt.o
                0x000000000001609c                m_nrf_log_pwr_mgmt_logs_data_const
 .log_const_data_sortlist
                0x00000000000160a4        0x8 Output/Release/Obj/ant_broadcast_rx_pca10040_s212/nrf_sortlist.o
                0x00000000000160a4                m_nrf_log_sortlist_logs_data_const
                0x00000000000160ac                __log_const_data_end__ = (__log_const_data_start__ + SIZEOF (.log_const_data))
                0x0000000000000070                __log_const_data_size__ = SIZEOF (.log_const_data)
                0x00000000000160ac                __stop_log_const_data = __log_const_data_end__
                0x00000000000160ac                __log_const_data_load_end__ = __log_const_data_end__
                0x0000000000000001                . = ASSERT (((__log_const_data_start__ == __log_const_data_end__) || ((__log_const_data_end__ - __FLASH1_segment_start__) <= __FLASH1_segment_size__)), error: .log_const_data is too large to fit in FLASH1 memory segment)
                0x00000000000160ac                __sdh_req_observers_load_start__ = ALIGN (__log_const_data_end__, 0x4)

.sdh_req_observers
                0x00000000000160ac        0x0
                0x00000000000160ac                __sdh_req_observers_start__ = .
                0x00000000000160ac                __start_sdh_req_observers = __sdh_req_observers_start__
 *(SORT_BY_NAME(.sdh_req_observers*))
                0x00000000000160ac                __sdh_req_observers_end__ = (__sdh_req_observers_start__ + SIZEOF (.sdh_req_observers))
                0x0000000000000000                __sdh_req_observers_size__ = SIZEOF (.sdh_req_observers)
                0x00000000000160ac                __stop_sdh_req_observers = __sdh_req_observers_end__
                0x00000000000160ac                __sdh_req_observers_load_end__ = __sdh_req_observers_end__
                0x0000000000000001                . = ASSERT (((__sdh_req_observers_start__ == __sdh_req_observers_end__) || ((__sdh_req_observers_end__ - __FLASH1_segment_start__) <= __FLASH1_segment_size__)), error: .sdh_req_observers is too large to fit in FLASH1 memory segment)
                0x00000000000160ac                __sdh_state_observers_load_start__ = ALIGN (__sdh_req_observers_end__, 0x4)

.sdh_state_observers
                0x00000000000160ac        0x8
                0x00000000000160ac                __sdh_state_observers_start__ = .
                0x00000000000160ac                __start_sdh_state_observers = __sdh_state_observers_start__
 *(SORT_BY_NAME(.sdh_state_observers*))
 .sdh_state_observers0
                0x00000000000160ac        0x8 Output/Release/Obj/ant_broadcast_rx_pca10040_s212/nrf_drv_clock.o
                0x00000000000160b4                __sdh_state_observers_end__ = (__sdh_state_observers_start__ + SIZEOF (.sdh_state_observers))
                0x0000000000000008                __sdh_state_observers_size__ = SIZEOF (.sdh_state_observers)
                0x00000000000160b4                __stop_sdh_state_observers = __sdh_state_observers_end__
                0x00000000000160b4                __sdh_state_observers_load_end__ = __sdh_state_observers_end__
                0x0000000000000001                . = ASSERT (((__sdh_state_observers_start__ == __sdh_state_observers_end__) || ((__sdh_state_observers_end__ - __FLASH1_segment_start__) <= __FLASH1_segment_size__)), error: .sdh_state_observers is too large to fit in FLASH1 memory segment)
                0x00000000000160b4                __sdh_stack_observers_load_start__ = ALIGN (__sdh_state_observers_end__, 0x4)

.sdh_stack_observers
                0x00000000000160b4        0x8
                0x00000000000160b4                __sdh_stack_observers_start__ = .
                0x00000000000160b4                __start_sdh_stack_observers = __sdh_stack_observers_start__
 *(SORT_BY_NAME(.sdh_stack_observers*))
 .sdh_stack_observers0
                0x00000000000160b4        0x8 Output/Release/Obj/ant_broadcast_rx_pca10040_s212/nrf_sdh_ant.o
                0x00000000000160bc                __sdh_stack_observers_end__ = (__sdh_stack_observers_start__ + SIZEOF (.sdh_stack_observers))
                0x0000000000000008                __sdh_stack_observers_size__ = SIZEOF (.sdh_stack_observers)
                0x00000000000160bc                __stop_sdh_stack_observers = __sdh_stack_observers_end__
                0x00000000000160bc                __sdh_stack_observers_load_end__ = __sdh_stack_observers_end__
                0x0000000000000001                . = ASSERT (((__sdh_stack_observers_start__ == __sdh_stack_observers_end__) || ((__sdh_stack_observers_end__ - __FLASH1_segment_start__) <= __FLASH1_segment_size__)), error: .sdh_stack_observers is too large to fit in FLASH1 memory segment)
                0x00000000000160bc                __log_backends_load_start__ = ALIGN (__sdh_stack_observers_end__, 0x4)

.log_backends   0x00000000000160bc       0x10
                0x00000000000160bc                __log_backends_start__ = .
                0x00000000000160bc                __start_log_backends = __log_backends_start__
 *(SORT_BY_NAME(.log_backends*))
 .log_backends  0x00000000000160bc       0x10 Output/Release/Obj/ant_broadcast_rx_pca10040_s212/nrf_log_default_backends.o
                0x00000000000160cc                __log_backends_end__ = (__log_backends_start__ + SIZEOF (.log_backends))
                0x0000000000000010                __log_backends_size__ = SIZEOF (.log_backends)
                0x00000000000160cc                __stop_log_backends = __log_backends_end__
                0x00000000000160cc                __log_backends_load_end__ = __log_backends_end__
                0x0000000000000001                . = ASSERT (((__log_backends_start__ == __log_backends_end__) || ((__log_backends_end__ - __FLASH1_segment_start__) <= __FLASH1_segment_size__)), error: .log_backends is too large to fit in FLASH1 memory segment)
                0x00000000000160cc                __nrf_balloc_load_start__ = ALIGN (__log_backends_end__, 0x4)

.nrf_balloc     0x00000000000160cc       0x14
                0x00000000000160cc                __nrf_balloc_start__ = .
                0x00000000000160cc                __start_nrf_balloc = __nrf_balloc_start__
 *(.nrf_balloc*)
 .nrf_balloc    0x00000000000160cc       0x14 Output/Release/Obj/ant_broadcast_rx_pca10040_s212/nrf_log_frontend.o
                0x00000000000160cc                log_mempool
                0x00000000000160e0                __nrf_balloc_end__ = (__nrf_balloc_start__ + SIZEOF (.nrf_balloc))
                0x0000000000000014                __nrf_balloc_size__ = SIZEOF (.nrf_balloc)
                0x00000000000160e0                __stop_nrf_balloc = __nrf_balloc_end__
                0x00000000000160e0                __nrf_balloc_load_end__ = __nrf_balloc_end__
                0x0000000000000001                . = ASSERT (((__nrf_balloc_start__ == __nrf_balloc_end__) || ((__nrf_balloc_end__ - __FLASH1_segment_start__) <= __FLASH1_segment_size__)), error: .nrf_balloc is too large to fit in FLASH1 memory segment)
                0x00000000000160e0                __nrf_sections_load_start__ = ALIGN (__nrf_balloc_end__, 0x4)

.nrf_sections   0x00000000000160e0        0x0
                0x00000000000160e0                __nrf_sections_start__ = .
                0x00000000000160e0                __start_nrf_sections = __nrf_sections_start__
 *(.nrf_sections .nrf_sections.*)
                0x00000000000160e0                __nrf_sections_end__ = (__nrf_sections_start__ + SIZEOF (.nrf_sections))
                0x0000000000000000                __nrf_sections_size__ = SIZEOF (.nrf_sections)
                0x00000000000160e0                __nrf_sections_load_end__ = __nrf_sections_end__
                0x0000000000000001                . = ASSERT (((__nrf_sections_start__ == __nrf_sections_end__) || ((__nrf_sections_end__ - __FLASH1_segment_start__) <= __FLASH1_segment_size__)), error: .nrf_sections is too large to fit in FLASH1 memory segment)
                0x00000000000160e0                __log_dynamic_data_load_start__ = ALIGN (__nrf_sections_end__, 0x4)

.log_dynamic_data
                0x0000000020000b80        0x0 load address 0x00000000000160e0
                0x0000000020000b80                __log_dynamic_data_start__ = .
 *(SORT_BY_NAME(.log_dynamic_data*))
                0x0000000020000b80                __log_dynamic_data_end__ = (__log_dynamic_data_start__ + SIZEOF (.log_dynamic_data))
                0x0000000000000000                __log_dynamic_data_size__ = SIZEOF (.log_dynamic_data)
                0x00000000000160e0                __log_dynamic_data_load_end__ = (__log_dynamic_data_load_start__ + SIZEOF (.log_dynamic_data))
                0x0000000000000001                . = ASSERT (((__log_dynamic_data_load_start__ == __log_dynamic_data_load_end__) || ((__log_dynamic_data_load_end__ - __FLASH1_segment_start__) <= __FLASH1_segment_size__)), error: .log_dynamic_data is too large to fit in FLASH1 memory segment)

.log_dynamic_data_run
                0x0000000020000b80        0x0
                0x0000000020000b80                __log_dynamic_data_run_start__ = .
                0x0000000020000b80                __start_log_dynamic_data = __log_dynamic_data_run_start__
                0x0000000020000b80                __log_dynamic_data_run_end__ = (__log_dynamic_data_run_start__ + SIZEOF (.log_dynamic_data))
                0x0000000000000000                __log_dynamic_data_run_size__ = (__log_dynamic_data_run_end__ - __log_dynamic_data_run_start__)
                0x0000000020000b80                __stop_log_dynamic_data = __log_dynamic_data_run_end__
                0x0000000020000b80                __log_dynamic_data_run_load_end__ = __log_dynamic_data_run_end__
                0x0000000000000001                . = ASSERT (((__log_dynamic_data_run_start__ == __log_dynamic_data_run_end__) || ((__log_dynamic_data_run_end__ - __RAM1_segment_start__) <= __RAM1_segment_size__)), error: .log_dynamic_data_run is too large to fit in RAM1 memory segment)
                0x00000000000160e0                __log_filter_data_load_start__ = ALIGN ((__log_dynamic_data_load_start__ + SIZEOF (.log_dynamic_data)), 0x4)

.log_filter_data
                0x0000000020000b80        0x0 load address 0x00000000000160e0
                0x0000000020000b80                __log_filter_data_start__ = .
 *(SORT_BY_NAME(.log_filter_data*))
                0x0000000020000b80                __log_filter_data_end__ = (__log_filter_data_start__ + SIZEOF (.log_filter_data))
                0x0000000000000000                __log_filter_data_size__ = SIZEOF (.log_filter_data)
                0x00000000000160e0                __log_filter_data_load_end__ = (__log_filter_data_load_start__ + SIZEOF (.log_filter_data))
                0x0000000000000001                . = ASSERT (((__log_filter_data_load_start__ == __log_filter_data_load_end__) || ((__log_filter_data_load_end__ - __FLASH1_segment_start__) <= __FLASH1_segment_size__)), error: .log_filter_data is too large to fit in FLASH1 memory segment)

.log_filter_data_run
                0x0000000020000b80        0x0
                0x0000000020000b80                __log_filter_data_run_start__ = .
                0x0000000020000b80                __start_log_filter_data = __log_filter_data_run_start__
                0x0000000020000b80                __log_filter_data_run_end__ = (__log_filter_data_run_start__ + SIZEOF (.log_filter_data))
                0x0000000000000000                __log_filter_data_run_size__ = (__log_filter_data_run_end__ - __log_filter_data_run_start__)
                0x0000000020000b80                __stop_log_filter_data = __log_filter_data_run_end__
                0x0000000020000b80                __log_filter_data_run_load_end__ = __log_filter_data_run_end__
                0x0000000000000001                . = ASSERT (((__log_filter_data_run_start__ == __log_filter_data_run_end__) || ((__log_filter_data_run_end__ - __RAM1_segment_start__) <= __RAM1_segment_size__)), error: .log_filter_data_run is too large to fit in RAM1 memory segment)
                0x0000000020000b80                __nrf_sections_run_end_load_start__ = ALIGN (__log_filter_data_run_end__, 0x4)

.nrf_sections_run_end
                0x0000000020000b80        0x0
                0x0000000020000b80                __nrf_sections_run_end_start__ = .
                0x0000000020000b80                __end_nrf_sections_run = __nrf_sections_run_end_start__
 *(.nrf_sections_run_end .nrf_sections_run_end.*)
                0x0000000020000b80                __nrf_sections_run_end_end__ = (__nrf_sections_run_end_start__ + SIZEOF (.nrf_sections_run_end))
                0x0000000000000000                __nrf_sections_run_end_size__ = SIZEOF (.nrf_sections_run_end)
                0x0000000020000b80                __nrf_sections_run_end_load_end__ = __nrf_sections_run_end_end__
                0x0000000000000001                . = ASSERT (((__nrf_sections_run_end_start__ == __nrf_sections_run_end_end__) || ((__nrf_sections_run_end_end__ - __RAM1_segment_start__) <= __RAM1_segment_size__)), error: .nrf_sections_run_end is too large to fit in RAM1 memory segment)
                0x00000000000160e0                __dtors_load_start__ = ALIGN ((__log_filter_data_load_start__ + SIZEOF (.log_filter_data)), 0x4)

.dtors          0x00000000000160e0        0x0
                0x00000000000160e0                __dtors_start__ = .
 *(SORT_BY_NAME(.dtors.*))
 *(.dtors)
 *(.fini_array)
 *(SORT_BY_NAME(.fini_array.*))
                0x00000000000160e0                __dtors_end__ = (__dtors_start__ + SIZEOF (.dtors))
                0x0000000000000000                __dtors_size__ = SIZEOF (.dtors)
                0x00000000000160e0                __dtors_load_end__ = __dtors_end__
                0x0000000000000001                . = ASSERT (((__dtors_start__ == __dtors_end__) || ((__dtors_end__ - __FLASH1_segment_start__) <= __FLASH1_segment_size__)), error: .dtors is too large to fit in FLASH1 memory segment)
                0x00000000000160e0                __ctors_load_start__ = ALIGN (__dtors_end__, 0x4)

.ctors          0x00000000000160e0        0x0
                0x00000000000160e0                __ctors_start__ = .
 *(SORT_BY_NAME(.ctors.*))
 *(.ctors)
 *(.init_array)
 *(SORT_BY_NAME(.init_array.*))
                0x00000000000160e0                __ctors_end__ = (__ctors_start__ + SIZEOF (.ctors))
                0x0000000000000000                __ctors_size__ = SIZEOF (.ctors)
                0x00000000000160e0                __ctors_load_end__ = __ctors_end__
                0x0000000000000001                . = ASSERT (((__ctors_start__ == __ctors_end__) || ((__ctors_end__ - __FLASH1_segment_start__) <= __FLASH1_segment_size__)), error: .ctors is too large to fit in FLASH1 memory segment)
                0x00000000000160e0                __rodata_load_start__ = ALIGN (__ctors_end__, 0x4)

.rodata         0x00000000000160e0     0x1075
                0x00000000000160e0                __rodata_start__ = .
 *(.rodata .rodata.* .gnu.linkonce.r.*)
 .rodata.main.str1.1
                0x00000000000160e0       0x22 Output/Release/Obj/ant_broadcast_rx_pca10040_s212/main.o
 .rodata        0x0000000000016102        0xc Output/Release/Obj/ant_broadcast_rx_pca10040_s212/main.o
 .rodata.m_board_led_list
                0x000000000001610e        0x4 Output/Release/Obj/ant_broadcast_rx_pca10040_s212/boards.o
 *fill*         0x0000000000016112        0x2 
 .rodata.app_buttons
                0x0000000000016114       0x20 Output/Release/Obj/ant_broadcast_rx_pca10040_s212/bsp.o
 .rodata.m_bsp_alert_tmr
                0x0000000000016134        0x4 Output/Release/Obj/ant_broadcast_rx_pca10040_s212/bsp.o
 .rodata.m_bsp_button_tmr
                0x0000000000016138        0x4 Output/Release/Obj/ant_broadcast_rx_pca10040_s212/bsp.o
 .rodata.m_bsp_leds_tmr
                0x000000000001613c        0x4 Output/Release/Obj/ant_broadcast_rx_pca10040_s212/bsp.o
 .rodata.CSWTCH.15
                0x0000000000016140        0x5 Output/Release/Obj/ant_broadcast_rx_pca10040_s212/system_nrf52.o
 .rodata.CSWTCH.19
                0x0000000000016145        0x5 Output/Release/Obj/ant_broadcast_rx_pca10040_s212/system_nrf52.o
 .rodata.CSWTCH.21
                0x000000000001614a        0x5 Output/Release/Obj/ant_broadcast_rx_pca10040_s212/system_nrf52.o
 .rodata.CSWTCH.5
                0x000000000001614f        0x5 Output/Release/Obj/ant_broadcast_rx_pca10040_s212/system_nrf52.o
 .rodata.str1.1
                0x0000000000016154        0x7 Output/Release/Obj/ant_broadcast_rx_pca10040_s212/nrfx_gpiote.o
 .rodata.str1.1
                0x000000000001615b        0x4 Output/Release/Obj/ant_broadcast_rx_pca10040_s212/nrfx_prs.o
 .rodata.str1.1
                0x000000000001615f        0x5 Output/Release/Obj/ant_broadcast_rx_pca10040_s212/nrfx_uart.o
 .rodata.str1.1
                0x0000000000016164        0x6 Output/Release/Obj/ant_broadcast_rx_pca10040_s212/nrfx_uarte.o
 .rodata.str1.1
                0x000000000001616a        0x6 Output/Release/Obj/ant_broadcast_rx_pca10040_s212/nrf_drv_clock.o
 .rodata.str1.1
                0x0000000000016170        0x6 Output/Release/Obj/ant_broadcast_rx_pca10040_s212/nrfx_clock.o
 .rodata.str1.1
                0x0000000000016176        0xb Output/Release/Obj/ant_broadcast_rx_pca10040_s212/app_button.o
 *fill*         0x0000000000016181        0x3 
 .rodata.m_detection_delay_timer_id
                0x0000000000016184        0x4 Output/Release/Obj/ant_broadcast_rx_pca10040_s212/app_button.o
 .rodata.app_error_fault_handler.str1.1
                0x0000000000016188       0x19 Output/Release/Obj/ant_broadcast_rx_pca10040_s212/app_error_weak.o
 .rodata.str1.1
                0x00000000000161a1        0xa Output/Release/Obj/ant_broadcast_rx_pca10040_s212/app_timer2.o
 *fill*         0x00000000000161ab        0x1 
 .rodata        0x00000000000161ac        0x4 Output/Release/Obj/ant_broadcast_rx_pca10040_s212/app_timer2.o
 .rodata.m_app_timer_sortlist
                0x00000000000161b0        0xc Output/Release/Obj/ant_broadcast_rx_pca10040_s212/app_timer2.o
 .rodata.drv_rtc_init.str1.1
                0x00000000000161bc       0x34 Output/Release/Obj/ant_broadcast_rx_pca10040_s212/drv_rtc.o
 .rodata.delay_machine_code.0
                0x00000000000161f0        0x6 Output/Release/Obj/ant_broadcast_rx_pca10040_s212/drv_rtc.o
 .rodata.HardFault_c_handler.str1.1
                0x00000000000161f6      0x12e Output/Release/Obj/ant_broadcast_rx_pca10040_s212/hardfault_implementation.o
 .rodata.str1.1
                0x0000000000016324      0x4c0 Output/Release/Obj/ant_broadcast_rx_pca10040_s212/hardfault_implementation.o
 .rodata.cfsr_msgs.0
                0x00000000000167e4       0x68 Output/Release/Obj/ant_broadcast_rx_pca10040_s212/hardfault_implementation.o
 .rodata._aV2C.0
                0x000000000001684c       0x10 Output/Release/Obj/ant_broadcast_rx_pca10040_s212/nrf_fprintf_format.o
 .rodata.str1.1
                0x000000000001685c        0x9 Output/Release/Obj/ant_broadcast_rx_pca10040_s212/nrf_pwr_mgmt.o
 *fill*         0x0000000000016865        0x3 
 .rodata.pwr_mgmt_data
                0x0000000000016868        0xc Output/Release/Obj/ant_broadcast_rx_pca10040_s212/nrf_pwr_mgmt.o
 .rodata.str1.1
                0x0000000000016874        0x9 Output/Release/Obj/ant_broadcast_rx_pca10040_s212/nrf_sortlist.o
 .rodata.str1.1
                0x000000000001687d      0x3ba Output/Release/Obj/ant_broadcast_rx_pca10040_s212/nrf_strerror.o
 .rodata.m_unknown_str
                0x0000000000016c37       0x13 Output/Release/Obj/ant_broadcast_rx_pca10040_s212/nrf_strerror.o
 *fill*         0x0000000000016c4a        0x2 
 .rodata.nrf_strerror_array
                0x0000000000016c4c      0x128 Output/Release/Obj/ant_broadcast_rx_pca10040_s212/nrf_strerror.o
 .rodata        0x0000000000016d74       0x20 Output/Release/Obj/ant_broadcast_rx_pca10040_s212/nrf_log_backend_uart.o
 .rodata.nrf_log_backend_uart_api
                0x0000000000016d94        0xc Output/Release/Obj/ant_broadcast_rx_pca10040_s212/nrf_log_backend_uart.o
                0x0000000000016d94                nrf_log_backend_uart_api
 .rodata.str1.1
                0x0000000000016da0       0x11 Output/Release/Obj/ant_broadcast_rx_pca10040_s212/nrf_log_default_backends.o
 .rodata.nrf_log_frontend_dequeue.str1.1
                0x0000000000016db1       0x11 Output/Release/Obj/ant_broadcast_rx_pca10040_s212/nrf_log_frontend.o
 .rodata.str1.1
                0x0000000000016dc2        0x4 Output/Release/Obj/ant_broadcast_rx_pca10040_s212/nrf_log_frontend.o
 *fill*         0x0000000000016dc6        0x2 
 .rodata.m_log_push_ringbuf
                0x0000000000016dc8        0xc Output/Release/Obj/ant_broadcast_rx_pca10040_s212/nrf_log_frontend.o
 .rodata.postfix_process.str1.1
                0x0000000000016dd4        0x8 Output/Release/Obj/ant_broadcast_rx_pca10040_s212/nrf_log_str_formatter.o
                                          0xb (size before relaxing)
 .rodata.prefix_process.constprop.0.str1.1
                0x0000000000016ddc       0x2a Output/Release/Obj/ant_broadcast_rx_pca10040_s212/nrf_log_str_formatter.o
 .rodata.nrf_log_hexdump_entry_process.str1.1
                0x0000000000016e06        0xf Output/Release/Obj/ant_broadcast_rx_pca10040_s212/nrf_log_str_formatter.o
                                         0x11 (size before relaxing)
 .rodata.str1.1
                0x0000000000016e15       0x4b Output/Release/Obj/ant_broadcast_rx_pca10040_s212/nrf_log_str_formatter.o
                                         0x51 (size before relaxing)
 .rodata.m_colors
                0x0000000000016e60       0x24 Output/Release/Obj/ant_broadcast_rx_pca10040_s212/nrf_log_str_formatter.o
 .rodata.severity_names
                0x0000000000016e84       0x14 Output/Release/Obj/ant_broadcast_rx_pca10040_s212/nrf_log_str_formatter.o
 .rodata.nrf_sdh_enable_request.str1.1
                0x0000000000016e98       0x28 Output/Release/Obj/ant_broadcast_rx_pca10040_s212/nrf_sdh.o
 .rodata.str1.1
                0x0000000000016ec0        0x8 Output/Release/Obj/ant_broadcast_rx_pca10040_s212/nrf_sdh.o
 .rodata        0x0000000000016ec8        0x4 Output/Release/Obj/ant_broadcast_rx_pca10040_s212/nrf_sdh.o
 .rodata.sdh_req_observers
                0x0000000000016ecc        0xc Output/Release/Obj/ant_broadcast_rx_pca10040_s212/nrf_sdh.o
 .rodata.sdh_stack_observers
                0x0000000000016ed8        0xc Output/Release/Obj/ant_broadcast_rx_pca10040_s212/nrf_sdh.o
 .rodata.sdh_state_observers
                0x0000000000016ee4        0xc Output/Release/Obj/ant_broadcast_rx_pca10040_s212/nrf_sdh.o
 .rodata.nrf_sdh_ant_enable.str1.1
                0x0000000000016ef0       0x1d Output/Release/Obj/ant_broadcast_rx_pca10040_s212/nrf_sdh_ant.o
 .rodata.str1.1
                0x0000000000016f0d        0xc Output/Release/Obj/ant_broadcast_rx_pca10040_s212/nrf_sdh_ant.o
 *fill*         0x0000000000016f19        0x3 
 .rodata        0x0000000000016f1c        0xc Output/Release/Obj/ant_broadcast_rx_pca10040_s212/nrf_sdh_ant.o
 .rodata.sdh_ant_observers
                0x0000000000016f28        0xc Output/Release/Obj/ant_broadcast_rx_pca10040_s212/nrf_sdh_ant.o
 .rodata.libc.__SEGGER_RTL_c_locale
                0x0000000000016f34        0xc C:/Program Files/SEGGER/SEGGER Embedded Studio for ARM 7.10a/lib/libc_v7em_fpv4_sp_d16_hard_t_le_eabi_balanced.a(mbops.o)
                0x0000000000016f34                __SEGGER_RTL_c_locale
 .rodata.libc..L.str
                0x0000000000016f40        0x2 C:/Program Files/SEGGER/SEGGER Embedded Studio for ARM 7.10a/lib/libc_v7em_fpv4_sp_d16_hard_t_le_eabi_balanced.a(mbops.o)
 *fill*         0x0000000000016f42        0x2 
 .rodata.libc.__SEGGER_RTL_codeset_ascii
                0x0000000000016f44       0x20 C:/Program Files/SEGGER/SEGGER Embedded Studio for ARM 7.10a/lib/libc_v7em_fpv4_sp_d16_hard_t_le_eabi_balanced.a(mbops.o)
                0x0000000000016f44                __SEGGER_RTL_codeset_ascii
 .rodata.libc.__SEGGER_RTL_c_locale_abbrev_day_names
                0x0000000000016f64       0x1d C:/Program Files/SEGGER/SEGGER Embedded Studio for ARM 7.10a/lib/libc_v7em_fpv4_sp_d16_hard_t_le_eabi_balanced.a(mbops.o)
                0x0000000000016f64                __SEGGER_RTL_c_locale_abbrev_day_names
 .rodata.libc.__SEGGER_RTL_c_locale_abbrev_month_names
                0x0000000000016f81       0x31 C:/Program Files/SEGGER/SEGGER Embedded Studio for ARM 7.10a/lib/libc_v7em_fpv4_sp_d16_hard_t_le_eabi_balanced.a(mbops.o)
                0x0000000000016f81                __SEGGER_RTL_c_locale_abbrev_month_names
 .rodata.libc.__SEGGER_RTL_data_utf8_period
                0x0000000000016fb2        0x2 C:/Program Files/SEGGER/SEGGER Embedded Studio for ARM 7.10a/lib/libc_v7em_fpv4_sp_d16_hard_t_le_eabi_balanced.a(mbops.o)
                0x0000000000016fb2                __SEGGER_RTL_data_utf8_period
 .rodata.libc.__SEGGER_RTL_data_empty_string
                0x0000000000016fb4        0x1 C:/Program Files/SEGGER/SEGGER Embedded Studio for ARM 7.10a/lib/libc_v7em_fpv4_sp_d16_hard_t_le_eabi_balanced.a(mbops.o)
                0x0000000000016fb4                __SEGGER_RTL_data_empty_string
 .rodata.libc.__SEGGER_RTL_c_locale_day_names
                0x0000000000016fb5       0x3a C:/Program Files/SEGGER/SEGGER Embedded Studio for ARM 7.10a/lib/libc_v7em_fpv4_sp_d16_hard_t_le_eabi_balanced.a(mbops.o)
 .rodata.libc.__SEGGER_RTL_c_locale_month_names
                0x0000000000016fef       0x57 C:/Program Files/SEGGER/SEGGER Embedded Studio for ARM 7.10a/lib/libc_v7em_fpv4_sp_d16_hard_t_le_eabi_balanced.a(mbops.o)
 .rodata.libc.__SEGGER_RTL_c_locale_am_pm_indicator
                0x0000000000017046        0x7 C:/Program Files/SEGGER/SEGGER Embedded Studio for ARM 7.10a/lib/libc_v7em_fpv4_sp_d16_hard_t_le_eabi_balanced.a(mbops.o)
 .rodata.libc.__SEGGER_RTL_c_locale_date_format
                0x000000000001704d        0x9 C:/Program Files/SEGGER/SEGGER Embedded Studio for ARM 7.10a/lib/libc_v7em_fpv4_sp_d16_hard_t_le_eabi_balanced.a(mbops.o)
 .rodata.libc.__SEGGER_RTL_c_locale_time_format
                0x0000000000017056        0x9 C:/Program Files/SEGGER/SEGGER Embedded Studio for ARM 7.10a/lib/libc_v7em_fpv4_sp_d16_hard_t_le_eabi_balanced.a(mbops.o)
 .rodata.libc.__SEGGER_RTL_c_locale_date_time_format
                0x000000000001705f        0xf C:/Program Files/SEGGER/SEGGER Embedded Studio for ARM 7.10a/lib/libc_v7em_fpv4_sp_d16_hard_t_le_eabi_balanced.a(mbops.o)
 *fill*         0x000000000001706e        0x2 
 .rodata.libc.__SEGGER_RTL_c_locale_data
                0x0000000000017070       0x58 C:/Program Files/SEGGER/SEGGER Embedded Studio for ARM 7.10a/lib/libc_v7em_fpv4_sp_d16_hard_t_le_eabi_balanced.a(mbops.o)
                0x0000000000017070                __SEGGER_RTL_c_locale_data
 .rodata.libc.__SEGGER_RTL_ascii_ctype_map
                0x00000000000170c8       0x80 C:/Program Files/SEGGER/SEGGER Embedded Studio for ARM 7.10a/lib/libc_v7em_fpv4_sp_d16_hard_t_le_eabi_balanced.a(mbops.o)
 .rodata.libc.__SEGGER_RTL_ascii_ctype_mask
                0x0000000000017148        0xd C:/Program Files/SEGGER/SEGGER Embedded Studio for ARM 7.10a/lib/libc_v7em_fpv4_sp_d16_hard_t_le_eabi_balanced.a(mbops.o)
                0x0000000000017155                __rodata_end__ = (__rodata_start__ + SIZEOF (.rodata))
                0x0000000000001075                __rodata_size__ = SIZEOF (.rodata)
                0x0000000000017155                __rodata_load_end__ = __rodata_end__

.rel.dyn        0x0000000000017158        0x0
 .rel.iplt      0x0000000000017158        0x0 Output/Release/Obj/ant_broadcast_rx_pca10040_s212/main.o
                0x0000000000000001                . = ASSERT (((__rodata_start__ == __rodata_end__) || ((__rodata_end__ - __FLASH1_segment_start__) <= __FLASH1_segment_size__)), error: .rodata is too large to fit in FLASH1 memory segment)
                0x0000000000017158                __ARM.exidx_load_start__ = ALIGN (__rodata_end__, 0x4)

.ARM.exidx      0x0000000000017158        0x0
                0x0000000000017158                __ARM.exidx_start__ = .
                0x0000000000017158                __exidx_start = __ARM.exidx_start__
 *(.ARM.exidx .ARM.exidx.*)
                0x0000000000017158                __ARM.exidx_end__ = (__ARM.exidx_start__ + SIZEOF (.ARM.exidx))
                0x0000000000000000                __ARM.exidx_size__ = SIZEOF (.ARM.exidx)
                0x0000000000017158                __exidx_end = __ARM.exidx_end__
                0x0000000000017158                __ARM.exidx_load_end__ = __ARM.exidx_end__
                0x0000000000000001                . = ASSERT (((__ARM.exidx_start__ == __ARM.exidx_end__) || ((__ARM.exidx_end__ - __FLASH1_segment_start__) <= __FLASH1_segment_size__)), error: .ARM.exidx is too large to fit in FLASH1 memory segment)
                0x0000000000017158                __fast_load_start__ = ALIGN (__ARM.exidx_end__, 0x4)

.fast           0x0000000020000b80        0x0 load address 0x0000000000017158
                0x0000000020000b80                __fast_start__ = .
 *(.fast .fast.*)
                0x0000000020000b80                __fast_end__ = (__fast_start__ + SIZEOF (.fast))
                0x0000000000000000                __fast_size__ = SIZEOF (.fast)
                0x0000000000017158                __fast_load_end__ = (__fast_load_start__ + SIZEOF (.fast))
                0x0000000000000001                . = ASSERT (((__fast_load_start__ == __fast_load_end__) || ((__fast_load_end__ - __FLASH1_segment_start__) <= __FLASH1_segment_size__)), error: .fast is too large to fit in FLASH1 memory segment)

.fast_run       0x0000000020000b80        0x0
                0x0000000020000b80                __fast_run_start__ = .
                0x0000000020000b80                __fast_run_end__ = (__fast_run_start__ + SIZEOF (.fast))
                0x0000000000000000                __fast_run_size__ = (__fast_run_end__ - __fast_run_start__)
                0x0000000020000b80                __fast_run_load_end__ = __fast_run_end__
                0x0000000000000001                . = ASSERT (((__fast_run_start__ == __fast_run_end__) || ((__fast_run_end__ - __RAM1_segment_start__) <= __RAM1_segment_size__)), error: .fast_run is too large to fit in RAM1 memory segment)
                0x0000000000017158                __data_load_start__ = ALIGN ((__fast_load_start__ + SIZEOF (.fast)), 0x4)

.data           0x0000000020000b80       0xc0 load address 0x0000000000017158
                0x0000000020000b80                __data_start__ = .
 *(.data .data.* .gnu.linkonce.d.*)
 .data.m_bsp_alert_tmr_data
                0x0000000020000b80       0x20 Output/Release/Obj/ant_broadcast_rx_pca10040_s212/bsp.o
 .data.m_bsp_button_tmr_data
                0x0000000020000ba0       0x20 Output/Release/Obj/ant_broadcast_rx_pca10040_s212/bsp.o
 .data.m_bsp_leds_tmr_data
                0x0000000020000bc0       0x20 Output/Release/Obj/ant_broadcast_rx_pca10040_s212/bsp.o
 .data.SystemCoreClock
                0x0000000020000be0        0x4 Output/Release/Obj/ant_broadcast_rx_pca10040_s212/system_nrf52.o
                0x0000000020000be0                SystemCoreClock
 *fill*         0x0000000020000be4        0x4 
 .data.m_detection_delay_timer_id_data
                0x0000000020000be8       0x20 Output/Release/Obj/ant_broadcast_rx_pca10040_s212/app_button.o
 .data.m_rtc_inst
                0x0000000020000c08        0x8 Output/Release/Obj/ant_broadcast_rx_pca10040_s212/app_timer2.o
 .data.m_uart   0x0000000020000c10       0x14 Output/Release/Obj/ant_broadcast_rx_pca10040_s212/nrf_log_backend_uart.o
                0x0000000020000c10                m_uart
 .data.log_backend_cb_uart_log_backend
                0x0000000020000c24        0x8 Output/Release/Obj/ant_broadcast_rx_pca10040_s212/nrf_log_default_backends.o
 .data.libc.__SEGGER_RTL_global_locale
                0x0000000020000c2c       0x14 C:/Program Files/SEGGER/SEGGER Embedded Studio for ARM 7.10a/lib/libc_v7em_fpv4_sp_d16_hard_t_le_eabi_balanced.a(mbops.o)
                0x0000000020000c2c                __SEGGER_RTL_global_locale
                0x0000000020000c2c                __RAL_global_locale
                0x0000000020000c40                __data_end__ = (__data_start__ + SIZEOF (.data))
                0x00000000000000c0                __data_size__ = SIZEOF (.data)
                0x0000000000017218                __data_load_end__ = (__data_load_start__ + SIZEOF (.data))

.igot.plt       0x0000000100000000        0x0
 .igot.plt      0x0000000100000000        0x0 Output/Release/Obj/ant_broadcast_rx_pca10040_s212/main.o
                0x0000000000000001                . = ASSERT (((__data_load_start__ == __data_load_end__) || ((__data_load_end__ - __FLASH1_segment_start__) <= __FLASH1_segment_size__)), error: .data is too large to fit in FLASH1 memory segment)

.data_run       0x0000000020000b80        0x0
                0x0000000020000b80                __data_run_start__ = .
                0x0000000020000c40                __data_run_end__ = (__data_run_start__ + SIZEOF (.data))
                0x00000000000000c0                __data_run_size__ = (__data_run_end__ - __data_run_start__)
                0x0000000020000c40                __data_run_load_end__ = __data_run_end__
                0x0000000000000001                . = ASSERT (((__data_run_start__ == __data_run_end__) || ((__data_run_end__ - __RAM1_segment_start__) <= __RAM1_segment_size__)), error: .data_run is too large to fit in RAM1 memory segment)
                0x0000000000017218                __tdata_load_start__ = ALIGN ((__data_load_start__ + SIZEOF (.data)), 0x4)

.tdata          0x0000000020000c40        0x0 load address 0x0000000000017218
                0x0000000020000c40                __tdata_start__ = .
 *(.tdata .tdata.*)
                0x0000000020000c40                __tdata_end__ = (__tdata_start__ + SIZEOF (.tdata))
                0x0000000000000000                __tdata_size__ = SIZEOF (.tdata)
                0x0000000000017218                __tdata_load_end__ = (__tdata_load_start__ + SIZEOF (.tdata))
                0x0000000000017218                __FLASH1_segment_used_end__ = (ALIGN ((__data_load_start__ + SIZEOF (.data)), 0x4) + SIZEOF (.tdata))
                0x0000000000017218                __FLASH1_segment_used_size__ = (__FLASH1_segment_used_end__ - __FLASH1_segment_start__)
                0x0000000000000001                . = ASSERT (((__tdata_load_start__ == __tdata_load_end__) || ((__tdata_load_end__ - __FLASH1_segment_start__) <= __FLASH1_segment_size__)), error: .tdata is too large to fit in FLASH1 memory segment)

.tdata_run      0x0000000020000c40        0x0
                0x0000000020000c40                __tdata_run_start__ = .
                0x0000000020000c40                __tdata_run_end__ = (__tdata_run_start__ + SIZEOF (.tdata))
                0x0000000000000000                __tdata_run_size__ = (__tdata_run_end__ - __tdata_run_start__)
                0x0000000020000c40                __tdata_run_load_end__ = __tdata_run_end__
                0x0000000000000001                . = ASSERT (((__tdata_run_start__ == __tdata_run_end__) || ((__tdata_run_end__ - __RAM1_segment_start__) <= __RAM1_segment_size__)), error: .tdata_run is too large to fit in RAM1 memory segment)
                0x0000000020000c40                __bss_load_start__ = ALIGN (__tdata_run_end__, 0x4)

.bss            0x0000000020000c40      0x830
                0x0000000020000c40                __bss_start__ = .
 *(.bss .bss.* .gnu.linkonce.b.*)
 .bss.current_long_push_pin_no.1
                0x0000000020000c40        0x1 Output/Release/Obj/ant_broadcast_rx_pca10040_s212/bsp.o
 .bss.m_alert_on
                0x0000000020000c41        0x1 Output/Release/Obj/ant_broadcast_rx_pca10040_s212/bsp.o
 .bss.m_events_list
                0x0000000020000c42        0xc Output/Release/Obj/ant_broadcast_rx_pca10040_s212/bsp.o
 *fill*         0x0000000020000c4e        0x2 
 .bss.m_indication_type
                0x0000000020000c50        0x4 Output/Release/Obj/ant_broadcast_rx_pca10040_s212/bsp.o
 .bss.m_leds_clear
                0x0000000020000c54        0x1 Output/Release/Obj/ant_broadcast_rx_pca10040_s212/bsp.o
 *fill*         0x0000000020000c55        0x3 
 .bss.m_registered_callback
                0x0000000020000c58        0x4 Output/Release/Obj/ant_broadcast_rx_pca10040_s212/bsp.o
 .bss.m_stable_state
                0x0000000020000c5c        0x1 Output/Release/Obj/ant_broadcast_rx_pca10040_s212/bsp.o
 .bss.release_event_at_push.0